I/BRCM-OMX( 1388): [OMX.brcm.video.h264.decoder]:startCodecSyncHandler: Started CodecSyncHandler thread...
I/BRCM-OMX( 1388): ([OMX.brcm.video.h264.decoder]:codecSyncHandler: codecSyncHandler thread exiting....
I/BRCM-OMX( 1388): [OMX.brcm.video.h264.decoder]:commandHandler: CommandHandler thread exiting....
I/default ( 1388): BcmOMX_ComponentInit(62): cComponentName<OMX.brcm.video.h264.encoder> 
I/default ( 1388): [OMX.brcm.video.h264.encoder]:getLogLevel: DEFAULT Component log level [info]
I/default ( 1388): Registered log category 'BRCM-OMX' with level info
I/BRCM-OMX( 1388): OMX.brcm.video.h264.encoder::OMX_BaseVideoEncAsync: ASYNC interface
I/default ( 1388): [OMX.brcm.video.h264.encoder]:OMX_BasePort: ENTER 
I/default ( 1388): [OMX.brcm.video.h264.encoder]:OMX_BasePort: EXIT 
I/default ( 1388): [OMX.brcm.video.h264.encoder]:getLogLevel: PORT-0, DEFAULT log level [warn]
I/default ( 1388): Registered log category 'BRCM-OMXVideoPort' with level warn
I/default ( 1388): [OMX.brcm.video.h264.encoder]:OMX_BasePort: ENTER 
I/default ( 1388): [OMX.brcm.video.h264.encoder]:OMX_BasePort: EXIT 
I/default ( 1388): [OMX.brcm.video.h264.encoder]:getLogLevel: PORT-1, DEFAULT log level [warn]
I/default ( 1388): Registered log category 'BRCM-OMXVideoPort' with level warn
I/BRCM-OMX( 1388): [OMX.brcm.video.h264.encoder]:startCommandHandler: Started commandHandler thread...
I/BRCM-OMX( 1388): OMX.brcm.video.h264.encoder::startCallbackHandler: Started Callback thread...
I/BRCM-OMX( 1388): (OMX.brcm.video.h264.encoder::callbackHandler: CallbackHandler thread exiting....
I/BRCM-OMX( 1388): [OMX.brcm.video.h264.encoder]:commandHandler: CommandHandler thread exiting....
I/BRCM-OMX( 1388): OMX.brcm.video.h264.encoder::~OMX_BaseVideoEncAsync: ENTER
I/default ( 1388): BcmOMX_ComponentInit(62): cComponentName<OMX.brcm.video.h264.hw.decoder> 
I/default ( 1388): [OMX.brcm.video.h264.hw.decoder]:getLogLevel: DEFAULT Component log level [info]
I/default ( 1388): Registered log category 'BRCM-OMX' with level info
I/BRCM-OMX( 1388): [OMX.brcm.video.h264.hw.decoder]:setupOutputPortSettings: property : 0
I/BRCM-OMX( 1388): OMX.brcm.video.h264.hw.decoder outputs YUV420
I/default ( 1388): [OMX.brcm.video.h264.hw.decoder]:OMX_BasePort: ENTER 
I/default ( 1388): [OMX.brcm.video.h264.hw.decoder]:OMX_BasePort: EXIT 
I/default ( 1388): [OMX.brcm.video.h264.hw.decoder]:getLogLevel: PORT-0, DEFAULT log level [warn]
I/default ( 1388): Registered log category 'BRCM-OMXVideoPort' with level warn
I/default ( 1388): [OMX.brcm.video.h264.hw.decoder]:OMX_BasePort: ENTER 
I/default ( 1388): [OMX.brcm.video.h264.hw.decoder]:OMX_BasePort: EXIT 
I/default ( 1388): [OMX.brcm.video.h264.hw.decoder]:getLogLevel: PORT-1, DEFAULT log level [warn]
I/default ( 1388): Registered log category 'BRCM-OMXVideoPort' with level warn
I/BRCM-OMX( 1388): [OMX.brcm.video.h264.hw.decoder]:startCommandHandler: Started commandHandler thread...
I/BRCM-OMX( 1388): OMX.brcm.video.h264.hw.decoder::startCallbackHandler: Started Callback thread...
I/BRCM-OMX( 1388): OMX.brcm.video.h264.hw.decoder::teardownDecoder EXIT
I/BRCM-OMX( 1388): (OMX.brcm.video.h264.hw.decoder::callbackHandler: CallbackHandler thread exiting....
I/BRCM-OMX( 1388): [OMX.brcm.video.h264.hw.decoder]:commandHandler: CommandHandler thread exiting....
I/default ( 1388): BcmOMX_ComponentInit(62): cComponentName<OMX.brcm.video.h264.hw.encoder> 
I/default ( 1388): [OMX.brcm.video.h264.hw.encoder]:getLogLevel: DEFAULT Component log level [info]
I/default ( 1388): Registered log category 'BRCM-OMX' with level info
I/BRCM-OMX( 1388): [OMX.brcm.video.h264.hw.encoder]:OMX_BaseComponentSync: SYNC interface
D/        ( 1388): mem_init ++
D/        ( 1388): gHwMemAllocator client 3
D/        ( 1388): **** Using ION allocator ****
D/        ( 1388): registered SIGUSR1[10] for pid[1388]
D/        ( 1388): HwMemAllocatorImpl Static Counters 0 0
D/        ( 1388): HwMemAllocatorImpl[41469d5c] totalDeviceAllocSize[0] totalFree[0] maxFree[0] in numSlabs[0]
D/        ( 1388): mem_init 41469d5c--
I/BRCM-OMX( 1388): [OMX.brcm.video.h264.hw.encoder]:OMX_BaseVideoEncHw: SYNC interface
I/default ( 1388): [OMX.brcm.video.h264.hw.encoder]:OMX_BasePort: ENTER 
I/default ( 1388): [OMX.brcm.video.h264.hw.encoder]:OMX_BasePort: EXIT 
I/default ( 1388): [OMX.brcm.video.h264.hw.encoder]:getLogLevel: PORT-0, DEFAULT log level [warn]
I/default ( 1388): Registered log category 'BRCM-OMXVideoPort' with level warn
I/default ( 1388): [OMX.brcm.video.h264.hw.encoder]:OMX_BasePort: ENTER 
I/default ( 1388): [OMX.brcm.video.h264.hw.encoder]:OMX_BasePort: EXIT 
I/default ( 1388): [OMX.brcm.video.h264.hw.encoder]:getLogLevel: PORT-1, DEFAULT log level [warn]
I/default ( 1388): Registered log category 'BRCM-OMXVideoPort' with level warn
I/default ( 1388): Registered log category 'venc' with level error
I/BRCM-OMX( 1388): [OMX.brcm.video.h264.hw.encoder]:startCommandHandler: Started commandHandler thread...
I/BRCM-OMX( 1388): [OMX.brcm.video.h264.hw.encoder]:startCodecSyncHandler: Started CodecSyncHandler thread...
I/BRCM-OMX( 1388): ([OMX.brcm.video.h264.hw.encoder]:codecSyncHandler: codecSyncHandler thread exiting....
I/BRCM-OMX( 1388): [OMX.brcm.video.h264.hw.encoder]:commandHandler: CommandHandler thread exiting....
D/        ( 1388): mem_term (41469d5c,3) ++
D/        ( 1388): HwMemAllocatorImpl Static Counters 0 0
D/        ( 1388): HwMemAllocatorImpl[41469d5c] totalDeviceAllocSize[0] totalFree[0] maxFree[0] in numSlabs[0]
D/        ( 1388): mem_term --
I/default ( 1388): BcmOMX_ComponentInit(62): cComponentName<OMX.brcm.video.mpeg4.decoder> 
I/default ( 1388): [OMX.brcm.video.mpeg4.decoder]:getLogLevel: DEFAULT Component log level [info]
I/default ( 1388): Registered log category 'BRCM-OMX' with level info
I/BRCM-OMX( 1388): OMX.brcm.video.mpeg4.decoder::OMX_BaseVideoDecAsync: ASYNC OMX ALLOCATED ZERO COPY...
I/BRCM-OMX( 1388): componentInit current PM scaling governor performance setting to ondemand.
I/default ( 1388): [OMX.brcm.video.mpeg4.decoder]:OMX_BasePort: ENTER 
I/default ( 1388): [OMX.brcm.video.mpeg4.decoder]:OMX_BasePort: EXIT 
I/default ( 1388): [OMX.brcm.video.mpeg4.decoder]:getLogLevel: PORT-0, DEFAULT log level [warn]
I/default ( 1388): Registered log category 'BRCM-OMXVideoPort' with level warn
I/default ( 1388): [OMX.brcm.video.mpeg4.decoder]:OMX_BasePort: ENTER 
I/default ( 1388): [OMX.brcm.video.mpeg4.decoder]:OMX_BasePort: EXIT 
I/default ( 1388): [OMX.brcm.video.mpeg4.decoder]:getLogLevel: PORT-1, DEFAULT log level [warn]
I/default ( 1388): Registered log category 'BRCM-OMXVideoPort' with level warn
I/BRCM-OMX( 1388): [OMX.brcm.video.mpeg4.decoder]:startCommandHandler: Started commandHandler thread...
I/BRCM-OMX( 1388): OMX.brcm.video.mpeg4.decoder::startCallbackHandler: Started Callback thread...
I/BRCM-OMX( 1388): OMX.brcm.video.mpeg4.decoder::teardownDecoder ENTER
I/BRCM-OMX( 1388): OMX.brcm.video.mpeg4.decoder::teardownDecoder EXIT
I/BRCM-OMX( 1388): (OMX.brcm.video.mpeg4.decoder::callbackHandler: CallbackHandler thread exiting....
I/BRCM-OMX( 1388): [OMX.brcm.video.mpeg4.decoder]:commandHandler: CommandHandler thread exiting....
I/BRCM-OMX( 1388): componentDeInit revert PM scaling governor to performance
I/default ( 1388): BcmOMX_ComponentInit(62): cComponentName<OMX.brcm.video.mpeg4.encoder> 
I/default ( 1388): [OMX.brcm.video.mpeg4.encoder]:getLogLevel: DEFAULT Component log level [info]
I/default ( 1388): Registered log category 'BRCM-OMX' with level info
I/BRCM-OMX( 1388): OMX.brcm.video.mpeg4.encoder::OMX_BaseVideoEncAsync: ASYNC interface
I/default ( 1388): [OMX.brcm.video.mpeg4.encoder]:OMX_BasePort: ENTER 
I/default ( 1388): [OMX.brcm.video.mpeg4.encoder]:OMX_BasePort: EXIT 
I/default ( 1388): [OMX.brcm.video.mpeg4.encoder]:getLogLevel: PORT-0, DEFAULT log level [warn]
I/default ( 1388): Registered log category 'BRCM-OMXVideoPort' with level warn
I/default ( 1388): [OMX.brcm.video.mpeg4.encoder]:OMX_BasePort: ENTER 
I/default ( 1388): [OMX.brcm.video.mpeg4.encoder]:OMX_BasePort: EXIT 
I/default ( 1388): [OMX.brcm.video.mpeg4.encoder]:getLogLevel: PORT-1, DEFAULT log level [warn]
I/default ( 1388): Registered log category 'BRCM-OMXVideoPort' with level warn
I/BRCM-OMX( 1388): [OMX.brcm.video.mpeg4.encoder]:startCommandHandler: Started commandHandler thread...
I/BRCM-OMX( 1388): OMX.brcm.video.mpeg4.encoder::startCallbackHandler: Started Callback thread...
I/BRCM-OMX( 1388): (OMX.brcm.video.mpeg4.encoder::callbackHandler: CallbackHandler thread exiting....
I/BRCM-OMX( 1388): [OMX.brcm.video.mpeg4.encoder]:commandHandler: CommandHandler thread exiting....
I/BRCM-OMX( 1388): OMX.brcm.video.mpeg4.encoder::~OMX_BaseVideoEncAsync: ENTER
I/default ( 1388): BcmOMX_ComponentInit(62): cComponentName<OMX.brcm.video.mpeg4.hw.decoder> 
I/default ( 1388): [OMX.brcm.video.mpeg4.hw.decoder]:getLogLevel: DEFAULT Component log level [info]
I/default ( 1388): Registered log category 'BRCM-OMX' with level info
I/BRCM-OMX( 1388): OMX.brcm.video.mpeg4.hw.decoder outputs YUV420
I/default ( 1388): [OMX.brcm.video.mpeg4.hw.decoder]:OMX_BasePort: ENTER 
I/default ( 1388): [OMX.brcm.video.mpeg4.hw.decoder]:OMX_BasePort: EXIT 
I/default ( 1388): [OMX.brcm.video.mpeg4.hw.decoder]:getLogLevel: PORT-0, DEFAULT log level [warn]
I/default ( 1388): Registered log category 'BRCM-OMXVideoPort' with level warn
I/default ( 1388): [OMX.brcm.video.mpeg4.hw.decoder]:OMX_BasePort: ENTER 
I/default ( 1388): [OMX.brcm.video.mpeg4.hw.decoder]:OMX_BasePort: EXIT 
I/default ( 1388): [OMX.brcm.video.mpeg4.hw.decoder]:getLogLevel: PORT-1, DEFAULT log level [warn]
I/default ( 1388): Registered log category 'BRCM-OMXVideoPort' with level warn
I/BRCM-OMX( 1388): [OMX.brcm.video.mpeg4.hw.decoder]:startCommandHandler: Started commandHandler thread...
I/BRCM-OMX( 1388): OMX.brcm.video.mpeg4.hw.decoder::startCallbackHandler: Started Callback thread...
I/BRCM-OMX( 1388): OMX.brcm.video.mpeg4.hw.decoder::teardownDecoder EXIT
I/BRCM-OMX( 1388): (OMX.brcm.video.mpeg4.hw.decoder::callbackHandler: CallbackHandler thread exiting....
I/BRCM-OMX( 1388): [OMX.brcm.video.mpeg4.hw.decoder]:commandHandler: CommandHandler thread exiting....
I/default ( 1388): BcmOMX_ComponentInit(62): cComponentName<OMX.brcm.video.vc1.hw.decoder> 
I/default ( 1388): [OMX.brcm.video.vc1.hw.decoder]:getLogLevel: DEFAULT Component log level [info]
I/default ( 1388): Registered log category 'BRCM-OMX' with level info
I/BRCM-OMX( 1388): OMX.brcm.video.vc1.hw.decoder outputs YUV420
I/default ( 1388): [OMX.brcm.video.vc1.hw.decoder]:OMX_BasePort: ENTER 
I/default ( 1388): [OMX.brcm.video.vc1.hw.decoder]:OMX_BasePort: EXIT 
I/default ( 1388): [OMX.brcm.video.vc1.hw.decoder]:getLogLevel: PORT-0, DEFAULT log level [warn]
I/default ( 1388): Registered log category 'BRCM-OMXVideoPort' with level warn
I/default ( 1388): [OMX.brcm.video.vc1.hw.decoder]:OMX_BasePort: ENTER 
I/default ( 1388): [OMX.brcm.video.vc1.hw.decoder]:OMX_BasePort: EXIT 
I/default ( 1388): [OMX.brcm.video.vc1.hw.decoder]:getLogLevel: PORT-1, DEFAULT log level [warn]
I/default ( 1388): Registered log category 'BRCM-OMXVideoPort' with level warn
I/BRCM-OMX( 1388): [OMX.brcm.video.vc1.hw.decoder]:startCommandHandler: Started commandHandler thread...
I/BRCM-OMX( 1388): OMX.brcm.video.vc1.hw.decoder::startCallbackHandler: Started Callback thread...
I/BRCM-OMX( 1388): OMX.brcm.video.vc1.hw.decoder::teardownDecoder EXIT
I/BRCM-OMX( 1388): (OMX.brcm.video.vc1.hw.decoder::callbackHandler: CallbackHandler thread exiting....
I/BRCM-OMX( 1388): [OMX.brcm.video.vc1.hw.decoder]:commandHandler: CommandHandler thread exiting....
I/default ( 1388): BcmOMX_ComponentInit(62): cComponentName<OMX.brcm.video.vpx.decoder> 
I/default ( 1388): [OMX.brcm.video.vpx.decoder]:getLogLevel: DEFAULT Component log level [info]
I/default ( 1388): Registered log category 'BRCM-OMX' with level info
I/BRCM-OMX( 1388): [OMX.brcm.video.vpx.decoder]:OMX_BaseComponentSync: SYNC interface
I/default ( 1388): [OMX.brcm.video.vpx.decoder]:OMX_BasePort: ENTER 
I/default ( 1388): [OMX.brcm.video.vpx.decoder]:OMX_BasePort: EXIT 
I/default ( 1388): [OMX.brcm.video.vpx.decoder]:getLogLevel: PORT-0, DEFAULT log level [warn]
I/default ( 1388): Registered log category 'BRCM-OMXVideoPort' with level warn
I/default ( 1388): [OMX.brcm.video.vpx.decoder]:OMX_BasePort: ENTER 
I/default ( 1388): [OMX.brcm.video.vpx.decoder]:OMX_BasePort: EXIT 
I/default ( 1388): [OMX.brcm.video.vpx.decoder]:getLogLevel: PORT-1, DEFAULT log level [warn]
I/default ( 1388): Registered log category 'BRCM-OMXVideoPort' with level warn
I/BRCM-OMX( 1388): [OMX.brcm.video.vpx.decoder]:startCommandHandler: Started commandHandler thread...
I/BRCM-OMX( 1388): [OMX.brcm.video.vpx.decoder]:startCodecSyncHandler: Started CodecSyncHandler thread...
I/BRCM-OMX( 1388): ([OMX.brcm.video.vpx.decoder]:codecSyncHandler: codecSyncHandler thread exiting....
I/BRCM-OMX( 1388): [OMX.brcm.video.vpx.decoder]:commandHandler: CommandHandler thread exiting....
I/AwesomePlayer( 1388): AwesomePlayer: AWESOME SEEK LATENESS 500000 ms
I/AwesomePlayer( 1388): AwesomePlayer: AWESOME SEEK OPTION <SEEK_VIDEO_ONLY>
I/AwesomePlayer( 1388): AwesomePlayer: AWESOME LATENESS 200 ms
V/AwesomePlayer( 1388): setDefault
I/AwesomePlayer( 1388): reset
I/AwesomePlayer( 1388): cancel player events
V/AwesomePlayer( 1388): mAudioTrackVector clear
V/StagefrightPlayer( 1388): StagefrightPlayer
V/AwesomePlayer( 1388): setListener
V/StagefrightPlayer( 1388): initCheck
V/AwesomePlayer( 1388): AwesomePlayer running on behalf of uid 1013
V/AudioSink( 1388): AudioOutput(5)
I/AwesomePlayer( 1388): cancel player events
V/AwesomePlayer( 1388): mAudioTrackVector clear
I/AwesomePlayer( 1388): setDataSource_l(URL suppressed)
V/MediaPlayerService( 1388):  setDataSource
V/MediaPlayerService( 1388): [1] getParameter(1700)
V/MediaPlayer( 1586): MediaPlayer::setAudioStreamType
V/MediaPlayer( 1586): prepare
V/MediaPlayerService( 1388): [1] setAudioStreamType(1)
V/MediaPlayerService( 1388): [1] prepareAsync
V/AwesomePlayer( 1388): prepareAsync
V/AwesomePlayer( 1388): onPrepareAsyncEvent
E/        ( 1388): Failed to open file 'system/media/audio/ui/PowerOn.ogg'. (No such file or directory)
E/AwesomePlayer( 1388): cannot create dataSource
W/AwesomePlayer( 1388): onPrepareAsyncEvent() finishSetDataSource_l error(-2147483648)
W/AwesomePlayer( 1388): abortPrepare() mIsAsyncPrepare (1), err (-2147483648)
V/AwesomePlayer( 1388): notifyListner_l() msg (100-MEDIA_ERROR), ext1 (1), ext2 (-2147483648)
V/MediaPlayerService( 1388): [1] notify (0x420452d8, 100, 1, -2147483648)
V/MediaPlayer( 1586): message received msg=100, ext1=1, ext2=-2147483648
E/MediaPlayer( 1586): error (1, -2147483648)
V/MediaPlayer( 1586): signal application thread
V/MediaPlayer( 1586): prepare complete - status=1
V/AudioPolicyManagerBase( 1388): getParamFromPolicy  deviceInt = 1, situationInt = 8, situationVolume = 0.125000
V/SamsungPowerSound( 1586): getSettingVolume [0.000000]
V/MediaPlayer( 1586): MediaPlayer::setVolume(0.000000, 0.000000)
V/MediaPlayerService( 1388): [1] setVolume(0.000000, 0.000000)
V/AudioSink( 1388): setVolume(0.000000, 0.000000)
V/MediaPlayer( 1586): getDuration
E/MediaPlayer( 1586): Attempt to call getDuration without a valid mediaplayer
V/SamsungPowerSound( 1586): File duration : 0
V/MediaPlayer( 1586): start
E/MediaPlayer( 1586): start called in state 0
V/SamsungPowerSound( 1586): Vibrate mode
D/hawaii.hwcomposer( 1385): FBDevice::vsync called 60 times
D/hawaii.hwcomposer( 1385): FBDevice::post called 14 times
V/SamsungPowerSound( 1586): -------- SamsungPowerSoundPlayer Destructor ---------
D/hawaii.hwcomposer( 1385): FBDevice::vsync called 60 times
D/hawaii.hwcomposer( 1385): FBDevice::post called 18 times
D/hawaii.hwcomposer( 1385): FBDevice::vsync called 59 times
D/hawaii.hwcomposer( 1385): FBDevice::post called 19 times
V/AudioFlinger( 1388): thread 0x41f06008 type 0 TID 1654 going to sleep
V/AudioFlinger( 1388): thread 0x41d4b008 type 0 TID 1653 going to sleep
D/hawaii.hwcomposer( 1385): FBDevice::vsync called 60 times
D/hawaii.hwcomposer( 1385): FBDevice::post called 18 times
D/dalvikvm( 1655): Note: class Landroid/app/ActivityManagerNative; has 157 unimplemented (abstract) methods
D/hawaii.hwcomposer( 1385): FBDevice::vsync called 60 times
D/hawaii.hwcomposer( 1385): FBDevice::post called 18 times
D/hawaii.hwcomposer( 1385): FBDevice::vsync called 59 times
D/hawaii.hwcomposer( 1385): FBDevice::post called 19 times
D/dalvikvm( 1655): DexOpt: load 1119ms, verify+opt 4279ms, 4205348 bytes
D/hawaii.hwcomposer( 1385): FBDevice::vsync called 60 times
D/dalvikvm( 1386): DexOpt: --- END 'framework2.jar' (success) ---
D/dalvikvm( 1386): DEX prep '/system/framework/framework2.jar': unzip in 1061ms, rewrite 7031ms
I/dalvikvm( 1386): DexOpt: mismatch dep signature for '/data/dalvik-cache/system@framework@framework2.jar@classes.dex'
D/dalvikvm( 1386): ODEX file is stale or bad; removing and retrying (/data/dalvik-cache/system@framework@android.policy.jar@classes.dex)
D/hawaii.hwcomposer( 1385): FBDevice::post called 20 times
D/dalvikvm( 1386): DexOpt: --- BEGIN 'android.policy.jar' (bootstrap=1) ---
D/dalvikvm( 1729): Note: class Landroid/app/ActivityManagerNative; has 157 unimplemented (abstract) methods
D/hawaii.hwcomposer( 1385): FBDevice::vsync called 59 times
D/hawaii.hwcomposer( 1385): FBDevice::post called 20 times
I/dalvikvm( 1729): Interface method not part of interface class
D/dalvikvm( 1729): DexOpt: load 156ms, verify+opt 764ms, 2423676 bytes
D/dalvikvm( 1386): DexOpt: --- END 'android.policy.jar' (success) ---
D/dalvikvm( 1386): DEX prep '/system/framework/android.policy.jar': unzip in 63ms, rewrite 1143ms
I/dalvikvm( 1386): DexOpt: mismatch dep signature for '/data/dalvik-cache/system@framework@framework2.jar@classes.dex'
D/dalvikvm( 1386): ODEX file is stale or bad; removing and retrying (/data/dalvik-cache/system@framework@services.jar@classes.dex)
D/dalvikvm( 1386): DexOpt: --- BEGIN 'services.jar' (bootstrap=1) ---
D/dalvikvm( 1730): DexOpt: 'Lyi/R;' has an earlier definition; blocking out
D/dalvikvm( 1730): DexOpt: 'Lyi/R$attr;' has an earlier definition; blocking out
D/dalvikvm( 1730): DexOpt: 'Lyi/R$anim;' has an earlier definition; blocking out
D/dalvikvm( 1730): DexOpt: 'Lyi/R$dimen;' has an earlier definition; blocking out
D/dalvikvm( 1730): DexOpt: 'Lyi/R$style;' has an earlier definition; blocking out
D/dalvikvm( 1730): DexOpt: 'Lyi/R$array;' has an earlier definition; blocking out
D/dalvikvm( 1730): DexOpt: 'Lyi/R$integer;' has an earlier definition; blocking out
D/dalvikvm( 1730): DexOpt: 'Lyi/R$styleable;' has an earlier definition; blocking out
D/dalvikvm( 1730): DexOpt: 'Lyi/R$layout;' has an earlier definition; blocking out
D/dalvikvm( 1730): DexOpt: 'Lyi/R$drawable;' has an earlier definition; blocking out
D/dalvikvm( 1730): DexOpt: 'Lyi/R$id;' has an earlier definition; blocking out
D/dalvikvm( 1730): DexOpt: 'Lyi/R$color;' has an earlier definition; blocking out
D/dalvikvm( 1730): DexOpt: 'Lyi/R$string;' has an earlier definition; blocking out
D/dalvikvm( 1730): DexOpt: 'Lyi/util/YiSettings$System;' has an earlier definition; blocking out
D/dalvikvm( 1730): DexOpt: 'Lyi/util/YiSimpleDateFormat;' has an earlier definition; blocking out
D/dalvikvm( 1730): DexOpt: 'Lyi/util/LunarCalendarTranslator$OutOfLunarRangeException;' has an earlier definition; blocking out
D/dalvikvm( 1730): DexOpt: 'Lyi/util/MyLogger;' has an earlier definition; blocking out
D/dalvikvm( 1730): DexOpt: 'Lyi/util/IntentExtension;' has an earlier definition; blocking out
D/dalvikvm( 1730): DexOpt: 'Lyi/util/LunarCalendarTranslator;' has an earlier definition; blocking out
D/dalvikvm( 1730): DexOpt: 'Lyi/util/ViewHelper;' has an earlier definition; blocking out
D/dalvikvm( 1730): DexOpt: 'Lyi/util/DeviceManager;' has an earlier definition; blocking out
D/dalvikvm( 1730): DexOpt: 'Lyi/util/PackageManagerUtil;' has an earlier definition; blocking out
D/dalvikvm( 1730): DexOpt: 'Lyi/util/YiSettings;' has an earlier definition; blocking out
D/dalvikvm( 1730): DexOpt: 'Lyi/util/IDHelper;' has an earlier definition; blocking out
D/dalvikvm( 1730): DexOpt: 'Lyi/util/Telephony;' has an earlier definition; blocking out
D/dalvikvm( 1730): DexOpt: 'Lyi/util/FeatureConfig;' has an earlier definition; blocking out
D/dalvikvm( 1730): DexOpt: 'Lyi/util/PushHelper;' has an earlier definition; blocking out
D/dalvikvm( 1730): DexOpt: 'Lyi/view/animation/Rotate3dAnimation;' has an earlier definition; blocking out
D/dalvikvm( 1730): DexOpt: 'Lyi/app/BaiduAppTitle$OnYiLeftClickedListener;' has an earlier definition; blocking out
D/dalvikvm( 1730): DexOpt: 'Lyi/app/BaiduAppTitle$2;' has an earlier definition; blocking out
D/dalvikvm( 1730): DexOpt: 'Lyi/app/BaiduAppTitle$OnYiRightClickedListener;' has an earlier definition; blocking out
D/dalvikvm( 1730): DexOpt: 'Lyi/app/BaiduAppTitle;' has an earlier definition; blocking out
D/dalvikvm( 1730): DexOpt: 'Lyi/app/BaiduAppTitle$OnRightClickedListener;' has an earlier definition; blocking out
D/dalvikvm( 1730): DexOpt: 'Lyi/app/BaiduAppTitle$1;' has an earlier definition; blocking out
D/dalvikvm( 1730): DexOpt: 'Lyi/app/BaiduAppTitle$OnLeftClickedListener;' has an earlier definition; blocking out
D/dalvikvm( 1730): DexOpt: 'Lyi/widget/BadgeView;' has an earlier definition; blocking out
D/dalvikvm( 1730): DexOpt: 'Lyi/widget/SearchView$3;' has an earlier definition; blocking out
D/dalvikvm( 1730): DexOpt: 'Lyi/widget/SearchView$2;' has an earlier definition; blocking out
D/dalvikvm( 1730): DexOpt: 'Lyi/widget/WeightedLinearLayout;' has an earlier definition; blocking out
D/dalvikvm( 1730): DexOpt: 'Lyi/widget/SearchView$6;' has an earlier definition; blocking out
D/dalvikvm( 1730): DexOpt: 'Lyi/widget/SearchView$SearchAutoComplete;' has an earlier definition; blocking out
D/dalvikvm( 1730): DexOpt: 'Lyi/widget/SearchView$OnCloseListener;' has an earlier definition; blocking out
D/dalvikvm( 1730): DexOpt: 'Lyi/widget/SuggestionsAdapter$ChildViewCache;' has an earlier definition; blocking out
D/dalvikvm( 1730): DexOpt: 'Lyi/widget/SearchView$1;' has an earlier definition; blocking out
D/dalvikvm( 1730): DexOpt: 'Lyi/widget/ScrollTabBar;' has an earlier definition; blocking out
D/dalvikvm( 1730): DexOpt: 'Lyi/widget/SuggestionsAdapter;' has an earlier definition; blocking out
D/dalvikvm( 1730): DexOpt: 'Lyi/widget/BaiduEditText;' has an earlier definition; blocking out
D/dalvikvm( 1730): DexOpt: 'Lyi/widget/ScrollTabBar$Interface;' has an earlier definition; blocking out
D/dalvikvm( 1730): DexOpt: 'Lyi/widget/ScrollTabBar$ScrollTabBarStub;' has an earlier definition; blocking out
D/dalvikvm( 1730): DexOpt: 'Lyi/widget/SearchView$7;' has an earlier definition; blocking out
D/dalvikvm( 1730): DexOpt: 'Lyi/widget/SearchView$4;' has an earlier definition; blocking out
D/dalvikvm( 1730): DexOpt: 'Lyi/widget/SearchView$14;' has an earlier definition; blocking out
D/dalvikvm( 1730): DexOpt: 'Lyi/widget/ButtonGroup$OnButtonCheckedListener;' has an earlier definition; blocking out
D/dalvikvm( 1730): DexOpt: 'Lyi/widget/ImageViewInListItem;' has an earlier definition; blocking out
D/dalvikvm( 1730): DexOpt: 'Lyi/widget/SearchView$OnSuggestionListener;' has an earlier definition; blocking out
D/dalvikvm( 1730): DexOpt: 'Lyi/widget/AnimatedImageView;' has an earlier definition; blocking out
D/dalvikvm( 1730): DexOpt: 'Lyi/widget/Switcher;' has an earlier definition; blocking out
D/dalvikvm( 1730): DexOpt: 'Lyi/widget/ScrollTabBar$ScrollTabBarImp$1;' has an earlier definition; blocking out
D/dalvikvm( 1730): DexOpt: 'Lyi/widget/Switcher$OnSwitcherChangeListener;' has an earlier definition; blocking out
D/dalvikvm( 1730): DexOpt: 'Lyi/widget/SearchView$16;' has an earlier definition; blocking out
D/dalvikvm( 1730): DexOpt: 'Lyi/widget/SearchView$11;' has an earlier definition; blocking out
D/dalvikvm( 1730): DexOpt: 'Lyi/widget/SearchView$12;' has an earlier definition; blocking out
D/dalvikvm( 1730): DexOpt: 'Lyi/widget/RoundCornerListView;' has an earlier definition; blocking out
D/dalvikvm( 1730): DexOpt: 'Lyi/widget/ButtonGroup$LayoutParams;' has an earlier definition; blocking out
D/dalvikvm( 1730): DexOpt: 'Lyi/widget/SuggestionsAdapter$1;' has an earlier definition; blocking out
D/dalvikvm( 1730): DexOpt: 'Lyi/widget/SearchView$8;' has an earlier definition; blocking out
D/dalvikvm( 1730): DexOpt: 'Lyi/widget/ButtonGroup$1;' has an earlier definition; blocking out
D/dalvikvm( 1730): DexOpt: 'Lyi/widget/SearchView$13;' has an earlier definition; blocking out
D/dalvikvm( 1730): DexOpt: 'Lyi/widget/SearchView$9;' has an earlier definition; blocking out
D/dalvikvm( 1730): DexOpt: 'Lyi/widget/ButtonGroup;' has an earlier definition; blocking out
D/dalvikvm( 1730): DexOpt: 'Lyi/widget/SearchView$OnQueryTextListener;' has an earlier definition; blocking out
D/dalvikvm( 1730): DexOpt: 'Lyi/widget/SearchView$5;' has an earlier definition; blocking out
D/dalvikvm( 1730): DexOpt: 'Lyi/widget/SearchEditText;' has an earlier definition; blocking out
D/dalvikvm( 1730): DexOpt: 'Lyi/widget/SearchView;' has an earlier definition; blocking out
D/dalvikvm( 1730): DexOpt: 'Lyi/widget/ScrollTabBar$ScrollTabBarImp;' has an earlier definition; blocking out
D/dalvikvm( 1730): DexOpt: 'Lyi/widget/SearchView$OnViewFadeOutListener;' has an earlier definition; blocking out
D/dalvikvm( 1730): DexOpt: 'Lyi/widget/SearchView$10;' has an earlier definition; blocking out
D/dalvikvm( 1730): DexOpt: 'Lyi/widget/ScrollTabBar$ScrollTabBarImp$TabClickListener;' has an earlier definition; blocking out
D/dalvikvm( 1730): DexOpt: 'Lyi/widget/CheckableItemLayout;' has an earlier definition; blocking out
D/dalvikvm( 1730): DexOpt: 'Lyi/widget/ScrollTabBar$1;' has an earlier definition; blocking out
D/dalvikvm( 1730): DexOpt: 'Lyi/widget/BaiduEditText$1;' has an earlier definition; blocking out
D/dalvikvm( 1730): DexOpt: 'Lyi/widget/SearchView$15;' has an earlier definition; blocking out
D/dalvikvm( 1730): DexOpt: 'Lyi/widget/ButtonGroup$2;' has an earlier definition; blocking out
D/dalvikvm( 1730): DexOpt: 'Lyi/widget/SearchView$17;' has an earlier definition; blocking out
D/dalvikvm( 1730): DexOpt: 'Lyi/ubc/IUBCService;' has an earlier definition; blocking out
D/dalvikvm( 1730): DexOpt: 'Lyi/ubc/IUBCService$Stub$Proxy;' has an earlier definition; blocking out
D/dalvikvm( 1730): DexOpt: 'Lyi/ubc/UBCConfiguration$1;' has an earlier definition; blocking out
D/dalvikvm( 1730): DexOpt: 'Lyi/ubc/UBCConstData$ConfigCommand;' has an earlier definition; blocking out
D/dalvikvm( 1730): DexOpt: 'Lyi/ubc/MetricBuilder;' has an earlier definition; blocking out
D/dalvikvm( 1730): DexOpt: 'Lyi/ubc/UBCServiceManager;' has an earlier definition; blocking out
D/dalvikvm( 1730): DexOpt: 'Lyi/ubc/UBCConstData$EventType;' has an earlier definition; blocking out
D/dalvikvm( 1730): DexOpt: 'Lyi/ubc/UBCConstData;' has an earlier definition; blocking out
D/dalvikvm( 1730): DexOpt: 'Lyi/ubc/UBCConfiguration;' has an earlier definition; blocking out
D/dalvikvm( 1730): DexOpt: 'Lyi/ubc/IUBCService$Stub;' has an earlier definition; blocking out
D/dalvikvm( 1730): DexOpt: 'Lyi/ubc/UBCConstData$ExtraName;' has an earlier definition; blocking out
D/dalvikvm( 1730): DexOpt: 'Lyi/ubc/UBCConstData$ActionName;' has an earlier definition; blocking out
D/dalvikvm( 1730): DexOpt: 'Lyi/phone/IPhoneUtil;' has an earlier definition; blocking out
D/dalvikvm( 1730): DexOpt: 'Lyi/phone/MTKZXPhoneUtil;' has an earlier definition; blocking out
D/dalvikvm( 1730): DexOpt: 'Lyi/phone/QualcommZXPhoneUtil;' has an earlier definition; blocking out
D/dalvikvm( 1730): DexOpt: 'Lyi/phone/MTKTCLPhoneUtil;' has an earlier definition; blocking out
D/dalvikvm( 1730): DexOpt: 'Lyi/phone/MTKPhoneUtil;' has an earlier definition; blocking out
D/dalvikvm( 1730): DexOpt: 'Lyi/phone/QualcommPhoneUtil;' has an earlier definition; blocking out
D/dalvikvm( 1730): DexOpt: 'Lyi/phone/DefaultPhoneUtil;' has an earlier definition; blocking out
D/dalvikvm( 1730): DexOpt: 'Lyi/phone/IPhoneUtil$Creator;' has an earlier definition; blocking out
D/dalvikvm( 1730): DexOpt: 'Lyi/preference/SwitcherPreference$SavedState;' has an earlier definition; blocking out
D/dalvikvm( 1730): DexOpt: 'Lyi/preference/SwitcherPreference$SavedState$1;' has an earlier definition; blocking out
D/dalvikvm( 1730): DexOpt: 'Lyi/preference/SwitcherPreference;' has an earlier definition; blocking out
D/dalvikvm( 1730): DexOpt: 'Lyi/preference/SwitchPreference;' has an earlier definition; blocking out
D/dalvikvm( 1730): DexOpt: 'Lyi/preference/SwitchPreference$Listener;' has an earlier definition; blocking out
D/dalvikvm( 1730): DexOpt: 'Lyi/preference/SwitchPreference$1;' has an earlier definition; blocking out
D/dalvikvm( 1730): DexOpt: 'Lyi/preference/PreferenceGroupActivity;' has an earlier definition; blocking out
D/dalvikvm( 1730): DexOpt: 'Lyi/baidupay/TradeServerCache$1;' has an earlier definition; blocking out
D/dalvikvm( 1730): DexOpt: 'Lyi/baidupay/ITradeServer;' has an earlier definition; blocking out
D/dalvikvm( 1730): DexOpt: 'Lyi/baidupay/ITradeServer$Stub;' has an earlier definition; blocking out
D/dalvikvm( 1730): DexOpt: 'Lyi/baidupay/AbstractTradeServer$Server;' has an earlier definition; blocking out
D/dalvikvm( 1730): DexOpt: 'Lyi/baidupay/NewTrade;' has an earlier definition; blocking out
D/dalvikvm( 1730): DexOpt: 'Lyi/baidupay/TradeServerType$1;' has an earlier definition; blocking out
D/dalvikvm( 1730): DexOpt: 'Lyi/baidupay/IPayServer;' has an earlier definition; blocking out
D/dalvikvm( 1730): DexOpt: 'Lyi/baidupay/IPayServer$Stub;' has an earlier definition; blocking out
D/dalvikvm( 1730): DexOpt: 'Lyi/baidupay/AbstractPayServer$Server;' has an earlier definition; blocking out
D/dalvikvm( 1730): DexOpt: 'Lyi/baidupay/NewTradeInfo$1;' has an earlier definition; blocking out
D/dalvikvm( 1730): DexOpt: 'Lyi/baidupay/AbstractPayServer$1;' has an earlier definition; blocking out
D/dalvikvm( 1730): DexOpt: 'Lyi/baidupay/Trade;' has an earlier definition; blocking out
D/dalvikvm( 1730): DexOpt: 'Lyi/baidupay/TradeServerType;' has an earlier definition; blocking out
D/dalvikvm( 1730): DexOpt: 'Lyi/baidupay/Trade$1;' has an earlier definition; blocking out
D/dalvikvm( 1730): DexOpt: 'Lyi/baidupay/NewTradeResult;' has an earlier definition; blocking out
D/dalvikvm( 1730): DexOpt: 'Lyi/baidupay/PayResult$1;' has an earlier definition; blocking out
D/dalvikvm( 1730): DexOpt: 'Lyi/baidupay/PayResult;' has an earlier definition; blocking out
D/dalvikvm( 1730): DexOpt: 'Lyi/baidupay/PayInfo;' has an earlier definition; blocking out
D/dalvikvm( 1730): DexOpt: 'Lyi/baidupay/TradeServerCache;' has an earlier definition; blocking out
D/dalvikvm( 1730): DexOpt: 'Lyi/baidupay/AbstractPayServer;' has an earlier definition; blocking out
D/dalvikvm( 1730): DexOpt: 'Lyi/baidupay/FakePayServer;' has an earlier definition; blocking out
D/dalvikvm( 1730): DexOpt: 'Lyi/baidupay/ITradeServer$Stub$Proxy;' has an earlier definition; blocking out
D/dalvikvm( 1730): DexOpt: 'Lyi/baidupay/PayManager;' has an earlier definition; blocking out
D/dalvikvm( 1730): DexOpt: 'Lyi/baidupay/TradeInfo;' has an earlier definition; blocking out
D/dalvikvm( 1730): DexOpt: 'Lyi/baidupay/TradeServerCache$MySerializer;' has an earlier definition; blocking out
D/dalvikvm( 1730): DexOpt: 'Lyi/baidupay/AbstractTradeServer;' has an earlier definition; blocking out
D/dalvikvm( 1730): DexOpt: 'Lyi/baidupay/NewTrade$1;' has an earlier definition; blocking out
D/dalvikvm( 1730): DexOpt: 'Lyi/baidupay/NewTradeResult$1;' has an earlier definition; blocking out
D/dalvikvm( 1730): DexOpt: 'Lyi/baidupay/PayInfo$1;' has an earlier definition; blocking out
D/dalvikvm( 1730): DexOpt: 'Lyi/baidupay/PayManager$InitializerServiceConnection;' has an earlier definition; blocking out
D/dalvikvm( 1730): DexOpt: 'Lyi/baidupay/AbstractTradeServer$1;' has an earlier definition; blocking out
D/dalvikvm( 1730): DexOpt: 'Lyi/baidupay/IPayServer$Stub$Proxy;' has an earlier definition; blocking out
D/dalvikvm( 1730): DexOpt: 'Lyi/baidupay/NewTradeInfo;' has an earlier definition; blocking out
D/dalvikvm( 1730): DexOpt: 'Lyi/baidupay/FakeTradeServer;' has an earlier definition; blocking out
D/dalvikvm( 1730): DexOpt: 'Lyi/support/v1/YiLaf$ActivityLifecycleObserver;' has an earlier definition; blocking out
D/dalvikvm( 1730): DexOpt: 'Lyi/support/v1/ContentDemensionSwitcher$1;' has an earlier definition; blocking out
D/dalvikvm( 1730): DexOpt: 'Lyi/support/v1/utils/Animatable$Current;' has an earlier definition; blocking out
D/dalvikvm( 1730): DexOpt: 'Lyi/support/v1/utils/Animatable$Translate;' has an earlier definition; blocking out
D/dalvikvm( 1730): DexOpt: 'Lyi/support/v1/utils/Animatable$Vertical;' has an earlier definition; blocking out
D/dalvikvm( 1730): DexOpt: 'Lyi/support/v1/ContentDemensionSwitcher$3;' has an earlier definition; blocking out
D/dalvikvm( 1730): DexOpt: 'Lyi/support/v1/ActionBarTitleViewContainer$2;' has an earlier definition; blocking out
D/dalvikvm( 1730): DexOpt: 'Lyi/support/v1/ContentDemensionSwitcher$Demension;' has an earlier definition; blocking out
D/dalvikvm( 1730): DexOpt: 'Lyi/support/v1/YiLaf$Decorator;' has an earlier definition; blocking out
D/dalvikvm( 1730): DexOpt: 'Lyi/support/v1/YiLaf$ActionBarWrapper;' has an earlier definition; blocking out
D/dalvikvm( 1730): DexOpt: 'Lyi/support/v1/YiLaf$2;' has an earlier definition; blocking out
D/dalvikvm( 1730): DexOpt: 'Lyi/support/v1/YiLaf;' has an earlier definition; blocking out
D/dalvikvm( 1730): DexOpt: 'Lyi/support/v1/YiLaf$Interface;' has an earlier definition; blocking out
D/dalvikvm( 1730): DexOpt: 'Lyi/support/v1/YiLaf$1;' has an earlier definition; blocking out
D/dalvikvm( 1730): DexOpt: 'Lyi/support/v1/ActionBarCustomViewContainer;' has an earlier definition; blocking out
D/dalvikvm( 1730): DexOpt: 'Lyi/support/v1/ActionBarTitleViewContainer$5;' has an earlier definition; blocking out
D/dalvikvm( 1730): DexOpt: 'Lyi/support/v1/YiLaf$MenuWrapper;' has an earlier definition; blocking out
D/dalvikvm( 1730): DexOpt: 'Lyi/support/v1/ActionBarTitleViewContainer;' has an earlier definition; blocking out
D/dalvikvm( 1730): DexOpt: 'Lyi/support/v1/YiLaf$ActivityDecorator;' has an earlier definition; blocking out
D/dalvikvm( 1730): DexOpt: 'Lyi/support/v1/ContentDemensionSwitcher$2;' has an earlier definition; blocking out
D/dalvikvm( 1730): DexOpt: 'Lyi/support/v1/YiLaf$OnSpinerItemListener;' has an earlier definition; blocking out
D/dalvikvm( 1730): DexOpt: 'Lyi/support/v1/ActionBarTitleViewContainer$4;' has an earlier definition; blocking out
D/dalvikvm( 1730): DexOpt: 'Lyi/support/v1/YiLaf$ActivityDecorator$1;' has an earlier definition; blocking out
D/dalvikvm( 1730): DexOpt: 'Lyi/support/v1/ContentDemensionSwitcher;' has an earlier definition; blocking out
D/dalvikvm( 1730): DexOpt: 'Lyi/support/v1/YiLaf$3;' has an earlier definition; blocking out
D/dalvikvm( 1730): DexOpt: 'Lyi/support/v1/ActionBarTitleViewContainer$3;' has an earlier definition; blocking out
D/dalvikvm( 1730): DexOpt: 'Lyi/support/v1/ActionBarTitleViewContainer$1;' has an earlier definition; blocking out
D/dalvikvm( 1730): DexOpt: 'Lyi/support/v1/menu/HybridMenuPanel$PanelPlaceHolder;' has an earlier definition; blocking out
D/dalvikvm( 1730): DexOpt: 'Lyi/support/v1/menu/HybridMenuPanel$ActionHeight$2;' has an earlier definition; blocking out
D/dalvikvm( 1730): DexOpt: 'Lyi/support/v1/menu/HybridMenuPanel;' has an earlier definition; blocking out
D/dalvikvm( 1730): DexOpt: 'Lyi/support/v1/menu/HybridMenuPanel$MenuHeight;' has an earlier definition; blocking out
D/dalvikvm( 1730): DexOpt: 'Lyi/support/v1/menu/HybridMenu$ExpandedActionViewMenuPresenterVolatile;' has an earlier definition; blocking out
D/dalvikvm( 1730): DexOpt: 'Lyi/support/v1/menu/HybridMenu$ContentMask;' has an earlier definition; blocking out
D/dalvikvm( 1730): DexOpt: 'Lyi/support/v1/utils/Animatable$Alpha;' has an earlier definition; blocking out
D/dalvikvm( 1730): DexOpt: 'Lyi/support/v1/menu/HybridMenu$ContentMask$2;' has an earlier definition; blocking out
D/dalvikvm( 1730): DexOpt: 'Lyi/support/v1/blend/BlendService$Observer;' has an earlier definition; blocking out
D/dalvikvm( 1730): DexOpt: 'Lyi/support/v1/menu/HybridMenu$ContentMask$4;' has an earlier definition; blocking out
D/dalvikvm( 1730): DexOpt: 'Lyi/support/v1/menu/PanelFeatureState$1;' has an earlier definition; blocking out
D/dalvikvm( 1730): DexOpt: 'Lyi/support/v1/menu/HybridMenuPanel$PanelController$2$1;' has an earlier definition; blocking out
D/dalvikvm( 1730): DexOpt: 'Lyi/support/v1/menu/HybridMenuPanel$2;' has an earlier definition; blocking out
D/dalvikvm( 1730): DexOpt: 'Lyi/support/v1/menu/HybridMenuPanel$Observer;' has an earlier definition; blocking out
D/dalvikvm( 1730): DexOpt: 'Lyi/support/v1/menu/HybridMenu$1;' has an earlier definition; blocking out
D/dalvikvm( 1730): DexOpt: 'Lyi/support/v1/menu/HybridMenu$ContentMask$3;' has an earlier definition; blocking out
D/dalvikvm( 1730): DexOpt: 'Lyi/support/v1/menu/PanelFeatureState$SavedState$1;' has an earlier definition; blocking out
D/dalvikvm( 1730): DexOpt: 'Lyi/support/v1/menu/HybridMenuPanel$PanelState;' has an earlier definition; blocking out
D/dalvikvm( 1730): DexOpt: 'Lyi/support/v1/menu/HybridMenuPanel$PanelController;' has an earlier definition; blocking out
D/dalvikvm( 1730): DexOpt: 'Lyi/support/v1/menu/HybridMenu$ExpandedActionViewMenuPresenter$1;' has an earlier definition; blocking out
D/dalvikvm( 1730): DexOpt: 'Lyi/support/v1/menu/HybridMenuPanel$Permission;' has an earlier definition; blocking out
D/dalvikvm( 1730): DexOpt: 'Lyi/support/v1/menu/HybridMenuPanel$PanelPlaceHolder$1;' has an earlier definition; blocking out
D/dalvikvm( 1730): DexOpt: 'Lyi/support/v1/menu/HybridMenuPanel$MenuController$1$1;' has an earlier definition; blocking out
D/dalvikvm( 1730): DexOpt: 'Lyi/support/v1/menu/PanelFeatureState;' has an earlier definition; blocking out
D/dalvikvm( 1730): DexOpt: 'Lyi/support/v1/menu/MenuManager$1;' has an earlier definition; blocking out
D/dalvikvm( 1730): DexOpt: 'Lcom/yi/internal/view/menu/MenuBuilder$Callback;' has an earlier definition; blocking out
D/dalvikvm( 1730): DexOpt: 'Lyi/support/v1/menu/MenuManager;' has an earlier definition; blocking out
D/dalvikvm( 1730): DexOpt: 'Lyi/support/v1/menu/HybridMenu$ContentMask$1;' has an earlier definition; blocking out
D/dalvikvm( 1730): DexOpt: 'Lyi/support/v1/menu/HybridMenuPanel$PanelPlaceHolder$2;' has an earlier definition; blocking out
D/dalvikvm( 1730): DexOpt: 'Lyi/support/v1/menu/HybridMenuPanel$MenuController$3;' has an earlier definition; blocking out
D/dalvikvm( 1730): DexOpt: 'Lyi/support/v1/menu/HybridMenuPanel$MenuController$2;' has an earlier definition; blocking out
D/dalvikvm( 1730): DexOpt: 'Lcom/yi/internal/view/menu/MenuPresenter$Callback;' has an earlier definition; blocking out
D/dalvikvm( 1730): DexOpt: 'Lyi/support/v1/menu/MenuManager$PanelMenuPresenterCallback;' has an earlier definition; blocking out
D/dalvikvm( 1730): DexOpt: 'Lcom/yi/internal/view/menu/MenuPresenter;' has an earlier definition; blocking out
D/dalvikvm( 1730): DexOpt: 'Lyi/support/v1/menu/HybridMenuPresenter;' has an earlier definition; blocking out
D/dalvikvm( 1730): DexOpt: 'Lyi/support/v1/menu/HybridMenuPanel$MenuIndicator;' has an earlier definition; blocking out
D/dalvikvm( 1730): DexOpt: 'Lyi/support/v1/menu/HybridMenu$ExpandedActionViewMenuPresenter;' has an earlier definition; blocking out
D/dalvikvm( 1730): DexOpt: 'Lyi/support/v1/menu/HybridMenuPanel$MenuController$6;' has an earlier definition; blocking out
D/dalvikvm( 1730): DexOpt: 'Lyi/support/v1/menu/AnsycTaskExecutor;' has an earlier definition; blocking out
D/dalvikvm( 1730): DexOpt: 'Lyi/support/v1/menu/HybridMenuPanel$1;' has an earlier definition; blocking out
D/dalvikvm( 1730): DexOpt: 'Lyi/support/v1/menu/HybridMenuPanel$ContentConsistency;' has an earlier definition; blocking out
D/dalvikvm( 1730): DexOpt: 'Lyi/support/v1/menu/HybridMenuPanel$PanelController$1;' has an earlier definition; blocking out
D/dalvikvm( 1730): DexOpt: 'Lyi/support/v1/menu/HybridMenuPanel$MenuController$7;' has an earlier definition; blocking out
D/dalvikvm( 1730): DexOpt: 'Lyi/support/v1/menu/HybridMenu$ExpandedActionViewMenuPresenter$2;' has an earlier definition; blocking out
D/dalvikvm( 1730): DexOpt: 'Lyi/support/v1/menu/HybridMenuPanel$PanelPlaceHolder$2$1;' has an earlier definition; blocking out
D/dalvikvm( 1730): DexOpt: 'Lyi/support/v1/menu/HybridMenuPanel$MenuController$4;' has an earlier definition; blocking out
D/dalvikvm( 1730): DexOpt: 'Lyi/support/v1/menu/HybridMenuPanel$PanelController$2;' has an earlier definition; blocking out
D/dalvikvm( 1730): DexOpt: 'Lyi/support/v1/menu/HybridMenuPanel$MenuController;' has an earlier definition; blocking out
D/dalvikvm( 1730): DexOpt: 'Lyi/support/v1/menu/HybridMenuPanel$ActionController;' has an earlier definition; blocking out
D/dalvikvm( 1730): DexOpt: 'Lyi/support/v1/menu/HybridMenuPanel$MenuController$5;' has an earlier definition; blocking out
D/dalvikvm( 1730): DexOpt: 'Lyi/support/v1/menu/HybridMenuPanel$ActionHeight$1;' has an earlier definition; blocking out
D/dalvikvm( 1730): DexOpt: 'Lyi/support/v1/menu/HybridMenuPanel$MenuController$1;' has an earlier definition; blocking out
D/dalvikvm( 1730): DexOpt: 'Lyi/support/v1/menu/HybridMenuPanel$ActionHeight;' has an earlier definition; blocking out
D/dalvikvm( 1730): DexOpt: 'Lyi/support/v1/menu/HybridMenu$ContentMask$5;' has an earlier definition; blocking out
D/dalvikvm( 1730): DexOpt: 'Lyi/support/v1/menu/HybridMenu;' has an earlier definition; blocking out
D/dalvikvm( 1730): DexOpt: 'Lyi/support/v1/menu/MenuManager$MenuViewContainer;' has an earlier definition; blocking out
D/dalvikvm( 1730): DexOpt: 'Lyi/support/v1/menu/PanelFeatureState$SavedState;' has an earlier definition; blocking out
D/dalvikvm( 1730): DexOpt: 'Lyi/support/v1/menu/HybridMenuPanel$MenuController$8;' has an earlier definition; blocking out
D/dalvikvm( 1730): DexOpt: 'Lyi/support/v1/blend/SketchBlend;' has an earlier definition; blocking out
D/dalvikvm( 1730): DexOpt: 'Lyi/support/v1/blend/BlurBlend;' has an earlier definition; blocking out
D/dalvikvm( 1730): DexOpt: 'Lyi/support/v1/blend/BlendService$BlendTask;' has an earlier definition; blocking out
D/dalvikvm( 1730): DexOpt: 'Lyi/support/v1/blend/BlendService$BlendTask$1;' has an earlier definition; blocking out
D/dalvikvm( 1730): DexOpt: 'Lyi/support/v1/blend/BlurBlend$Task;' has an earlier definition; blocking out
D/dalvikvm( 1730): DexOpt: 'Lyi/support/v1/blend/SketchBlend$Task;' has an earlier definition; blocking out
D/dalvikvm( 1730): DexOpt: 'Lyi/support/v1/blend/BlendService;' has an earlier definition; blocking out
D/dalvikvm( 1730): DexOpt: 'Lyi/support/v1/utils/Reflection;' has an earlier definition; blocking out
D/dalvikvm( 1730): DexOpt: 'Lyi/support/v1/utils/Animatable$DURATION$CONTENT;' has an earlier definition; blocking out
D/dalvikvm( 1730): DexOpt: 'Lyi/support/v1/utils/Animatable$Alpha$1;' has an earlier definition; blocking out
D/dalvikvm( 1730): DexOpt: 'Lyi/support/v1/utils/FpsCounter$FpsView;' has an earlier definition; blocking out
D/dalvikvm( 1730): DexOpt: 'Lyi/support/v1/utils/ViewCapturer;' has an earlier definition; blocking out
D/dalvikvm( 1730): DexOpt: 'Lyi/support/v1/utils/Animatable$DURATION$MASK;' has an earlier definition; blocking out
D/dalvikvm( 1730): DexOpt: 'Lyi/support/v1/utils/Animatable$Horizontal;' has an earlier definition; blocking out
D/dalvikvm( 1730): DexOpt: 'Lyi/support/v1/utils/ResHelper;' has an earlier definition; blocking out
D/dalvikvm( 1730): DexOpt: 'Lyi/support/v1/utils/Animatable$DURATION$MENU$INDICATOR;' has an earlier definition; blocking out
D/dalvikvm( 1730): DexOpt: 'Lyi/support/v1/utils/Animatable$DURATION;' has an earlier definition; blocking out
D/dalvikvm( 1730): DexOpt: 'Lyi/support/v1/utils/Animatable$DURATION$MENU$ACTION;' has an earlier definition; blocking out
D/dalvikvm( 1730): DexOpt: 'Lyi/support/v1/utils/FpsCounter;' has an earlier definition; blocking out
D/dalvikvm( 1730): DexOpt: 'Lyi/support/v1/utils/Animatable;' has an earlier definition; blocking out
D/dalvikvm( 1730): DexOpt: 'Lyi/support/v1/utils/Animatable$DURATION$VIEW;' has an earlier definition; blocking out
D/dalvikvm( 1730): DexOpt: 'Lyi/support/v1/utils/Animatable$DURATION$MENU;' has an earlier definition; blocking out
D/dalvikvm( 1730): DexOpt: 'Lyi/support/v1/utils/Animatable$DURATION$MENU$LIST;' has an earlier definition; blocking out
D/dalvikvm( 1730): DexOpt: 'Lyi/support/v1/utils/Animatable$DURATION$MENU$PANEL;' has an earlier definition; blocking out
D/dalvikvm( 1730): DexOpt: 'Lyi/support/v1/utils/Logger$Performance;' has an earlier definition; blocking out
D/dalvikvm( 1730): DexOpt: 'Lyi/support/v1/utils/Logger;' has an earlier definition; blocking out
D/dalvikvm( 1730): DexOpt: 'Lyi/support/v1/utils/Animatable$Translate$1;' has an earlier definition; blocking out
D/dalvikvm( 1730): DexOpt: 'Lyi/support/v1/utils/Animatable$INTERPOLATER;' has an earlier definition; blocking out
D/dalvikvm( 1730): DexOpt: 'Lcom/yi/internal/R;' has an earlier definition; blocking out
D/dalvikvm( 1730): DexOpt: 'Lcom/yi/internal/R$attr;' has an earlier definition; blocking out
D/dalvikvm( 1730): DexOpt: 'Lcom/yi/internal/R$anim;' has an earlier definition; blocking out
D/dalvikvm( 1730): DexOpt: 'Lcom/yi/internal/R$dimen;' has an earlier definition; blocking out
D/dalvikvm( 1730): DexOpt: 'Lcom/yi/internal/R$style;' has an earlier definition; blocking out
D/dalvikvm( 1730): DexOpt: 'Lcom/yi/internal/R$array;' has an earlier definition; blocking out
D/dalvikvm( 1730): DexOpt: 'Lcom/yi/internal/R$integer;' has an earlier definition; blocking out
D/dalvikvm( 1730): DexOpt: 'Lcom/yi/internal/R$styleable;' has an earlier definition; blocking out
D/dalvikvm( 1730): DexOpt: 'Lcom/yi/internal/R$layout;' has an earlier definition; blocking out
D/dalvikvm( 1730): DexOpt: 'Lcom/yi/internal/R$drawable;' has an earlier definition; blocking out
D/dalvikvm( 1730): DexOpt: 'Lcom/yi/internal/R$id;' has an earlier definition; blocking out
D/dalvikvm( 1730): DexOpt: 'Lcom/yi/internal/R$color;' has an earlier definition; blocking out
D/dalvikvm( 1730): DexOpt: 'Lcom/yi/internal/R$string;' has an earlier definition; blocking out
D/dalvikvm( 1730): DexOpt: 'Lcom/yi/internal/view/menu/MenuBuilder;' has an earlier definition; blocking out
D/dalvikvm( 1730): DexOpt: 'Lcom/yi/internal/view/menu/HybridMenuInflater$InflatedOnMenuItemClickListener;' has an earlier definition; blocking out
D/dalvikvm( 1730): DexOpt: 'Lcom/yi/internal/view/menu/ActionMenuView$Motion;' has an earlier definition; blocking out
D/dalvikvm( 1730): DexOpt: 'Lcom/yi/internal/view/menu/MenuView$ItemView;' has an earlier definition; blocking out
D/dalvikvm( 1730): DexOpt: 'Lcom/yi/internal/view/menu/ActionMenuPresenter;' has an earlier definition; blocking out
D/dalvikvm( 1730): DexOpt: 'Lcom/yi/internal/view/menu/ActionMenuItemView;' has an earlier definition; blocking out
D/dalvikvm( 1730): DexOpt: 'Lcom/yi/internal/view/menu/ActionMenuPresenter$1;' has an earlier definition; blocking out
D/dalvikvm( 1730): DexOpt: 'Lcom/yi/internal/view/menu/HybridMenuInflater;' has an earlier definition; blocking out
D/dalvikvm( 1730): DexOpt: 'Lcom/yi/internal/view/menu/ListMenuPresenter;' has an earlier definition; blocking out
D/dalvikvm( 1730): DexOpt: 'Lcom/yi/internal/view/menu/ActionMenuView$3;' has an earlier definition; blocking out
D/dalvikvm( 1730): DexOpt: 'Lcom/yi/internal/view/menu/ActionMenuView$2;' has an earlier definition; blocking out
D/dalvikvm( 1730): DexOpt: 'Lcom/yi/internal/view/menu/ListMenuItemView;' has an earlier definition; blocking out
D/dalvikvm( 1730): DexOpt: 'Lcom/yi/internal/view/menu/MenuBuilder$ItemInvoker;' has an earlier definition; blocking out
D/dalvikvm( 1730): DexOpt: 'Lcom/yi/internal/view/menu/MenuView;' has an earlier definition; blocking out
D/dalvikvm( 1730): DexOpt: 'Lcom/yi/internal/view/menu/ActionMenuView;' has an earlier definition; blocking out
D/dalvikvm( 1730): DexOpt: 'Lcom/yi/internal/view/menu/ActionMenuView$1;' has an earlier definition; blocking out
D/dalvikvm( 1730): DexOpt: 'Lcom/yi/internal/view/menu/MenuItemImpl;' has an earlier definition; blocking out
D/dalvikvm( 1730): DexOpt: 'Lcom/yi/internal/view/menu/SubMenuBuilder;' has an earlier definition; blocking out
D/dalvikvm( 1730): DexOpt: 'Lcom/yi/internal/view/menu/ExpandedMenuView;' has an earlier definition; blocking out
D/dalvikvm( 1730): DexOpt: 'Lcom/yi/internal/view/menu/MenuDialogHelper;' has an earlier definition; blocking out
D/dalvikvm( 1730): DexOpt: 'Lcom/yi/internal/view/menu/ListMenuPresenter$MenuAdapter;' has an earlier definition; blocking out
D/dalvikvm( 1730): DexOpt: 'Lcom/yi/internal/view/menu/HybridMenuInflater$MenuState;' has an earlier definition; blocking out
D/dalvikvm( 1730): DexOpt: 'Lcom/yi/internal/app/RingtonePickerSystemActivity$3;' has an earlier definition; blocking out
D/dalvikvm( 1730): DexOpt: 'Lcom/yi/internal/app/RingtonePickerCustomActivity;' has an earlier definition; blocking out
D/dalvikvm( 1730): DexOpt: 'Lcom/yi/internal/app/RingtonePickerSystemActivity;' has an earlier definition; blocking out
D/dalvikvm( 1730): DexOpt: 'Lcom/yi/internal/app/RingtonePickerSystemActivity$2;' has an earlier definition; blocking out
D/dalvikvm( 1730): DexOpt: 'Lcom/yi/internal/app/RingtonePickerCustomActivity$1;' has an earlier definition; blocking out
D/dalvikvm( 1730): DexOpt: 'Lcom/yi/internal/app/RingtonePickerSystemActivity$1;' has an earlier definition; blocking out
D/dalvikvm( 1730): DexOpt: 'Lcom/yi/internal/app/RingtonePickerCustomActivity$2;' has an earlier definition; blocking out
D/dalvikvm( 1730): DexOpt: 'Lcom/yi/internal/widget/VoiceprintUnlockView$VoiceState;' has an earlier definition; blocking out
