--------- beginning of /dev/log/main
I/macloader( 1398): WIFI MAC is valid
I/DEBUG   ( 1383): debuggerd: Apr 11 2014 10:19:32
E/BRCM    ( 1401): Read /sys/class/android_usb/android0/functions failed
I/BRCM    ( 1401): USB initial state LOG_STATE_NON_USB
I/NPS_MOBEX( 1384): Feature_Init
I/NPS_MOBEX( 1384): Get_feature_xml
I/NPS_MOBEX( 1384): Get_feature_xml fopen error
I/NPS_MOBEX( 1384): Get_feature_defaul_xml
I/NPS_MOBEX( 1384): [Feature_Init]GetBasemodel=GT-I9300
I/NPS_MOBEX( 1384): [Feature_Init]feature_NPS=Splanner,Normal,Normal,Normal,Normal,Normal,Normal,Lunar_Cn,Normal,Normal,Normal,Boost,Normal,Normal,Normal,Normal
I/NPS_MOBEX( 1384): [Feature_Init]feature_DR=SN_IMEI_FILE,Ril_Sales,Normal,MSISDN_File,Normal,GT-I9300,Normal,Normal,Normal
I/NPS_MOBEX( 1384): [Feature_Init]feature_APP=Device,Calendar,Contents,Phonebook,Memo,Message,Phonebook_com.android.exchange,Phonebook_com.google,Phonebook_com.osp.app.signin
I/NPS_MOBEX( 1384): task Start
E/        ( 1394): WordSegService instantiate
E/        ( 1394): WordSegService created
E/        ( 1394): WordSegService r = 0/n
I/NPS_MOBEX( 1384): wscMessageGet msgid:4097
I/NPS_MOBEX( 1384): wifi_wscDataServiceStart
I/NPS_MOBEX( 1384): wifi Create server_sockid: 7
I/Netd    ( 1382): Netd 1.0 starting
I/NPS_MOBEX( 1384): wifi_wscDataServiceConnect
I/NPS_MOBEX( 1384): wifi_wscDataServiceConnect START
D/AT_Distributor( 1396): gUartPath = ATRILClient
D/AT_Distributor( 1396): UART ATRILClient is not used by console
D/AT_Distributor( 1396): read(//efs/FactoryApp/hist_nv) : 
D/AT_Distributor( 1396): read(//efs/FactoryApp/fdata) : N0NN
D/AT_Distributor( 1396): read(//efs/FactoryApp/test_nv) : 001N002N003N004N005N006N007N008N009N010N011N012N013N014N015N016N017N018N019N020N021N022N023N024N025N026N027N028N029N030N031N032N033N034N035N036N037N038N039N040N041N042N043N044N045N046N047N048N049N050N051N052N053N054N055N056N057N058N059N060N061N062N063N064N065N066N067N068N069N070N071N072N073N074N075N076N077N078N079N080N081N082N083N084N085N086N087N088N089N090N091N092N093N094N095N096N097N098N099N100N101N102N103N104N105N106N107N108N109N110N111N112N113N114N115N116N117N118N119N120N121N122N123N124N125N126N127N128N129N130N131N132N133N134N135N136N137N138N139N140N141N142N143N144N145N146N147N148N149N150N151N152N153N154N155N156N157N158N159N160N161N162N163N164N165N166N167N168N169N170N171N172N173N174N175N176N177N178N179N180N181N182N183N184N185N186N187N188N189N190N191N192N193N194N195N196N197N198N199N200N201N202N203N204N205N206N207N208N209N210N211N212N213N214N215N216N217N218N219N220N221N222N223N224N225N226N227N228N229N230N231N232N233N234N235N236N237N238N239N240N241N242N243N244N245N246N247N24
D/AT_Distributor( 1396): MakeLocalServer(): FactoryClientRecv Communication: Server_socket 7
D/AT_Distributor( 1396): InitSocketAcceptHandler(): FactoryClientRecv, id(0), fd(7)
D/AT_Distributor( 1396): MakeLocalServer(): FactoryClientSend Communication: Server_socket 8
D/AT_Distributor( 1396): InitSocketAcceptHandler(): FactoryClientSend, id(1), fd(8)
D/AT_Distributor( 1396): first start
D/AT_Distributor( 1396): there is no uart setting file. so set ap uart mode
D/AT_Distributor( 1396): IsUartUsingAP is AP
D/AT_Distributor( 1396): ConnectToUart()
I/atx     ( 1399): Init atxd : 0
I/atx     ( 1399): [atx: TryConnectSocket to atxd]
E/atxd    ( 1428): Cannot open config file '/system/etc/atx_rndis.conf' (No such file or directory)
E/atxd    ( 1428): Error in config file: using default values
I/at      ( 1428): RNDIS_SetRndisConfig:  RNDIS0 RxPort=3980
I/at      ( 1428): RNDIS_SetRndisConfig:  RNDIS0 TxPort=3981
I/at      ( 1428): RNDIS0 RxPort=3980 TxPort=3981
I/at      ( 1428): RNDIS_SetRndisConfig:  RNDIS1 RxPort=3982
I/at      ( 1428): RNDIS_SetRndisConfig:  RNDIS1 TxPort=3983
I/at      ( 1428): RNDIS1 RxPort=3982 TxPort=3983
I/at      ( 1428): RNDIS_SetRndisConfig:  RNDIS2 RxPort=3984
I/at      ( 1428): RNDIS_SetRndisConfig:  RNDIS2 TxPort=3985
I/at      ( 1428): RNDIS2 RxPort=3984 TxPort=3985
I/at      ( 1428): RNDIS_SetRndisConfig:  RNDIS3 RxPort=3986
I/at      ( 1428): RNDIS_SetRndisConfig:  RNDIS3 TxPort=3987
I/at      ( 1428): RNDIS3 RxPort=3986 TxPort=3987
D/        ( 1428): InitATRILClient: ATRILClient Communication: Server_socket 8
D/        ( 1428): InitATRILClient: ATRILClient Communication: Server_socket succeed for ATRIL_CLIENT
I/at      ( 1428): USB_Control_Pipe_Init: ok
I/at      ( 1428): GetConsoleFromStr: portNum:2 consoleFlag: 4
I/BRCM    ( 1428): USB initial state LOG_STATE_NON_USB
D/        ( 1428): ATRILClientListenFD()
I/at      ( 1428): AT_SerialDevInit: RPC_PACKET_RegisterDataIndEx clientID=1
I/at      ( 1428): AT_SerialDevInit: RPC_PACKET_RegisterDataIndEx res=0
I/atxd    ( 1428): Starting atxd listener loop...
I/atx     ( 1440): ATX_Start Exit
E/atxd    ( 1428): [ATXD_HandleClientCommandPacket] ATXD_CMD_AT_CMD_FOR_DEVID error: no active client for devID=5
I/atxd    ( 1428): [ATXD_HandleClientCommandPacket] don't send a response for error
I/atxd    ( 1428): [ATXD_Cmd_Listener_Loop][17]:  end of stream from record_stream_get_next; exiting...
D/BrcmGpsRildIpc( 1397): BrcmLbsRilAsn1_init OsHandle(414a9638)
D/BrcmGpsRildIpc( 1397): BrcmLbsRilCntin_init OsHandle(414a9638)
D/BrcmGpsRildIpc( 1397): BrcmLbsRilSupl_init
D/BrcmGpsRildIpc( 1397): RildIpcCallbacks connected
D/BrcmGpsRildIpc( 1397): RilIpcCallbacks::OnIpcMessage AGPS onSetControlPlane 0x40195fd1
D/BrcmGpsRildIpc( 1397): RilIpcCallbacks::OnIpcMessage(13,0x414a968c ("SET_CPLANE")[1])
D/AT_Distributor( 1396): connect to local socket fd : 10
D/AT_Distributor( 1396): InitSocketMessageHandler(): UART, id(3), fd(10)
D/AT_Distributor( 1396): Send Msg [ ATD > UART ]   15 bytes <(\r)(\n)+UART READY(\r)(\n)>
D/        ( 1428): ATRILClientListenFD: ATRILClient Communication: accept client_fd : 17
D/        ( 1428): ATRILClientListenFD: ATRILClient Communication: Received length : 15
D/AT_Distributor( 1396): SetAtdStatus(), 1_0_0
D/AT_Distributor( 1396): SERIALNO: R21F20DEXTV
D/AT_Distributor( 1396): ril.serialnumber: R21F20DEXTV
D/AT_Distributor( 1396): ListenFD()
D/WVMDrmPlugIn( 1387): WVMDrmPlugin::onGetSupportInfo : 0
I/atx     ( 1399): [TryConnectAtxd]: attempting to connect again [1 of 5 tries]...
I/atx     ( 1399): [TryConnectAtxd]: successful, s_sd_atxDaemon=0x7
I/atxd    ( 1428): [ATXD_HandleClientCommandPacket] register client at socket 18
I/at      ( 1428): GetAvailableDevID: devID=18, available devID=0
I/atxd    ( 1428): [RegisterClient]: devID=18
I/at      ( 1428): SERIALMGR_RegisterClient: inDevID=18
I/at      ( 1428): Serial_OpenDevice: devID=18
I/at      ( 1428): Serial_OpenDevice: openResult=1
I/at      ( 1428): SERIALMGR_SetFlowControl: devID=18, client=1 enable=0 state=1
I/at      ( 1428): AT_RegisterRpcDevID: index:0 handle:0x41693340, chan:0
I/atxd    ( 1428): RegisterClient: atCh 0, devID 18, allowUnsolEvents 0, flags 0x1
D/        ( 1428): pcsync_init
I/at      ( 1428): USB_Set_Permission() : IsEnable=0
I/at      ( 1428): USB_Set_Permission() : mobexstate=DISABLE
I/at      ( 1428): SERIALMGR_RX_Entry: devID=18, BEGIN
D/AndroidRuntime( 1386): 
D/AndroidRuntime( 1386): >>>>>> AndroidRuntime START com.android.internal.os.ZygoteInit <<<<<<
D/AndroidRuntime( 1386): CheckJNI is OFF
D/        ( 1428): pcsync_socket_init
I/atx     ( 1399): UART_Open()
--------- beginning of /dev/log/system
I/Encryption( 1379): Vold 2.1 (the revenge) firing up
E/Encryption( 1379): created DirEncryptionManager
D/AndroidRuntime( 1386): setted country_code = China
D/AndroidRuntime( 1386): setted countryiso_code = CN
D/        ( 1428): __pcsync_monitor_thread
D/Vold    ( 1379): Volume sdcard state changing -1 (Initializing) -> 0 (No-Media)
D/Vold    ( 1379): Volume sda state changing -1 (Initializing) -> 0 (No-Media)
D/Vold    ( 1379): Volume sdb state changing -1 (Initializing) -> 0 (No-Media)
D/Vold    ( 1379): Volume sdc state changing -1 (Initializing) -> 0 (No-Media)
D/Vold    ( 1379): Volume sdd state changing -1 (Initializing) -> 0 (No-Media)
D/Vold    ( 1379): Volume sde state changing -1 (Initializing) -> 0 (No-Media)
D/Vold    ( 1379): Volume sdf state changing -1 (Initializing) -> 0 (No-Media)
D/AndroidRuntime( 1386): setted sales_code = CHU
D/AndroidRuntime( 1386): readGMSProperty: start
D/AndroidRuntime( 1386): readGMSProperty: end
D/AndroidRuntime( 1386): addProductProperty: start
I/SurfaceFlinger( 1385): SurfaceFlinger is starting
I/dalvikvm( 1386): DexOpt: source file mod time mismatch (4624b52c vs 4624b6d8)
D/dalvikvm( 1386): ODEX file is stale or bad; removing and retrying (/data/dalvik-cache/system@framework@framework2.jar@classes.dex)
I/SurfaceFlinger( 1385): SurfaceFlinger's main thread ready to run. Initializing graphics H/W...
D/        ( 1385): gHwMemAllocator client 1
D/        ( 1385): gHwMemAllocator client 2
E/hawaii.gralloc( 1385): GRALLOC ALLOC flags 1000
D/ION     ( 1385): config: version(0x10000) secure(0xf000) 256M(0x22d) fast(0x608) hwwr(0x608)
D/        ( 1385): Waiting for mm thread to come up
D/        ( 1385): mm_device_thread starting
E/hawaii.gralloc( 1385): GRALLOC ALLOC flags 1000
D/libEGL  ( 1385): loaded /system/lib/egl/libGLES_hawaii.so
D/        ( 1385): mem_init ++
D/        ( 1385): gHwMemAllocator client 3
D/        ( 1385): **** Using ION allocator ****
D/        ( 1385): registered SIGUSR1[10] for pid[1385]
D/        ( 1385): HwMemAllocatorImpl Static Counters 0 0
D/        ( 1385): HwMemAllocatorImpl[40fc6d5c] totalDeviceAllocSize[0] totalFree[0] maxFree[0] in numSlabs[0]
D/        ( 1385): mem_init 40fc6d5c--
D/HAWAII_EGL( 1385): Set SWAP INTERVAL 0
D/HAWAII_EGL( 1385): eglCreateWindowSurface() surface: 0x41add710, VC surface: 1, Thread: 1560
D/HAWAII_EGL( 1385): eglCreateContext() config: 35 context: 0x41ae4268, VC context 1, Thread 1560
D/HAWAII_EGL( 1385): eglMakeCurrent(0x41ae4268, 0x41add710, 0x41add710) Thread: 1560
I/SurfaceFlinger( 1385): EGL informations:
I/SurfaceFlinger( 1385): # of configs : 66
I/SurfaceFlinger( 1385): vendor    : Android
I/SurfaceFlinger( 1385): version   : 1.4 Android META-EGL
I/SurfaceFlinger( 1385): extensions: EGL_KHR_image EGL_KHR_image_base EGL_KHR_image_pixmap EGL_KHR_fence_sync EGL_ANDROID_image_native_buffer 
I/SurfaceFlinger( 1385): Client API: OpenGL_ES
I/SurfaceFlinger( 1385): EGLSurface: 8-8-8-8, config=0x23
I/SurfaceFlinger( 1385): OpenGL informations:
I/SurfaceFlinger( 1385): vendor    : Broadcom
I/SurfaceFlinger( 1385): renderer  : VideoCore IV HW
I/SurfaceFlinger( 1385): version   : OpenGL ES-CM 1.1
I/SurfaceFlinger( 1385): extensions: GL_EXT_debug_marker GL_OES_compressed_ETC1_RGB8_texture GL_OES_compressed_paletted_texture GL_OES_texture_npot GL_ARB_texture_non_power_of_two GL_OES_EGL_image GL_OES_EGL_image_external GL_EXT_discard_framebuffer GL_OES_query_matrix GL_OES_framebuffer_object GL_OES_rgb8_rgba8 GL_OES_depth24 GL_OES_depth32 GL_OES_stencil8 GL_OES_packed_depth_stencil GL_OES_draw_texture GL_EXT_texture_format_BGRA8888 GL_APPLE_rgb_422 GL_OES_matrix_palette 
I/SurfaceFlinger( 1385): GL_MAX_TEXTURE_SIZE = 2048
I/SurfaceFlinger( 1385): GL_MAX_VIEWPORT_DIMS = 2048 x 2048
I/SurfaceFlinger( 1385): flags = 00000000
D/HAWAII_EGL( 1385): eglMakeCurrent(NULL) Thread: 1560
I/hawaii.hwcomposer( 1385): BRCM using (fd=27)
I/hawaii.hwcomposer( 1385): id           = 
I/hawaii.hwcomposer( 1385): xres         = 480 px
I/hawaii.hwcomposer( 1385): yres         = 800 px
I/hawaii.hwcomposer( 1385): xres_virtual = 480 px
I/hawaii.hwcomposer( 1385): yres_virtual = 1600 px
I/hawaii.hwcomposer( 1385): bpp          = 32
I/hawaii.hwcomposer( 1385): r            = 16:8
I/hawaii.hwcomposer( 1385): g            =  8:8
I/hawaii.hwcomposer( 1385): b            =  0:8
I/hawaii.hwcomposer( 1385): width        = 52 mm (234.461533 dpi)
I/hawaii.hwcomposer( 1385): height       = 87 mm (233.563217 dpi)
I/hawaii.hwcomposer( 1385): refresh rate = 60.00 Hz
I/hawaii.hwcomposer( 1385): rotation = 0 
D/        ( 1385): gHwMemAllocator client 4
D/HAWAII_EGL( 1385): eglMakeCurrent(0x41ae4268, 0x41add710, 0x41add710) Thread: 1560
I/SurfaceFlinger( 1385): EventThread ready to run.
D/hawaii.hwcomposer( 1385): HWC Starting VSYNC thread
D/hawaii.hwcomposer( 1385): FBDevice::vsync called 0 times
D/Vold    ( 1379): '/dev/block/mmcblk0' : disk_size (3909091328)
I/SurfaceFlinger( 1385): id=1(1) createSurf 0x41a79b84 (480x800),4 flag=0
D/hawaii.hwcomposer( 1385): FBDevice::post called 0 times
D/        ( 1585): gHwMemAllocator client 1
D/        ( 1585): gHwMemAllocator client 2
D/libEGL  ( 1585): loaded /system/lib/egl/libGLES_hawaii.so
D/        ( 1585): mem_init ++
D/        ( 1585): gHwMemAllocator client 3
D/        ( 1585): **** Using ION allocator ****
D/        ( 1585): registered SIGUSR1[10] for pid[1585]
D/        ( 1585): HwMemAllocatorImpl Static Counters 0 0
D/        ( 1585): HwMemAllocatorImpl[408e4d5c] totalDeviceAllocSize[0] totalFree[0] maxFree[0] in numSlabs[0]
D/        ( 1585): mem_init 408e4d5c--
D/ION     ( 1585): config: version(0x10000) secure(0xf000) 256M(0x22d) fast(0x608) hwwr(0x608)
D/        ( 1585): Waiting for mm thread to come up
D/        ( 1585): mm_device_thread starting
D/HAWAII_EGL( 1585): Set SWAP INTERVAL 0
D/HAWAII_EGL( 1585): eglCreateWindowSurface() surface: 0x416bd898, VC surface: 1, Thread: 1602
D/HAWAII_EGL( 1585): eglCreateContext() config: 19 context: 0x416c43f8, VC context 1, Thread 1602
D/HAWAII_EGL( 1585): eglMakeCurrent(0x416c43f8, 0x416bd898, 0x416bd898) Thread: 1602
E/hawaii.gralloc( 1385): GRALLOC ALLOC flags 10000b22
E/hawaii.gralloc( 1385): GRALLOC ALLOC flags 10000b22
E/HAWAII_EGL( 1385): abuffer = (480 800) (10000b22)
E/hawaii.gralloc( 1385): GRALLOC ALLOC flags 10000b22
E/HAWAII_EGL( 1385): abuffer = (480 800) (10000b22)
E/HAWAII_EGL( 1385): abuffer = (480 800) (10000b22)
D/        ( 1388): gHwMemAllocator client 1
D/        ( 1388): gHwMemAllocator client 2
I/mediaserver( 1388): ServiceManager: 0x41858678
I/AudioFlinger( 1388): Using default 3000 mSec as standby time.
V/MediaPlayerService( 1388): MediaPlayerService created
I/CameraService( 1388): CameraService started (pid=1388)
E/V4L2CameraDevice( 1388): checkSupportedCameras(): cannot open /dev/video1
I/V4L2CameraDevice( 1388): checkSupportedCameras(): detected 1 v4l2 cameras
I/CameraHAL( 1388): init_camera_info(): detected 1 v4l2 cameras
D/V4L2CameraDevice( 1388): static int android::V4L2CameraDevice::checkOrientation(int)(), nOrientation=90
I/CameraHAL( 1388): init_camera_info(): camera0 orientation=90 facing=0
I/CameraHAL( 1388): get_number_of_cameras(): reports 1 cameras
I/AudioPolicyManagerBase( 1388): ### stringToEnum() found AUDIO_DEVICE_OUT_EARPIECE
I/AudioPolicyManagerBase( 1388): ### stringToEnum() found AUDIO_DEVICE_OUT_SPEAKER
V/AudioPolicyManagerBase( 1388): loadGlobalConfig() mAttachedOutputDevices 0003
I/AudioPolicyManagerBase( 1388): ### stringToEnum() found AUDIO_DEVICE_OUT_SPEAKER
V/AudioPolicyManagerBase( 1388): loadGlobalConfig() mDefaultOutputDevice 0002
I/AudioPolicyManagerBase( 1388): ### stringToEnum() found AUDIO_DEVICE_IN_BUILTIN_MIC
I/AudioPolicyManagerBase( 1388): ### stringToEnum() found AUDIO_DEVICE_IN_BACK_MIC
I/AudioPolicyManagerBase( 1388): ### stringToEnum() found AUDIO_DEVICE_IN_VOICE_CALL
V/AudioPolicyManagerBase( 1388): loadGlobalConfig() remove : AUDIO_DEVICE_IN_BACK_MIC 2000000
V/AudioPolicyManagerBase( 1388): loadGlobalConfig() mAvailableInputDevices 1100000
V/AudioPolicyManagerBase( 1388): loadHwModules() loading module primary
V/AudioPolicyManagerBase( 1388): loadHwModule() loading output primary
V/AudioPolicyManagerBase( 1388): loadSamplingRates() adding rate 48000
V/AudioPolicyManagerBase( 1388): loadOutChannels() AUDIO_CHANNEL_OUT_STEREO
I/AudioPolicyManagerBase( 1388): ### stringToEnum() found AUDIO_CHANNEL_OUT_STEREO
I/AudioPolicyManagerBase( 1388): ### stringToEnum() found AUDIO_FORMAT_PCM_16_BIT
I/AudioPolicyManagerBase( 1388): ### stringToEnum() found AUDIO_DEVICE_OUT_EARPIECE
I/AudioPolicyManagerBase( 1388): ### stringToEnum() found AUDIO_DEVICE_OUT_SPEAKER
I/AudioPolicyManagerBase( 1388): ### stringToEnum() found AUDIO_DEVICE_OUT_WIRED_HEADSET
I/AudioPolicyManagerBase( 1388): ### stringToEnum() found AUDIO_DEVICE_OUT_WIRED_HEADPHONE
I/AudioPolicyManagerBase( 1388): ### stringToEnum() found AUDIO_DEVICE_OUT_ALL_SCO
I/AudioPolicyManagerBase( 1388): ### stringToEnum() found AUDIO_DEVICE_OUT_ANLG_DOCK_HEADSET
I/AudioPolicyManagerBase( 1388): ### stringToEnum() found AUDIO_OUTPUT_FLAG_PRIMARY
V/AudioPolicyManagerBase( 1388): loadOutput() adding output mSupportedDevices 087f, mFlags 0002
V/AudioPolicyManagerBase( 1388): loadHwModule() loading output voip
V/AudioPolicyManagerBase( 1388): loadSamplingRates() adding rate 16000
V/AudioPolicyManagerBase( 1388): loadSamplingRates() adding rate 48000
V/AudioPolicyManagerBase( 1388): loadOutChannels() AUDIO_CHANNEL_OUT_STEREO
I/AudioPolicyManagerBase( 1388): ### stringToEnum() found AUDIO_CHANNEL_OUT_STEREO
I/AudioPolicyManagerBase( 1388): ### stringToEnum() found AUDIO_FORMAT_PCM_16_BIT
I/AudioPolicyManagerBase( 1388): ### stringToEnum() found AUDIO_DEVICE_OUT_EARPIECE
I/AudioPolicyManagerBase( 1388): ### stringToEnum() found AUDIO_DEVICE_OUT_SPEAKER
I/AudioPolicyManagerBase( 1388): ### stringToEnum() found AUDIO_DEVICE_OUT_WIRED_HEADSET
I/AudioPolicyManagerBase( 1388): ### stringToEnum() found AUDIO_DEVICE_OUT_WIRED_HEADPHONE
I/AudioPolicyManagerBase( 1388): ### stringToEnum() found AUDIO_DEVICE_OUT_ALL_SCO
V/AudioPolicyManagerBase( 1388): loadOutput() adding output mSupportedDevices 007f, mFlags 0000
V/AudioPolicyManagerBase( 1388): loadHwModule() loading input primary
V/AudioPolicyManagerBase( 1388): loadSamplingRates() adding rate 8000
V/AudioPolicyManagerBase( 1388): loadSamplingRates() adding rate 11025
V/AudioPolicyManagerBase( 1388): loadSamplingRates() adding rate 16000
V/AudioPolicyManagerBase( 1388): loadSamplingRates() adding rate 22050
V/AudioPolicyManagerBase( 1388): loadSamplingRates() adding rate 24000
V/AudioPolicyManagerBase( 1388): loadSamplingRates() adding rate 32000
V/AudioPolicyManagerBase( 1388): loadSamplingRates() adding rate 44100
V/AudioPolicyManagerBase( 1388): loadSamplingRates() adding rate 48000
V/AudioPolicyManagerBase( 1388): loadInChannels() AUDIO_CHANNEL_IN_MONO
I/AudioPolicyManagerBase( 1388): ### stringToEnum() found AUDIO_CHANNEL_IN_MONO
V/AudioPolicyManagerBase( 1388): loadInChannels() adding channelMask 0010
I/AudioPolicyManagerBase( 1388): ### stringToEnum() found AUDIO_CHANNEL_IN_STEREO
V/AudioPolicyManagerBase( 1388): loadInChannels() adding channelMask 000c
I/AudioPolicyManagerBase( 1388): ### stringToEnum() found AUDIO_FORMAT_PCM_16_BIT
I/AudioPolicyManagerBase( 1388): ### stringToEnum() found AUDIO_DEVICE_IN_BUILTIN_MIC
I/AudioPolicyManagerBase( 1388): ### stringToEnum() found AUDIO_DEVICE_IN_BLUETOOTH_SCO_HEADSET
I/AudioPolicyManagerBase( 1388): ### stringToEnum() found AUDIO_DEVICE_IN_WIRED_HEADSET
I/AudioPolicyManagerBase( 1388): ### stringToEnum() found AUDIO_DEVICE_IN_BACK_MIC
I/AudioPolicyManagerBase( 1388): ### stringToEnum() found AUDIO_DEVICE_IN_FM
I/AudioPolicyManagerBase( 1388): ### stringToEnum() found AUDIO_DEVICE_IN_VOICE_CALL
V/AudioPolicyManagerBase( 1388): loadInput() adding input mSupportedDevices 7700000
V/AudioPolicyManagerBase( 1388): loadHwModule() loading input voip
V/AudioPolicyManagerBase( 1388): loadSamplingRates() adding rate 8000
V/AudioPolicyManagerBase( 1388): loadSamplingRates() adding rate 11025
V/AudioPolicyManagerBase( 1388): loadSamplingRates() adding rate 16000
V/AudioPolicyManagerBase( 1388): loadSamplingRates() adding rate 22050
V/AudioPolicyManagerBase( 1388): loadSamplingRates() adding rate 24000
V/AudioPolicyManagerBase( 1388): loadSamplingRates() adding rate 32000
V/AudioPolicyManagerBase( 1388): loadSamplingRates() adding rate 44100
V/AudioPolicyManagerBase( 1388): loadSamplingRates() adding rate 48000
V/AudioPolicyManagerBase( 1388): loadInChannels() AUDIO_CHANNEL_IN_MONO
I/AudioPolicyManagerBase( 1388): ### stringToEnum() found AUDIO_CHANNEL_IN_MONO
V/AudioPolicyManagerBase( 1388): loadInChannels() adding channelMask 0010
I/AudioPolicyManagerBase( 1388): ### stringToEnum() found AUDIO_CHANNEL_IN_STEREO
V/AudioPolicyManagerBase( 1388): loadInChannels() adding channelMask 000c
I/AudioPolicyManagerBase( 1388): ### stringToEnum() found AUDIO_FORMAT_PCM_16_BIT
I/AudioPolicyManagerBase( 1388): ### stringToEnum() found AUDIO_DEVICE_IN_BUILTIN_MIC
I/AudioPolicyManagerBase( 1388): ### stringToEnum() found AUDIO_DEVICE_IN_BLUETOOTH_SCO_HEADSET
I/AudioPolicyManagerBase( 1388): ### stringToEnum() found AUDIO_DEVICE_IN_WIRED_HEADSET
I/AudioPolicyManagerBase( 1388): ### stringToEnum() found AUDIO_DEVICE_IN_VOICE_CALL
V/AudioPolicyManagerBase( 1388): loadInput() adding input mSupportedDevices 1700000
V/AudioPolicyManagerBase( 1388): loadHwModules() loading module a2dp
V/AudioPolicyManagerBase( 1388): loadHwModule() loading output a2dp
V/AudioPolicyManagerBase( 1388): loadSamplingRates() adding rate 44100
V/AudioPolicyManagerBase( 1388): loadOutChannels() AUDIO_CHANNEL_OUT_STEREO
I/AudioPolicyManagerBase( 1388): ### stringToEnum() found AUDIO_CHANNEL_OUT_STEREO
I/AudioPolicyManagerBase( 1388): ### stringToEnum() found AUDIO_FORMAT_PCM_16_BIT
I/AudioPolicyManagerBase( 1388): ### stringToEnum() found AUDIO_DEVICE_OUT_ALL_A2DP
V/AudioPolicyManagerBase( 1388): loadOutput() adding output mSupportedDevices 0380, mFlags 0000
I/AudioPolicyManagerBase( 1388): loadAudioPolicyConfig() loaded /system/etc/audio_policy.conf
V/AudioFlinger( 1388): registerClient() client 0x41859c60, pid 1388
D/ALSAControl( 1388): Opening Control
D/ALSAControl( 1388): Opening Control passed mHandle = 0x41859e60
D/ALSAControl( 1388): [Hardware.configuration.SSPI.1.index]=1
D/ALSAControl( 1388): [Hardware.configuration.SSPI.2.index]=0
D/ALSAControl( 1388): [Hardware.configuration.SSPI.3.index]=0
D/ALSAControl( 1388): setting up MIC sections
D/ALSAControl( 1388): MIC section 1: mic number 0=1
D/ALSAControl( 1388): MIC section 1: mic number 1=4
D/ALSAControl( 1388): micVal=1, 4, 825522224, 909653304, 14391, 1099255196
D/ALSAControl( 1388): MIC section 2: mic number 0=2
D/ALSAControl( 1388): MIC section 2: mic number 1=4
D/ALSAControl( 1388): micVal=2, 4, 825522224, 909653304, 14391, 1099255196
D/ALSAControl( 1388): MIC section 3: mic number 0=1
D/ALSAControl( 1388): MIC section 3: mic number 1=4
D/ALSAControl( 1388): micVal=1, 4, 825522224, 909653304, 14391, 1099255196
D/ALSAControl( 1388): MIC section 4: mic number 0=9
D/ALSAControl( 1388): MIC section 4: mic number 1=4
D/ALSAControl( 1388): micVal=9, 4, 825522224, 909653304, 14391, 1099255196
D/ALSAControl( 1388): MIC section 5: mic number 0=1
D/ALSAControl( 1388): MIC section 5: mic number 1=4
D/ALSAControl( 1388): micVal=1, 4, 825522224, 909653304, 14391, 1099255196
E/AudioHardwareALSA( 1388): Voice Volume min = 0, max = 5
E/AudioHardwareALSA( 1388): FM Volume min = 0, max = 14
I/AudioFlinger( 1388): loadHwModule() Loaded primary audio interface from LEGACY Audio HW HAL (audio) handle 1
V/AudioFlinger( 1388): openOutput(), module 1 Device 2, SamplingRate 48000, Format 1, Channels 3, flags 2
D/AudioHardwareALSA( 1388): openOutputStream called for devices: 0x00000002 sampleRate = 48000
I/AudioHardwareALSA( 1388): persist.debug.audio.pcmout2 = ON
D/ALSA_Default( 1388): open called for devices 00000002 in mode 0...
D/ALSA_Default( 1388): deviceName: devString [pcmout1], channels 2, sampleRate 48000 
D/ALSA_Default( 1388): open called for pcmout1
V/ALSA_Default( 1388): Set PLAYBACK PCM format to S16_LE (Signed 16 bit Little Endian)
V/ALSA_Default( 1388): Using 2 channels for PLAYBACK.
V/ALSA_Default( 1388): Set device 0 sample rate to 48000 HZ
V/ALSA_Default( 1388): Buffer size: 4096
V/ALSA_Default( 1388): Latency: 85333
V/ALSA_Default( 1388): Period Size: 2048
D/ALSA_Default( 1388): startThreshold=4096 stopThreshold=4096
I/ALSA_Default( 1388): Initialized ALSA PLAYBACK device pcmout1
D/SoundBooster( 1388): SoundBoosterInit(): sampleRate=44100
D/AudioHardwareALSA( 1388): getPlaybackDevice for device = 0x2 returned sink = 4
D/ALSAStreamOps( 1388): ALSAStreamOps::set format=1 channel=3 rate=48000
V/AudioFlinger( 1388): openOutput() openOutputStream returned output 0x41d2da60, SamplingRate 48000, Format 1, Channels 3, status 0
I/ALSAStreamOps( 1388):  CFG_AUD_BUF bufferSize =8192 P
I/AudioFlinger( 1388): HAL output buffer size 2048 frames, normal mix buffer size 2048 frames
V/AudioFlinger( 1388): MixerThread() id=2 device=2 type=0
V/AudioFlinger( 1388): mSampleRate=48000, mChannelMask=3, mChannelCount=2, mFormat=1, mFrameSize=4, mFrameCount=2048, mNormalFrameCount=2048
D/dalvikvm( 1386): DexOpt: --- BEGIN 'framework2.jar' (bootstrap=1) ---
D/hawaii.hwcomposer( 1385): FBDevice::vsync called 235 times
W/EffectsFactory( 1388): Error querying effect 4d486880-e92c-11e2-91e2-0800200c9a66 on lib pre_processing
W/EffectsFactory( 1388): Error querying effect 67b898c0-e92c-11e2-91e2-0800200c9a66 on lib pre_processing
I/AudioMixer( 1388): found effect "Multichannel Downmix To Stereo" from The Android Open Source Project
I/ALSAStreamOps( 1388):  CFG_AUD_BUF bufferSize =8192 P
V/AudioFlinger( 1388): openOutput() created mixer output: ID 2 thread 0x41d4b008
V/AudioFlinger( 1388): PlaybackThread::audioConfigChanged_l, thread 0x41d4b008, event 0, param 0
I/AudioFlinger( 1388): Using module 1 has the primary audio interface
D/AudioHardwareALSA( 1388): setMode called to enable voice path mode=0 mMode=0
V/AudioPolicyManagerBase( 1388): setOutputDevice() output 2 device 0002 force 1 delayMs 0 
V/AudioPolicyManagerBase( 1388): setOutputDevice() prevDevice 0002
V/AudioPolicyManagerBase( 1388): setStreamMute() unmuting non muted stream!
V/AudioPolicyManagerBase( 1388): setStreamMute() unmuting non muted stream!
V/AudioPolicyManagerBase( 1388): setStreamMute() unmuting non muted stream!
E/AudioPolicyManagerBase( 1388): stream type [10], return media stratege
V/AudioPolicyManagerBase( 1388): setStreamMute() unmuting non muted stream!
E/AudioPolicyManagerBase( 1388): stream type [10], return media stratege
V/AudioPolicyManagerBase( 1388): setStreamMute() unmuting non muted stream!
V/AudioPolicyManagerBase( 1388): setStreamMute() unmuting non muted stream!
E/AudioPolicyManagerBase( 1388): stream type [10], return media stratege
V/AudioPolicyManagerBase( 1388): setStreamMute() unmuting non muted stream!
V/AudioPolicyManagerBase( 1388): setStreamMute() unmuting non muted stream!
E/AudioPolicyManagerBase( 1388): stream type [10], return media stratege
V/AudioPolicyManagerBase( 1388): setStreamMute() unmuting non muted stream!
V/AudioPolicyManagerBase( 1388): setStreamMute() unmuting non muted stream!
V/AudioPolicyManagerBase( 1388): setStreamMute() unmuting non muted stream!
E/AudioPolicyManagerBase( 1388): stream type [10], return media stratege
E/AudioPolicyManagerBase( 1388): stream type [10], return media stratege
E/AudioPolicyManagerBase( 1388): stream type [10], return media stratege
E/AudioPolicyManagerBase( 1388): stream type [10], return media stratege
V/AudioPolicyManagerBase( 1388): setStreamMute() unmuting non muted stream!
E/AudioPolicyManagerBase( 1388): stream type [10], return media stratege
E/AudioPolicyManagerBase( 1388): stream type [10], return media stratege
V/AudioPolicyManagerBase( 1388): setStreamMute() unmuting non muted stream!
E/AudioPolicyManagerBase( 1388): stream type [10], return media stratege
E/AudioPolicyManagerBase( 1388): stream type [10], return media stratege
V/AudioPolicyManagerBase( 1388): setOutputDevice() changing device(0x2)
V/AudioFlinger( 1388): setParameters(): io 2, keyvalue routing=2, tid 1635, calling pid 1388
V/AudioFlinger( 1388): ThreadBase::setParameters() routing=2
D/hawaii.hwcomposer( 1385): FBDevice::post called 7 times
I/AudioFlinger( 1388): AudioFlinger's thread 0x41d4b008 ready to run
W/AudioFlinger( 1388): Thread AudioOut_2 cannot connect to the power manager service
V/ALSAStreamOps( 1388): setParameters() routing=2 for playback rate=48000 modechanging=0 mode=0
V/ALSAStreamOps( 1388): setParameters() mIsRealCall=0
D/ALSAStreamOps( 1388): ALSAStreamOps mParent->mModeChanging = 0
D/ALSAStreamOps( 1388): curDevice = 0x2,newDevice = 0x2
D/ALSAStreamOps( 1388): setParameters() VoiceOnCounter 0 VoiceCallSw 0 device 2 curDev 2, mode 0, wait for mLock_voiceOn...
D/ALSAStreamOps( 1388): setParameters() get mLock_voiceOn
V/AudioPolicyManagerBase( 1388): checkAndSetVolume(),setVoiceVolume() voiceVolume:0.000000
D/AudioHardwareALSA( 1388): SetVoiceVolume() volume = 0.000000, mVoipVolFlag = 0
D/AudioHardwareALSA( 1388): SetVoiceVolume() - volume 0.000000, vol 0, vcVolMin 0, vcVolMax 5
E/AudioPolicyManagerBase( 1388): stream type [10], return media stratege
E/AudioPolicyManagerBase( 1388): stream type [10], return media stratege
E/AudioPolicyManagerBase( 1388): stream type [10], return media stratege
E/AudioPolicyManagerBase( 1388): stream type [10], return media stratege
E/AudioPolicyManagerBase( 1388): stream type [10], return media stratege
E/AudioPolicyManagerBase( 1388): stream type [10], return media stratege
V/AudioPolicyManagerBase( 1388): getNewDevice() selected device 0
V/AudioPolicyManagerBase( 1388): checkAndSetVolume() cannot set stream 6 volume with force use = 0 for comm
V/AudioFlinger( 1388): openOutput(), module 1 Device 2, SamplingRate 16000, Format 1, Channels 3, flags 0
D/AudioHardwareALSA( 1388): openOutputStream called for devices: 0x00000002 sampleRate = 16000
D/AudioHardwareALSA( 1388): openOutputStream Allocate VoIP stream for format 1 channels 3 samplerate 16000 
V/AudioFlinger( 1388): Audio hardware entering standby, mixer 0x41d4b008, suspend count 0
D/AudioStreamOutALSA( 1388): AudioStreamOutALSA::standby--pause, rate = 48000 
I/AudioStreamOutALSA( 1388): dump.audio.pcm = OFF
V/AudioStreamOutALSA( 1388): Data Dump is disabled
V/AudioFlinger( 1388): thread 0x41d4b008 type 0 TID 1653 going to sleep
D/AudioStreamOutVoIP( 1388): codec type is 4 mBlkSize=640
D/AudioStreamOutVoIP( 1388): AudioStreamOutVoIP::open 1
W/AudioStreamOutVoIP( 1388): Return 1 when open VoIP Out
D/AudioStreamOutVoIP( 1388): AudioStreamOutVoIP::AudioStreamOutVoIP
I/AudioStreamOutVoIP( 1388): AudioStreamOutVoIP:sampleRate 48000
V/AudioFlinger( 1388): openOutput() openOutputStream returned output 0x41d56578, SamplingRate 48000, Format 1, Channels 3, status 0
I/AudioStreamOutVoIP( 1388): AudioStreamOutVoIP:sampleRate 48000
I/AudioFlinger( 1388): HAL output buffer size 960 frames, normal mix buffer size 960 frames
V/AudioFlinger( 1388): MixerThread() id=3 device=2 type=0
V/AudioFlinger( 1388): mSampleRate=48000, mChannelMask=3, mChannelCount=2, mFormat=1, mFrameSize=4, mFrameCount=960, mNormalFrameCount=960
I/AudioMixer( 1388): found effect "Multichannel Downmix To Stereo" from The Android Open Source Project
I/AudioStreamOutVoIP( 1388): AudioStreamOutVoIP:sampleRate 48000
V/AudioFlinger( 1388): openOutput() created mixer output: ID 3 thread 0x41f06008
V/AudioFlinger( 1388): PlaybackThread::audioConfigChanged_l, thread 0x41f06008, event 0, param 0
V/AudioPolicyManagerBase( 1388): setOutputDevice() output 3 device 0002 force 1 delayMs 0 
V/AudioPolicyManagerBase( 1388): setOutputDevice() prevDevice 0002
V/AudioPolicyManagerBase( 1388): setStreamMute() unmuting non muted stream!
V/AudioPolicyManagerBase( 1388): setStreamMute() unmuting non muted stream!
V/AudioPolicyManagerBase( 1388): setStreamMute() unmuting non muted stream!
E/AudioPolicyManagerBase( 1388): stream type [10], return media stratege
V/AudioPolicyManagerBase( 1388): setStreamMute() unmuting non muted stream!
E/AudioPolicyManagerBase( 1388): stream type [10], return media stratege
V/AudioPolicyManagerBase( 1388): setStreamMute() unmuting non muted stream!
V/AudioPolicyManagerBase( 1388): setStreamMute() unmuting non muted stream!
V/AudioPolicyManagerBase( 1388): setStreamMute() unmuting non muted stream!
E/AudioPolicyManagerBase( 1388): stream type [10], return media stratege
V/AudioPolicyManagerBase( 1388): setStreamMute() unmuting non muted stream!
E/AudioPolicyManagerBase( 1388): stream type [10], return media stratege
V/AudioPolicyManagerBase( 1388): setStreamMute() unmuting non muted stream!
V/AudioPolicyManagerBase( 1388): setStreamMute() unmuting non muted stream!
E/AudioPolicyManagerBase( 1388): stream type [10], return media stratege
V/AudioPolicyManagerBase( 1388): setStreamMute() unmuting non muted stream!
V/AudioPolicyManagerBase( 1388): setStreamMute() unmuting non muted stream!
E/AudioPolicyManagerBase( 1388): stream type [10], return media stratege
V/AudioPolicyManagerBase( 1388): setStreamMute() unmuting non muted stream!
V/AudioPolicyManagerBase( 1388): setStreamMute() unmuting non muted stream!
E/AudioPolicyManagerBase( 1388): stream type [10], return media stratege
V/AudioPolicyManagerBase( 1388): setStreamMute() unmuting non muted stream!
V/AudioPolicyManagerBase( 1388): setStreamMute() unmuting non muted stream!
E/AudioPolicyManagerBase( 1388): stream type [10], return media stratege
V/AudioPolicyManagerBase( 1388): setStreamMute() unmuting non muted stream!
V/AudioPolicyManagerBase( 1388): setStreamMute() unmuting non muted stream!
V/AudioPolicyManagerBase( 1388): setStreamMute() unmuting non muted stream!
E/AudioPolicyManagerBase( 1388): stream type [10], return media stratege
E/AudioPolicyManagerBase( 1388): stream type [10], return media stratege
V/AudioPolicyManagerBase( 1388): setStreamMute() unmuting non muted stream!
V/AudioPolicyManagerBase( 1388): setStreamMute() unmuting non muted stream!
V/AudioPolicyManagerBase( 1388): setStreamMute() unmuting non muted stream!
E/AudioPolicyManagerBase( 1388): stream type [10], return media stratege
E/AudioPolicyManagerBase( 1388): stream type [10], return media stratege
E/AudioPolicyManagerBase( 1388): stream type [10], return media stratege
E/AudioPolicyManagerBase( 1388): stream type [10], return media stratege
E/AudioPolicyManagerBase( 1388): stream type [10], return media stratege
E/AudioPolicyManagerBase( 1388): stream type [10], return media stratege
V/AudioPolicyManagerBase( 1388): setStreamMute() unmuting non muted stream!
E/AudioPolicyManagerBase( 1388): stream type [10], return media stratege
E/AudioPolicyManagerBase( 1388): stream type [10], return media stratege
V/AudioPolicyManagerBase( 1388): setStreamMute() unmuting non muted stream!
E/AudioPolicyManagerBase( 1388): stream type [10], return media stratege
E/AudioPolicyManagerBase( 1388): stream type [10], return media stratege
V/AudioPolicyManagerBase( 1388): setOutputDevice() changing device(0x2)
V/AudioFlinger( 1388): setParameters(): io 3, keyvalue routing=2, tid 1635, calling pid 1388
V/AudioFlinger( 1388): ThreadBase::setParameters() routing=2
I/AudioFlinger( 1388): AudioFlinger's thread 0x41f06008 ready to run
W/AudioFlinger( 1388): Thread AudioOut_3 cannot connect to the power manager service
V/AudioStreamOutVoIP( 1388): AudioStreamOutVoIP setParameters() routing=2
V/AudioFlinger( 1388): Audio hardware entering standby, mixer 0x41f06008, suspend count 0
D/AudioStreamOutVoIP( 1388): AudioStreamOutVoIP::standby--pause
V/AudioFlinger( 1388): thread 0x41f06008 type 0 TID 1654 going to sleep
E/AudioPolicyManagerBase( 1388): stream type [10], return media stratege
E/AudioPolicyManagerBase( 1388): stream type [10], return media stratege
E/AudioPolicyManagerBase( 1388): stream type [10], return media stratege
E/AudioPolicyManagerBase( 1388): stream type [10], return media stratege
E/AudioPolicyManagerBase( 1388): stream type [10], return media stratege
E/AudioPolicyManagerBase( 1388): stream type [10], return media stratege
V/AudioPolicyManagerBase( 1388): getNewDevice() selected device 0
V/AudioPolicyManagerBase( 1388): checkAndSetVolume() cannot set stream 6 volume with force use = 0 for comm
I/AudioFlinger( 1388): loadHwModule() Loaded a2dp audio interface from A2DP Audio HW HAL (audio) handle 4
V/AudioPolicyManagerALSA( 1388): getOutputsForVoIP() args 0x0000 mOutputs.size()=2
V/AudioPolicyManagerALSA( 1388): getOutputsForVoIP() mOutputs[0] rate=48000
V/AudioPolicyManagerALSA( 1388): getOutputsForVoIP() mOutputs[1] rate=48000
V/AudioPolicyManagerALSA( 1388): getOutputsForVoIP() found output 3, iohandle 3
I/AudioPolicyManagerALSA( 1388): AudioPolicyManagerALSA mHWOutVoIP=3
D/Audio_Control_CSC( 1388): get_CS_ISO_Code country_code = CN
D/Audio_Control_CSC( 1388): checkCSCAndSetSysProperty() mark property to audio.country when including SalesCodes
D/MDnsDS  ( 1382): MDnsSdListener::Hander starting up
D/Audio_Control_CSC( 1388): get_CS_ISO_Code country_code = CN
D/Audio_Control_CSC( 1388): checkCSCAndSetSysProperty()_mCount = 6, mValue_salescode = CHU
D/Audio_Control_CSC( 1388): checkCSCAndSetSysProperty()_gEPSalesCodes = SPR
D/Audio_Control_CSC( 1388): checkCSCAndSetSysProperty()_gEPSalesCodes = VMU
D/Audio_Control_CSC( 1388): checkCSCAndSetSysProperty()_gEPSalesCodes = XEF
D/Audio_Control_CSC( 1388): checkCSCAndSetSysProperty()_gEPSalesCodes = TFN
D/Audio_Control_CSC( 1388): checkCSCAndSetSysProperty()_gEPSalesCodes = XAS
D/Audio_Control_CSC( 1388): checkCSCAndSetSysProperty()_gEPSalesCodes = BST
D/Audio_Control_CSC( 1388): getCameraShutterOn()_mbIsShutterOn = 1
V/AudioPolicyManagerBase( 1388): setSystemProperty() property ro.camera.sound.forced, value 1
V/AudioPolicyManagerBase( 1388): ENFORCED_AUDIBLE cannot be muted
I/AudioPolicyService( 1388): Loaded audio policy from Samsung capri audio policy HAL (audio_policy)
D/MDnsDS  ( 1382): MDnsSdListener starting to monitor
D/MDnsDS  ( 1382): Going to poll with pollCount 1
D/        ( 1586): gHwMemAllocator client 1
D/        ( 1586): gHwMemAllocator client 2
V/SamsungPowerSound( 1586): -------- SamsungPowerSoundPlayer Constuctor ---------
V/SamsungPowerSound( 1586): powerSoundPlay [1]
V/SamsungPowerSound( 1586): powerSoundPlay ringermode [1]
V/SamsungPowerSound( 1586): powerSoundPlay SysVolume [4]
V/SamsungPowerSound( 1586): powerSoundPlay SysHeadsetVolume [4]
V/SamsungPowerSound( 1586): powerSoundPlay SysHeadphoneVolume [4]
V/SamsungPowerSound( 1586): powerSoundPlay AllSoundMute [0]
V/AudioPolicyManagerBase( 1388): initStreamVolume() stream 1, min 0, max 7
V/SamsungPowerSound( 1586): power sound system volume index [4]
V/MediaPlayer( 1586): constructor
V/AudioFlinger( 1388): registerClient() client 0x420410a8, pid 1586
V/AudioFlinger( 1388): sendConfigEvent() num events 1 event 0, param 0
V/AudioFlinger( 1388): thread 0x41d4b008 type 0 TID 1653 waking up
V/AudioFlinger( 1388): sendConfigEvent() num events 1 event 0, param 0
V/AudioFlinger( 1388): thread 0x41f06008 type 0 TID 1654 waking up
W/AudioFlinger( 1388): Thread AudioOut_2 cannot connect to the power manager service
V/AudioFlinger( 1388): processConfigEvents() remaining events 1
V/AudioFlinger( 1388): PlaybackThread::audioConfigChanged_l, thread 0x41d4b008, event 0, param 0
W/AudioFlinger( 1388): Thread AudioOut_3 cannot connect to the power manager service
V/AudioFlinger( 1388): processConfigEvents() remaining events 1
V/AudioFlinger( 1388): PlaybackThread::audioConfigChanged_l, thread 0x41f06008, event 0, param 0
V/AudioFlinger( 1388): acquiring 5 from 1586
V/AudioFlinger( 1388):  added new entry for 5
V/SamsungPowerSound( 1586): -------- SamsungPowerSoundObserver Constuctor ---------
V/SamsungPowerSound( 1586): -------- SamsungPowerSoundPlayerListener Constuctor ---------
V/MediaPlayer( 1586): setListener
V/SamsungPowerSound( 1586): File path : system/media/audio/ui/PowerOn.ogg
V/MediaPlayerService( 1388): Client(1) constructor
V/MediaPlayerService( 1388): Create new client(1) from pid 1586, uid 1013, 
D/MediaPlayer( 1586): player=0x0xbef969f8, getpid()=1586, this=0x0x4178bb38, mAudioSessionId=5
V/MediaPlayerService( 1388): player type = 3
V/MediaPlayerService( 1388):  create StagefrightPlayer
V/AwesomePlayer( 1388): setDefault
V/AwesomePlayer( 1388): constructor
V/SamsungPowerSound( 1586): Enter SamsungPowerSoundObserver Thread
I/BRCM-OMX( 1388): [OMX.brcm.audio.aac.decoder]:OMX_BaseComponentSync: SYNC interface
I/BRCM-OMX( 1388): [OMX.brcm.audio.aac.decoder]:startCommandHandler: Started commandHandler thread...
I/BRCM-OMX( 1388): [OMX.brcm.audio.aac.decoder]:startCodecSyncHandler: Started CodecSyncHandler thread...
I/BRCM-OMX( 1388): ([OMX.brcm.audio.aac.decoder]:codecSyncHandler: codecSyncHandler thread exiting....
I/BRCM-OMX( 1388): [OMX.brcm.audio.aac.decoder]:commandHandler: CommandHandler thread exiting....
I/BRCM-OMX( 1388): [OMX.brcm.audio.aac.encoder]:OMX_BaseComponentSync: SYNC interface
I/BRCM-OMX( 1388): [OMX.brcm.audio.aac.encoder]:startCommandHandler: Started commandHandler thread...
I/BRCM-OMX( 1388): [OMX.brcm.audio.aac.encoder]:startCodecSyncHandler: Started CodecSyncHandler thread...
V/        ( 1388): aac_enc_open ENTER
V/        ( 1388): aacEncOpen() is successful
V/        ( 1388): setAudioParams: 48000 Hz, 2 channels, 96000 bps
V/        ( 1388): aac_enc_open EXIT
I/BRCM-OMX( 1388): ([OMX.brcm.audio.aac.encoder]:codecSyncHandler: codecSyncHandler thread exiting....
I/BRCM-OMX( 1388): [OMX.brcm.audio.aac.encoder]:commandHandler: CommandHandler thread exiting....
I/BRCM-OMX( 1388): [OMX.brcm.audio.amrnb.decoder]:OMX_BaseComponentSync: SYNC interface
I/BRCM-OMX( 1388): [OMX.brcm.audio.amrnb.decoder]:startCommandHandler: Started commandHandler thread...
I/BRCM-OMX( 1388): [OMX.brcm.audio.amrnb.decoder]:startCodecSyncHandler: Started CodecSyncHandler thread...
I/BRCM-OMX( 1388): ([OMX.brcm.audio.amrnb.decoder]:codecSyncHandler: codecSyncHandler thread exiting....
I/BRCM-OMX( 1388): [OMX.brcm.audio.amrnb.decoder]:commandHandler: CommandHandler thread exiting....
I/BRCM-OMX( 1388): [OMX.brcm.audio.amrnb.encoder]:OMX_BaseComponentSync: SYNC interface
I/BRCM-OMX( 1388): [OMX.brcm.audio.amrnb.encoder]:startCommandHandler: Started commandHandler thread...
I/BRCM-OMX( 1388): [OMX.brcm.audio.amrnb.encoder]:startCodecSyncHandler: Started CodecSyncHandler thread...
I/BRCM-OMX( 1388): ([OMX.brcm.audio.amrnb.encoder]:codecSyncHandler: codecSyncHandler thread exiting....
I/BRCM-OMX( 1388): [OMX.brcm.audio.amrnb.encoder]:commandHandler: CommandHandler thread exiting....
I/BRCM-OMX( 1388): [OMX.brcm.audio.amrwb.decoder]:OMX_BaseComponentSync: SYNC interface
I/BRCM-OMX( 1388): [OMX.brcm.audio.amrwb.decoder]:startCommandHandler: Started commandHandler thread...
I/BRCM-OMX( 1388): [OMX.brcm.audio.amrwb.decoder]:startCodecSyncHandler: Started CodecSyncHandler thread...
I/BRCM-OMX( 1388): ([OMX.brcm.audio.amrwb.decoder]:codecSyncHandler: codecSyncHandler thread exiting....
I/BRCM-OMX( 1388): [OMX.brcm.audio.amrwb.decoder]:commandHandler: CommandHandler thread exiting....
I/BRCM-OMX( 1388): [OMX.brcm.audio.amrwb.encoder]:OMX_BaseComponentSync: SYNC interface
I/BRCM-OMX( 1388): [OMX.brcm.audio.amrwb.encoder]:startCommandHandler: Started commandHandler thread...
I/BRCM-OMX( 1388): [OMX.brcm.audio.amrwb.encoder]:startCodecSyncHandler: Started CodecSyncHandler thread...
I/BRCM-OMX( 1388): ([OMX.brcm.audio.amrwb.encoder]:codecSyncHandler: codecSyncHandler thread exiting....
I/BRCM-OMX( 1388): [OMX.brcm.audio.amrwb.encoder]:commandHandler: CommandHandler thread exiting....
I/BRCM-OMX( 1388): [OMX.brcm.audio.mp3.decoder]:OMX_BaseComponentSync: SYNC interface
I/BRCM-OMX( 1388): [OMX.brcm.audio.mp3.decoder]:startCommandHandler: Started commandHandler thread...
I/BRCM-OMX( 1388): [OMX.brcm.audio.mp3.decoder]:startCodecSyncHandler: Started CodecSyncHandler thread...
I/BRCM-OMX( 1388): ([OMX.brcm.audio.mp3.decoder]:codecSyncHandler: codecSyncHandler thread exiting....
I/BRCM-OMX( 1388): [OMX.brcm.audio.mp3.decoder]:commandHandler: CommandHandler thread exiting....
I/BRCM-OMX( 1388): [OMX.brcm.audio.mp3.encoder]:OMX_BaseComponentSync: SYNC interface
I/BRCM-OMX( 1388): [OMX.brcm.audio.mp3.encoder]:startCommandHandler: Started commandHandler thread...
I/BRCM-OMX( 1388): [OMX.brcm.audio.mp3.encoder]:startCodecSyncHandler: Started CodecSyncHandler thread...
I/BRCM-OMX( 1388): ([OMX.brcm.audio.mp3.encoder]:codecSyncHandler: codecSyncHandler thread exiting....
I/BRCM-OMX( 1388): [OMX.brcm.audio.mp3.encoder]:commandHandler: CommandHandler thread exiting....
I/BRCM-OMX( 1388): [OMX.brcm.audio.wma.decoder]:OMX_BaseComponentSync: SYNC interface
V/WMA_AudioDecCodecAPI( 1388): Inside get wma dec Function Table
V/WMA_AudioDecCodecAPI( 1388):  Inside Module open
V/WMA_AudioDecCodecAPI( 1388): Module open returns 1
V/WMA_AudioDecCodecAPI( 1388): Inside Decoder open
I/BRCM-OMX( 1388): [OMX.brcm.audio.wma.decoder]:startCommandHandler: Started commandHandler thread...
I/BRCM-OMX( 1388): [OMX.brcm.audio.wma.decoder]:startCodecSyncHandler: Started CodecSyncHandler thread...
V/WMA_AudioDecCodecAPI( 1388): Inside WMA dec Close
V/WMA_AudioDecCodecAPI( 1388): Out of Decoder Close
V/WMA_AudioDecCodecAPI( 1388): Inside module close and Ref count is 0
I/BRCM-OMX( 1388): ([OMX.brcm.audio.wma.decoder]:codecSyncHandler: codecSyncHandler thread exiting....
I/BRCM-OMX( 1388): [OMX.brcm.audio.wma.decoder]:commandHandler: CommandHandler thread exiting....
I/BRCM-OMX( 1388): [OMX.brcm.video.dummy.decoder]:OMX_BaseComponentSync: SYNC interface
I/BRCM-OMX( 1388): [OMX.brcm.video.dummy.decoder]:startCommandHandler: Started commandHandler thread...
I/BRCM-OMX( 1388): [OMX.brcm.video.dummy.decoder]:startCodecSyncHandler: Started CodecSyncHandler thread...
I/BRCM-OMX( 1388): ([OMX.brcm.video.dummy.decoder]:codecSyncHandler: codecSyncHandler thread exiting....
I/BRCM-OMX( 1388): [OMX.brcm.video.dummy.decoder]:commandHandler: CommandHandler thread exiting....
I/BRCM-OMX( 1388): [OMX.brcm.video.dummy.encoder]:OMX_BaseComponentSync: SYNC interface
I/BRCM-OMX( 1388): [OMX.brcm.video.dummy.encoder]:OMX_BaseVideoEnc: SYNC interface
I/BRCM-OMX( 1388): [OMX.brcm.video.dummy.encoder]:startCommandHandler: Started commandHandler thread...
I/BRCM-OMX( 1388): [OMX.brcm.video.dummy.encoder]:startCodecSyncHandler: Started CodecSyncHandler thread...
I/BRCM-OMX( 1388): ([OMX.brcm.video.dummy.encoder]:codecSyncHandler: codecSyncHandler thread exiting....
I/BRCM-OMX( 1388): [OMX.brcm.video.dummy.encoder]:commandHandler: CommandHandler thread exiting....
I/BRCM-OMX( 1388): OMX.brcm.video.h263.decoder::OMX_BaseVideoDecAsync: ASYNC OMX ALLOCATED ZERO COPY...
I/BRCM-OMX( 1388): componentInit current PM scaling governor performance setting to ondemand.
I/default ( 1388): [OMX.brcm.video.h263.decoder]:OMX_BasePort: ENTER 
I/default ( 1388): [OMX.brcm.video.h263.decoder]:OMX_BasePort: EXIT 
I/default ( 1388): [OMX.brcm.video.h263.decoder]:getLogLevel: PORT-0, DEFAULT log level [warn]
I/default ( 1388): Registered log category 'BRCM-OMXVideoPort' with level warn
I/default ( 1388): [OMX.brcm.video.h263.decoder]:OMX_BasePort: ENTER 
I/default ( 1388): [OMX.brcm.video.h263.decoder]:OMX_BasePort: EXIT 
I/default ( 1388): [OMX.brcm.video.h263.decoder]:getLogLevel: PORT-1, DEFAULT log level [warn]
I/default ( 1388): Registered log category 'BRCM-OMXVideoPort' with level warn
I/BRCM-OMX( 1388): [OMX.brcm.video.h263.decoder]:startCommandHandler: Started commandHandler thread...
I/BRCM-OMX( 1388): OMX.brcm.video.h263.decoder::startCallbackHandler: Started Callback thread...
I/BRCM-OMX( 1388): OMX.brcm.video.h263.decoder::teardownDecoder ENTER
I/BRCM-OMX( 1388): OMX.brcm.video.h263.decoder::teardownDecoder EXIT
I/BRCM-OMX( 1388): (OMX.brcm.video.h263.decoder::callbackHandler: CallbackHandler thread exiting....
I/BRCM-OMX( 1388): [OMX.brcm.video.h263.decoder]:commandHandler: CommandHandler thread exiting....
I/BRCM-OMX( 1388): componentDeInit revert PM scaling governor to performance
I/default ( 1388): BcmOMX_ComponentInit(62): cComponentName<OMX.brcm.video.h263.encoder> 
I/default ( 1388): [OMX.brcm.video.h263.encoder]:getLogLevel: DEFAULT Component log level [info]
I/default ( 1388): Registered log category 'BRCM-OMX' with level info
I/BRCM-OMX( 1388): OMX.brcm.video.h263.encoder::OMX_BaseVideoEncAsync: ASYNC interface
I/default ( 1388): [OMX.brcm.video.h263.encoder]:OMX_BasePort: ENTER 
I/default ( 1388): [OMX.brcm.video.h263.encoder]:OMX_BasePort: EXIT 
I/default ( 1388): [OMX.brcm.video.h263.encoder]:getLogLevel: PORT-0, DEFAULT log level [warn]
I/default ( 1388): Registered log category 'BRCM-OMXVideoPort' with level warn
I/default ( 1388): [OMX.brcm.video.h263.encoder]:OMX_BasePort: ENTER 
I/default ( 1388): [OMX.brcm.video.h263.encoder]:OMX_BasePort: EXIT 
I/default ( 1388): [OMX.brcm.video.h263.encoder]:getLogLevel: PORT-1, DEFAULT log level [warn]
I/default ( 1388): Registered log category 'BRCM-OMXVideoPort' with level warn
I/BRCM-OMX( 1388): [OMX.brcm.video.h263.encoder]:startCommandHandler: Started commandHandler thread...
I/BRCM-OMX( 1388): OMX.brcm.video.h263.encoder::startCallbackHandler: Started Callback thread...
I/BRCM-OMX( 1388): (OMX.brcm.video.h263.encoder::callbackHandler: CallbackHandler thread exiting....
I/BRCM-OMX( 1388): [OMX.brcm.video.h263.encoder]:commandHandler: CommandHandler thread exiting....
I/BRCM-OMX( 1388): OMX.brcm.video.h263.encoder::~OMX_BaseVideoEncAsync: ENTER
I/default ( 1388): BcmOMX_ComponentInit(62): cComponentName<OMX.brcm.video.h264.decoder> 
I/default ( 1388): [OMX.brcm.video.h264.decoder]:getLogLevel: DEFAULT Component log level [info]
I/default ( 1388): Registered log category 'BRCM-OMX' with level info
I/BRCM-OMX( 1388): [OMX.brcm.video.h264.decoder]:OMX_BaseComponentSync: SYNC interface
I/default ( 1388): [OMX.brcm.video.h264.decoder]:OMX_BasePort: ENTER 
I/default ( 1388): [OMX.brcm.video.h264.decoder]:OMX_BasePort: EXIT 
I/default ( 1388): [OMX.brcm.video.h264.decoder]:getLogLevel: PORT-0, DEFAULT log level [warn]
I/default ( 1388): Registered log category 'BRCM-OMXVideoPort' with level warn
I/default ( 1388): [OMX.brcm.video.h264.decoder]:OMX_BasePort: ENTER 
I/default ( 1388): [OMX.brcm.video.h264.decoder]:OMX_BasePort: EXIT 
I/default ( 1388): [OMX.brcm.video.h264.decoder]:getLogLevel: PORT-1, DEFAULT log level [warn]
I/default ( 1388): Registered log category 'BRCM-OMXVideoPort' with level warn
I/BRCM-OMX( 1388): [OMX.brcm.video.h264.decoder]:startCommandHandler: Started commandHandler thread...
