W/System.err( 1741): 	at com.android.server.pm.PackageManagerService.verifyGrantExternalPermissions(PackageManagerService.java:11269)
W/System.err( 1741): 	at com.android.server.enterprise.EnterpriseDeviceManagerService.verifyEnterprisePayload(EnterpriseDeviceManagerService.java:1012)
W/System.err( 1741): 	at com.android.server.enterprise.EnterpriseDeviceManagerService.systemReady(EnterpriseDeviceManagerService.java:729)
W/System.err( 1741): 	at com.android.server.ServerThread.run(SystemServer.java:1769)
I/System.out( 1741): Enterprise APK Path is NULL , cannot proceed with payload verification.
I/EnterpriseDeviceManagerService( 1741): Payload Verified : false
I/SystemServer( 1741): enterprisePolicy systemReady
D/STATUSBAR-NotificationService( 1741): systemReady()
D/STATUSBAR-NotificationService( 1741): PickupSettingsObserver - update()   MotionPickUP = false  MotionEngine = false
D/STATUSBAR-NotificationService( 1741): setPickupMotionEnabled:false
D/KeyguardViewMediator( 1741): onSystemReady
D/LockPatternUtils( 1741): isPcwEnable = null
D/KeyguardViewMediator( 1741): doKeyguard: showing the lock screen
D/KeyguardViewMediator( 1741): KeyguardGetAudioService.dismissVolumePanel() run
D/KeyguardViewMediator( 1741): showLocked
D/BatteryStatsImpl( 1741): ++++++xy WakeLock start : pid=1741, name=, type=0, tid=1759, pid=1741, pName=null
D/PowerManagerService( 1741): setPowerState : mBootCompleted : false, newState |= ALL_BRIGHT
D/PowerManagerService( 1741): system ready!
D/PowerManagerService( 1741): enableLightSensorLocked enable=false mLightSensorEnabled=false mAutoBrightessEnabled=false mWaitingForFirstLightSensor=false
D/LightsService( 1741): [SvcLED] systemReady
D/KeyguardViewMediator( 1741): handleShow
I/ActivityManager( 1741): System now ready
I/SystemServer( 1741): Making services ready
D/SystemServer( 1741): Starting service: Intent { cmp=com.android.systemui/.SystemUIService }
I/Zygote  ( 1741): Process: zygote socket opened
D/NetworkManagementService( 1741): enabling bandwidth control
D/LockPatternKeyguardView( 1741): phone state: 0
V/LockPatternKeyguardView( 1741): Set visibility on com.android.internal.policy.impl.LockPatternKeyguardView$4@420cc378 to 0
D/LockPatternKeyguardView( 1741): onCsSimStateChanged: 0
D/MultiSimUtils( 1741): getCurrentVoiceCall = 0
D/MultiSimUtils( 1741): getCurrentVoiceCall = 0
D/MultiSimUtils( 1741): isChangedVoiceCall oldstate = 0, new = 0
D/MultiSimUtils( 1741): getCurrentVoiceCall = 0
D/LockPatternKeyguardView( 1741): HW Qwerty enabled : false
E/LockPatternKeyguardView( 1741): mIsVoiceUnlockOn=false
D/LockPatternKeyguardView( 1741): mIsTalkbackDrvModeOn=false
D/LockPatternUtils( 1741): isPcwEnable = null
D/MultiSimUtils( 1741): getInsertedSimNum() : simSlot = 0, simState = 
D/MultiSimUtils( 1741): getInsertedSimNum() : simSlot = 1, simState = 
D/MultiSimUtils( 1741): getInsertedSimNum() : simSlot = 0, simState = 
D/MultiSimUtils( 1741): getInsertedSimNum() : simSlot = 1, simState = 
D/MultiSimUtils( 1741): getInsertedSimNum() : simSlot = 0, simState = 
D/MultiSimUtils( 1741): getInsertedSimNum() : simSlot = 1, simState = 
D/MultiSimUtils( 1741): getInsertedSimNum() : simSlot = 0, simState = 
D/MultiSimUtils( 1741): getInsertedSimNum() : simSlot = 1, simState = 
D/dalvikvm( 1961): GC_CONCURRENT freed 132K, 19% free 2967K/3655K, paused 17ms+26ms, total 80ms
D/dalvikvm( 1741): GC_FOR_ALLOC freed 376K, 12% free 7279K/8263K, paused 112ms, total 130ms
W/AlarmManager( 1741): FACTORY_ON= 0
D/dalvikvm( 1741): GC_FOR_ALLOC freed 124K, 13% free 7785K/8903K, paused 76ms, total 77ms
I/NetworkStatsEx( 1741): (xxxz) NSS>> systemReady: Begin...
I/NetworkStatsEx( 1741): getDebugLevel  : 0x4f4c
I/NetworkStatsEx( 1741): (xxxz) NSS>> getDebugLevel: 0 - low
I/NetworkStatsEx( 1741): (xxxz) NSS>> checkShipAndDebugLevel: ship=1, level=0, SecProductFeature=false, ok=false
I/NetworkStatsEx( 1741): (xxxz) NSS>> systemReady: ship or debug is low. disable the monitoring!
I/NetworkStatsEx( 1741): (xxxz) NSS>> disable: Begin...
I/NetworkStatsEx( 1741): (xxxz) NSS>> isInMonitoring: start=0, end=0, started=false
I/NetworkStatsEx( 1741): (xxxz) NSS>> disable: Warning-> monitoring is not even started yet! start=0, end=0
I/SystemServer( 1741): thermistor systemReady
D/ThermistorObserver( 1741): systemReady()
D/UsbDeviceManager( 1741): systemReady
D/UsbDeviceManager( 1741): systemReady : massStorageSupported = false
D/UsbDeviceManager( 1741): systemReady : mAdbEnabled = true, mUseUsbNotification = true
D/UsbHostManager( 1741): systemReady
D/UsbDeviceManager( 1741): handleMessage -> MSG_SYSTEM_READY
D/UsbDeviceManager( 1741): updateUsbNotification : mConnected = true, mConfigured = true, mCurrentFunctions = adb
E/UsbDeviceManager( 1741): No known USB function in updateUsbNotification
D/UsbDeviceManager( 1741): sending intent : ACTION_USB_CABLE_STATE : connected = false
I/ActivityManager( 1741): Config changed: {Rect(0, 407 - 480, 431) 1 0 1.0 0mcc0mnc zh_CN sw320dp w320dp h508dp nrml long port finger -keyb/v/h -nav/h s.3 themeChanged=0}
D/KeyguardViewMediator( 1741): setHidden false mShowing: false mHidden: false
W/RecognitionManagerService( 1741): no available voice recognition services found
D/dalvikvm( 1961): GC_CONCURRENT freed 118K, 19% free 3247K/3975K, paused 15ms+16ms, total 50ms
D/dalvikvm( 1741): GC_FOR_ALLOC freed 34K, 13% free 8385K/9543K, paused 69ms, total 69ms
E/Watchdog( 1741): !@Sync 0
D/SystemUIService( 1961): loading: class com.android.systemui.statusbar.phone.PhoneStatusBar
D/SystemUIService( 1961): running: com.android.systemui.statusbar.phone.PhoneStatusBar@41cf8008
D/dalvikvm( 1741): GC_FOR_ALLOC freed 24K, 12% free 8995K/10183K, paused 48ms, total 49ms
D/UsbDeviceManager( 1741): sending intent : ACTION_USB_STATE : connected = true, configured = true, functions = adb
I/StatusBarManagerService( 1741): registerStatusBar bar=com.android.internal.statusbar.IStatusBar$Stub$Proxy@41f394c0
D/hawaii.hwcomposer( 1385): FBDevice::vsync called 60 times
W/InputMethodManagerService( 1741): Ignoring setImeWindowStatus of uid 1000 token: null
W/InputMethodManagerService( 1741): Found no subtypes in a system IME: com.baidu.input
E/InputMethodManagerService( 1741): checkCscDefaultIme : mCscDefaultImePackageName is wrong
D/CircleMissedEventWidget( 1741): portrait mode
D/CircleMissedEventWidget( 1741): explore by touch mode off
I/CommonTimeManagementService( 1741): No common time service detected on this platform.  Common time services will be unavailable.
I/InputReader( 1741): Reconfiguring input devices.  changes=0x00000020
I/InputReader( 1741): Reconfiguring input devices.  changes=0x00000010
W/SocketClient( 1382): write error (Broken pipe)
D/dalvikvm( 1741): GC_FOR_ALLOC freed 271K, 8% free 10109K/10951K, paused 71ms, total 88ms
W/AlarmManager( 1741): FACTORY_ON= 0
W/ThrottleService( 1741): unable to find stats for iface rmnet0
D/MultiSimManager( 1741): getInsertedSimNum() : simSlot = 0, iccType = 0
D/MultiSimManager( 1741): getInsertedSimNum() : simSlot = 1, iccType = 0
I/SystemServer( 1741): !@End of System ServerThread
D/SmartPowerService( 1741): receive broadcast! action = android.intent.action.BATTERY_CHANGED
D/SmartPowerService( 1741): batteryLevel = 100
D/PowerManagerService( 1741): setPowerState : mBootCompleted : false, newState |= ALL_BRIGHT
V/AlarmManager( 1741): <TargetPackages> com.sec.spp.push
V/AlarmManager( 1741): <TargetPackages> com.sec.chaton
V/AlarmManager( 1741): <TargetPackages> com.facebook.katana
V/AlarmManager( 1741): <TargetPackages> com.twitter.android
V/AlarmManager( 1741): <TargetPackages> com.facebook.orca
V/AlarmManager( 1741): <TargetPackages> com.kakao.talk
V/AlarmManager( 1741): <TargetPackages> com.google.android.apps.plus
V/AlarmManager( 1741): <TargetPackages> com.android.email
W/AlarmManager( 1741): FACTORY_ON= 0
D/dalvikvm( 1961): GC_CONCURRENT freed 272K, 19% free 3532K/4359K, paused 12ms+1ms, total 161ms
D/dalvikvm( 1961): WAIT_FOR_CONCURRENT_GC blocked 53ms
I/dalvikvm( 2044): Turning on JNI app bug workarounds for target SDK version 11...
D/STATUSBAR-NotificationService( 1741): enqueueToast()
W/LockPatternKeyguardView( 1741): Couldn't find transport control widget
D/LockPatternUtils( 1741): isPcwEnable = null
D/TextLayoutCache( 1741): Cache value 0x4a2a7ea8 deleted, size = 112
D/TextLayoutCache( 1741): Cache value 0x4d103c28 deleted, size = 128
D/TextLayoutCache( 1741): Cache value 0x4d2e6178 deleted, size = 152
D/TextLayoutCache( 1741): Cache value 0x4cddbdb0 deleted, size = 160
D/TextLayoutCache( 1741): Cache value 0x4d1055d0 deleted, size = 160
D/TextLayoutCache( 1741): Cache value 0x4f8fa4f8 deleted, size = 176
D/TextLayoutCache( 1741): Cache value 0x4f8fa980 deleted, size = 176
D/TextLayoutCache( 1741): Cache value 0x4ce0f080 deleted, size = 216
D/TextLayoutCache( 1741): Cache value 0x4d101ef8 deleted, size = 216
D/TextLayoutCache( 1741): Cache value 0x4d2e6c28 deleted, size = 216
D/TextLayoutCache( 1741): Cache value 0x4d6d13e8 deleted, size = 216
D/TextLayoutCache( 1741): Cache value 0x4d6d1ae8 deleted, size = 216
D/TextLayoutCache( 1741): Cache value 0x4d6d1aa8 deleted, size = 216
D/TextLayoutCache( 1741): Cache value 0x4d6d39b0 deleted, size = 216
D/TextLayoutCache( 1741): Cache value 0x4d6d4728 deleted, size = 216
D/TextLayoutCache( 1741): Cache value 0x4d6d5798 deleted, size = 216
D/TextLayoutCache( 1741): Cache value 0x4d2e6f00 deleted, size = 216
D/TextLayoutCache( 1741): Cache value 0x4d6d29c0 deleted, size = 216
D/TextLayoutCache( 1741): Cache value 0x4d6d5a48 deleted, size = 216
D/TextLayoutCache( 1741): Cache value 0x4d6d25b0 deleted, size = 216
D/TextLayoutCache( 1741): Cache value 0x4d6d4ac8 deleted, size = 216
D/TextLayoutCache( 1741): Cache value 0x4d6d6860 deleted, size = 216
D/TextLayoutCache( 1741): Cache value 0x4d6d68e8 deleted, size = 216
D/TextLayoutCache( 1741): Cache value 0x4d6d2570 deleted, size = 216
D/TextLayoutCache( 1741): Cache value 0x4d6d2f28 deleted, size = 216
D/TextLayoutCache( 1741): Cache value 0x4d6d3b08 deleted, size = 216
D/TextLayoutCache( 1741): Cache value 0x4d6d5f10 deleted, size = 216
D/TextLayoutCache( 1741): Cache value 0x4d6d44b8 deleted, size = 216
D/TextLayoutCache( 1741): Cache value 0x4d6d6f68 deleted, size = 216
D/TextLayoutCache( 1741): Cache value 0x4f8e8b08 deleted, size = 216
D/TextLayoutCache( 1741): Cache value 0x4d6d4240 deleted, size = 216
D/TextLayoutCache( 1741): Cache value 0x4d6d4130 deleted, size = 216
D/TextLayoutCache( 1741): Cache value 0x4f8e9160 deleted, size = 216
D/TextLayoutCache( 1741): Cache value 0x4f8ea768 deleted, size = 216
D/TextLayoutCache( 1741): Cache value 0x4f8ea510 deleted, size = 216
D/TextLayoutCache( 1741): Cache value 0x4f8e9780 deleted, size = 216
D/TextLayoutCache( 1741): Cache value 0x4f8eae20 deleted, size = 216
D/TextLayoutCache( 1741): Cache value 0x4f8eb4a0 deleted, size = 216
D/TextLayoutCache( 1741): Cache value 0x4f8ebab8 deleted, size = 216
D/TextLayoutCache( 1741): Cache value 0x4f8ec250 deleted, size = 216
D/TextLayoutCache( 1741): Cache value 0x4f8e7f90 deleted, size = 216
D/TextLayoutCache( 1741): Cache value 0x4f8e7110 deleted, size = 216
D/TextLayoutCache( 1741): Cache value 0x4f8e7dc8 deleted, size = 216
D/TextLayoutCache( 1741): Cache value 0x4f8e7660 deleted, size = 216
D/TextLayoutCache( 1741): Cache value 0x4f8eea78 deleted, size = 216
D/TextLayoutCache( 1741): Cache value 0x4f8eefc8 deleted, size = 216
D/TextLayoutCache( 1741): Cache value 0x4f8ef810 deleted, size = 216
D/TextLayoutCache( 1741): Cache value 0x4f8f37f8 deleted, size = 216
D/TextLayoutCache( 1741): Cache value 0x4f8f4318 deleted, size = 216
D/TextLayoutCache( 1741): Cache value 0x4f8f3cc0 deleted, size = 216
D/TextLayoutCache( 1741): Cache value 0x4f8f1288 deleted, size = 216
D/TextLayoutCache( 1741): Cache value 0x4f8ec6d0 deleted, size = 216
D/TextLayoutCache( 1741): Cache value 0x4f8f1ba0 deleted, size = 216
D/TextLayoutCache( 1741): Cache value 0x4f8f0dc8 deleted, size = 216
D/TextLayoutCache( 1741): Cache value 0x4f8f0c80 deleted, size = 216
D/TextLayoutCache( 1741): Cache value 0x4f8f2240 deleted, size = 216
D/TextLayoutCache( 1741): Cache value 0x4f8f35d8 deleted, size = 216
D/TextLayoutCache( 1741): Cache value 0x4f8f46f8 deleted, size = 216
D/TextLayoutCache( 1741): Cache value 0x4f8f2ee0 deleted, size = 216
D/TextLayoutCache( 1741): Cache value 0x4f8f2818 deleted, size = 216
D/TextLayoutCache( 1741): Cache value 0x4f8f49f8 deleted, size = 216
D/TextLayoutCache( 1741): Cache value 0x4f8f4e98 deleted, size = 216
D/TextLayoutCache( 1741): Cache value 0x4f8f2da0 deleted, size = 216
D/TextLayoutCache( 1741): Cache value 0x4f8ed3a8 deleted, size = 216
D/TextLayoutCache( 1741): Cache value 0x4f8ed458 deleted, size = 216
D/TextLayoutCache( 1741): Cache value 0x4f8ecfc8 deleted, size = 216
D/TextLayoutCache( 1741): Cache value 0x4f8ee0f8 deleted, size = 216
D/TextLayoutCache( 1741): Cache value 0x4f8f8e58 deleted, size = 216
D/TextLayoutCache( 1741): Cache value 0x4f8f8a58 deleted, size = 216
D/TextLayoutCache( 1741): Cache value 0x4f8f91d8 deleted, size = 216
D/TextLayoutCache( 1741): Cache value 0x4f8ee0b8 deleted, size = 216
D/TextLayoutCache( 1741): Cache value 0x4f8fc380 deleted, size = 216
D/TextLayoutCache( 1741): Cache value 0x4a290e50 deleted, size = 232
D/TextLayoutCache( 1741): Cache value 0x4d104930 deleted, size = 232
D/TextLayoutCache( 1741): Cache value 0x4cbbe3c0 deleted, size = 232
D/TextLayoutCache( 1741): Cache value 0x4cbbec28 deleted, size = 232
D/TextLayoutCache( 1741): Cache value 0x4d2e3890 deleted, size = 232
D/TextLayoutCache( 1741): Cache value 0x4d2e7f48 deleted, size = 232
D/TextLayoutCache( 1741): Cache value 0x4d2e5028 deleted, size = 232
D/TextLayoutCache( 1741): Cache value 0x4d2e5f88 deleted, size = 232
D/TextLayoutCache( 1741): Cache value 0x4ce0e588 deleted, size = 264
D/TextLayoutCache( 1741): Cache value 0x4cbbe0c8 deleted, size = 264
D/TextLayoutCache( 1741): Cache value 0x4cbabc48 deleted, size = 264
D/TextLayoutCache( 1741): Cache value 0x4d2e3630 deleted, size = 264
D/TextLayoutCache( 1741): Cache value 0x4d2e7310 deleted, size = 264
D/TextLayoutCache( 1741): Cache value 0x4d2e40b8 deleted, size = 264
D/TextLayoutCache( 1741): Cache value 0x4d2e7b40 deleted, size = 264
D/TextLayoutCache( 1741): Cache value 0x4d2e7e80 deleted, size = 264
D/TextLayoutCache( 1741): Cache value 0x4cbabe90 deleted, size = 272
D/TextLayoutCache( 1741): Cache value 0x4d2e6278 deleted, size = 272
D/TextLayoutCache( 1741): Cache value 0x4d2e5aa8 deleted, size = 272
D/TextLayoutCache( 1741): Cache value 0x4d2e62f8 deleted, size = 272
D/TextLayoutCache( 1741): Cache value 0x4d6d1528 deleted, size = 272
D/TextLayoutCache( 1741): Cache value 0x4d6d1058 deleted, size = 272
D/TextLayoutCache( 1741): Cache value 0x4d6d1790 deleted, size = 272
D/TextLayoutCache( 1741): Cache value 0x4d6d46e0 deleted, size = 272
D/TextLayoutCache( 1741): Cache value 0x4d6d5750 deleted, size = 272
D/TextLayoutCache( 1741): Cache value 0x4d6d56b8 deleted, size = 272
D/TextLayoutCache( 1741): Cache value 0x4d2e64a8 deleted, size = 272
D/TextLayoutCache( 1741): Cache value 0x4d6d5b30 deleted, size = 272
D/TextLayoutCache( 1741): Cache value 0x4d6d26f8 deleted, size = 272
D/TextLayoutCache( 1741): Cache value 0x4d6d4b60 deleted, size = 272
D/TextLayoutCache( 1741): Cache value 0x4d2e5e78 deleted, size = 272
D/TextLayoutCache( 1741): Cache value 0x4d6d37d0 deleted, size = 272
D/TextLayoutCache( 1741): Cache value 0x4d6d6c58 deleted, size = 272
D/TextLayoutCache( 1741): Cache value 0x4d6d6ba0 deleted, size = 272
D/TextLayoutCache( 1741): Cache value 0x4d6d3cb0 deleted, size = 272
D/TextLayoutCache( 1741): Cache value 0x4d6d5348 deleted, size = 272
D/TextLayoutCache( 1741): Cache value 0x4d6d3428 deleted, size = 272
D/TextLayoutCache( 1741): Cache value 0x4d6d4388 deleted, size = 272
D/TextLayoutCache( 1741): Cache value 0x4d6d6f20 deleted, size = 272
D/TextLayoutCache( 1741): Cache value 0x4d6d4420 deleted, size = 272
D/TextLayoutCache( 1741): Cache value 0x4f8e8e20 deleted, size = 272
D/TextLayoutCache( 1741): Cache value 0x4f8e91a8 deleted, size = 272
D/TextLayoutCache( 1741): Cache value 0x4f8ea048 deleted, size = 272
D/TextLayoutCache( 1741): Cache value 0x4f8ea4c8 deleted, size = 272
D/TextLayoutCache( 1741): Cache value 0x4f8e9738 deleted, size = 272
D/TextLayoutCache( 1741): Cache value 0x4f8eabf8 deleted, size = 272
D/TextLayoutCache( 1741): Cache value 0x4f8eb238 deleted, size = 272
D/TextLayoutCache( 1741): Cache value 0x4f8ebc58 deleted, size = 272
D/TextLayoutCache( 1741): Cache value 0x4f8ea200 deleted, size = 272
D/TextLayoutCache( 1741): Cache value 0x4f8ec8d0 deleted, size = 272
D/TextLayoutCache( 1741): Cache value 0x4f8e71a8 deleted, size = 272
D/TextLayoutCache( 1741): Cache value 0x4f8e7440 deleted, size = 272
D/TextLayoutCache( 1741): Cache value 0x4f8e76f8 deleted, size = 272
D/TextLayoutCache( 1741): Cache value 0x4f8e78d8 deleted, size = 272
D/TextLayoutCache( 1741): Cache value 0x4f8eec68 deleted, size = 272
D/TextLayoutCache( 1741): Cache value 0x4f8ef248 deleted, size = 272
D/TextLayoutCache( 1741): Cache value 0x4f8ef658 deleted, size = 272
D/TextLayoutCache( 1741): Cache value 0x4f8f37b0 deleted, size = 272
D/TextLayoutCache( 1741): Cache value 0x4f8f4400 deleted, size = 272
D/TextLayoutCache( 1741): Cache value 0x4f8efdb8 deleted, size = 272
D/TextLayoutCache( 1741): Cache value 0x4f8f1240 deleted, size = 272
D/TextLayoutCache( 1741): Cache value 0x4f8f3fb8 deleted, size = 272
D/TextLayoutCache( 1741): Cache value 0x4f8f04a8 deleted, size = 272
D/TextLayoutCache( 1741): Cache value 0x4f8f0e60 deleted, size = 272
D/TextLayoutCache( 1741): Cache value 0x4f8f0990 deleted, size = 272
D/TextLayoutCache( 1741): Cache value 0x4f8f21f8 deleted, size = 272
D/TextLayoutCache( 1741): Cache value 0x4f8f1b40 deleted, size = 272
D/TextLayoutCache( 1741): Cache value 0x4f8f46b0 deleted, size = 272
D/TextLayoutCache( 1741): Cache value 0x4f8f3348 deleted, size = 272
D/TextLayoutCache( 1741): Cache value 0x4f8f3568 deleted, size = 272
D/TextLayoutCache( 1741): Cache value 0x4f8f2b10 deleted, size = 272
D/TextLayoutCache( 1741): Cache value 0x4f8f4be8 deleted, size = 272
D/TextLayoutCache( 1741): Cache value 0x4f8f5088 deleted, size = 272
D/TextLayoutCache( 1741): Cache value 0x4f8ed5d8 deleted, size = 272
D/TextLayoutCache( 1741): Cache value 0x4f8ee528 deleted, size = 272
D/TextLayoutCache( 1741): Cache value 0x4f8ee770 deleted, size = 272
D/TextLayoutCache( 1741): Cache value 0x4f8ed860 deleted, size = 272
D/TextLayoutCache( 1741): Cache value 0x4f8eda78 deleted, size = 272
D/TextLayoutCache( 1741): Cache value 0x4f8f8e10 deleted, size = 272
D/TextLayoutCache( 1741): Cache value 0x4f8fc0c8 deleted, size = 272
D/TextLayoutCache( 1741): Cache value 0x4f8f9190 deleted, size = 272
D/TextLayoutCache( 1741): Cache value 0x4f8f9628 deleted, size = 272
D/TextLayoutCache( 1741): Cache value 0x4f8f9818 deleted, size = 272
D/MultiSimUtils( 1741): getInsertedSimNum() : simSlot = 0, simState = 
D/MultiSimUtils( 1741): getInsertedSimNum() : simSlot = 1, simState = 
D/MultiSimUtils( 1741): getInsertedSimNum() : simSlot = 0, simState = 
D/MultiSimUtils( 1741): getInsertedSimNum() : simSlot = 1, simState = 
D/MultiSimManager( 1741): getInsertedSimNum() : simSlot = 0, iccType = 0
D/MultiSimManager( 1741): getInsertedSimNum() : simSlot = 1, iccType = 0
D/MultiSimUtils( 1741): mSimMode = 0, inserted getCurrentWallpaper = null
D/MultiSimUtils( 1741): getCurrentVoiceCall = 0
D/MultiSimUtils( 1741): getCurrentWallpaper = /data/data/com.sec.android.gallery3d/lockscreen_wallpaper.jpg
V/AlarmManager( 1741): ClockReceiver onReceive() ACTION_TIME_TICK
W/AlarmManager( 1741): FACTORY_ON= 0
I/PlugInServiceManager( 1741): loadService service className : android.plugin.dsds.PlugInDsdsServiceImpl
I/PlugInServiceManager( 1741): registerPlugIn index : [0] service : [DSDS]
D/SmartPowerService( 1741): receive broadcast! action = android.intent.action.BATTERY_CHANGED
D/SmartPowerService( 1741): batteryLevel = 100
D/SmartPowerService( 1741): receive broadcast! action = android.intent.action.BATTERY_CHANGED
D/SmartPowerService( 1741): batteryLevel = 100
D/dalvikvm( 1961): GC_FOR_ALLOC freed 45K, 20% free 3618K/4487K, paused 122ms, total 135ms
I/dalvikvm-heap( 1961): Grow heap (frag case) to 4.678MB for 635812-byte allocation
D/dalvikvm( 1741): GC_FOR_ALLOC freed 177K, 7% free 11685K/12487K, paused 124ms, total 126ms
I/dalvikvm-heap( 1741): Grow heap (frag case) to 14.400MB for 2560016-byte allocation
D/dalvikvm( 1961): GC_CONCURRENT freed 1K, 18% free 4238K/5127K, paused 12ms+10ms, total 91ms
D/dalvikvm( 1961): WAIT_FOR_CONCURRENT_GC blocked 46ms
D/dalvikvm( 2009): GC_CONCURRENT freed 156K, 20% free 2946K/3655K, paused 15ms+13ms, total 95ms
D/dalvikvm( 2009): WAIT_FOR_CONCURRENT_GC blocked 26ms
D/dalvikvm( 2028): GC_CONCURRENT freed 119K, 21% free 2861K/3591K, paused 14ms+1ms, total 51ms
D/dalvikvm( 1741): GC_FOR_ALLOC freed 15K, 6% free 14169K/15047K, paused 84ms, total 84ms
D/SmartPowerService( 1741): receive broadcast! action = android.intent.action.BATTERY_CHANGED
D/SmartPowerService( 1741): batteryLevel = 100
D/SmartPowerService( 1741): receive broadcast! action = android.intent.action.BATTERY_CHANGED
D/SmartPowerService( 1741): batteryLevel = 100
I/keystore( 1393): uid: 1000 action: t -> 3 state: 3 -> 3 retry: 4
D/dalvikvm( 2044): WAIT_FOR_CONCURRENT_GC blocked 0ms
I/ActivityThread( 2028): Pub telephony: com.android.providers.telephony.TelephonyProvider
D/SmartPowerService( 1741): receive broadcast! action = android.intent.action.BATTERY_CHANGED
D/SmartPowerService( 1741): batteryLevel = 100
D/DeviceInfo( 1741): Trying to connect to SysScope Service
D/UsbDeviceManager( 1741): handleMessage -> MSG_POWER_STATE = 1
W/TelephonyProvider( 2028): onCreate: confFile=/system/etc/apns-conf.xml oldCheckSum=-1
I/ActivityThread( 2028): Pub siminfo: com.android.providers.telephony.SimInfoProvider
I/ActivityThread( 2028): Pub icc: com.android.phone.IccProvider
I/ActivityThread( 2028): Pub com.android.phone.whitelist: com.android.phone.WhiteListProvider
D/hawaii.hwcomposer( 1385): FBDevice::vsync called 59 times
E/RecentTasksLoader( 1961): Can't open file : java.io.FileNotFoundException: /data/data/com.android.systemui/files/LOCKED_TASK: open failed: ENOENT (No such file or directory)
I/ActivityThread( 2028): Pub com.android.phone.voiceprovider: com.android.phone.VoiceProvider
I/ActivityThread( 2028): Pub mms: com.android.providers.telephony.MmsProvider
I/ActivityThread( 2028): Pub sms: com.android.providers.telephony.SmsProvider
D/dalvikvm( 2028): DexOpt: wanted static, got instance for method Landroid/telephony/SmsManager;.getAllMessagesFromIcc
I/dalvikvm( 2028): Could not find method android.telephony.SmsManager.getAllMessagesFromIcc, referenced from method com.android.providers.telephony.SmsProvider.getAllMessagesFromIcc
W/dalvikvm( 2028): VFY: unable to resolve static method 200: Landroid/telephony/SmsManager;.getAllMessagesFromIcc ()Ljava/util/ArrayList;
D/dalvikvm( 2028): VFY: replacing opcode 0x71 at 0x0005
D/dalvikvm( 2028): DexOpt: wanted static, got instance for method Landroid/telephony/SmsManager;.getAllMessagesFromIcc
I/dalvikvm( 2028): Could not find method android.telephony.SmsManager.getAllMessagesFromIcc, referenced from method com.android.providers.telephony.SmsProvider.getSingleMessageFromIcc
W/dalvikvm( 2028): VFY: unable to resolve static method 200: Landroid/telephony/SmsManager;.getAllMessagesFromIcc ()Ljava/util/ArrayList;
D/dalvikvm( 2028): VFY: replacing opcode 0x71 at 0x0008
I/ActivityThread( 2066): Pub com.baidu.bsy.channel: com.baidu.channel.ChannelProvider
I/ActivityThread( 2066): Pub com.baidu.register.provider: com.baidu.register.util.RegProvider
D/dalvikvm( 2009): GC_CONCURRENT freed 434K, 26% free 3024K/4039K, paused 14ms+2ms, total 124ms
D/dalvikvm( 2009): WAIT_FOR_CONCURRENT_GC blocked 83ms
D/dalvikvm( 2009): WAIT_FOR_CONCURRENT_GC blocked 88ms
I/ActivityThread( 2028): Pub com.android.phone.autoredial: com.android.phone.AutoRedialProvider
I/ActivityThread( 2028): Pub mms-sms: com.android.providers.telephony.MmsSmsProvider
D/dalvikvm( 1741): GC_CONCURRENT freed 42K, 6% free 14189K/15047K, paused 45ms+82ms, total 447ms
I/LocationManagerService( 1741): whitelist: []
I/LocationManagerService( 1741): blacklist: []
D/dalvikvm( 2044): GC_CONCURRENT freed 142K, 20% free 2960K/3655K, paused 19ms+46ms, total 169ms
D/dalvikvm( 2044): WAIT_FOR_CONCURRENT_GC blocked 10ms
D/LocationManagerService( 1741): network location requested by an application
I/LocationManagerService( 1741): request network (pid 1741) 86400000 86400000
D/LocationManagerService( 1741): passive location requested by an application
I/LocationManagerService( 1741): request passive (pid 1741) 0 0
I/SurfaceFlinger( 1385): id=4(2) createSurf 0x41a6ef9c (1x1),1 flag=0
D/hawaii.hwcomposer( 1385): FBDevice::post called 22 times
D/KeyguardViewMediator( 1741): setHidden false mShowing: false mHidden: false
D/PowerManagerService( 1741): acquireWakeLock flags=0x2000000a tag=KEEP_SCREEN_ON_FLAG uid=1000 pid=1741
D/PowerManagerService( 1741): setPowerState : mBootCompleted : false, newState |= ALL_BRIGHT
V/AudioFlinger( 1388): releaseWakeLock_l() AudioOut_3
D/BatteryStatsImpl( 1741): ++++++xy WakeLock stop : pid=1388, name=, type=0, tid=1753, pid=1741, pName=null
V/AudioFlinger( 1388): thread 0x41f06008 type 0 TID 1654 going to sleep
W/dalvikvm( 2081): Unable to resolve superclass of Lcom/baidu/map/location/d; (83)
W/dalvikvm( 2081): Link of class 'Lcom/baidu/map/location/d;' failed
W/dalvikvm( 2081): Unable to resolve superclass of Lcom/baidu/map/location/d; (83)
W/dalvikvm( 2081): Link of class 'Lcom/baidu/map/location/d;' failed
I/dalvikvm( 2081): Could not find method com.baidu.map.location.d.a, referenced from method com.baidu.map.location.BaiduNetworkLocationService.onBind
W/dalvikvm( 2081): VFY: unable to resolve static method 917: Lcom/baidu/map/location/d;.a (Landroid/content/Context;)V
D/dalvikvm( 2081): VFY: replacing opcode 0x71 at 0x00cb
V/AudioFlinger( 1388): releaseWakeLock_l() AudioOut_2
D/BatteryStatsImpl( 1741): ++++++xy WakeLock stop : pid=1388, name=, type=0, tid=1752, pid=1741, pName=null
V/AudioFlinger( 1388): thread 0x41d4b008 type 0 TID 1653 going to sleep
D/dalvikvm( 2009): GC_CONCURRENT freed 361K, 24% free 3154K/4103K, paused 11ms+1ms, total 172ms
D/dalvikvm( 2009): Trying to load lib /data/data/com.baidu.input/files/inputcore_20140829 0x41ca70b0
D/dalvikvm( 2009): Added shared lib /data/data/com.baidu.input/files/inputcore_20140829 0x41ca70b0
D/dalvikvm( 2081): No JNI_OnLoad found in /system/lib/libnetworklocation.so 0x41cab420, skipping init
E/hawaii.gralloc( 1385): GRALLOC ALLOC flags 933
D/KeyguardViewMediator( 1741): setHidden false mShowing: false mHidden: false
E/HAWAII_EGL( 1385): abuffer = (217 95) (933)
D/BatteryStatsImpl( 1741): ++++++xy WakeLock stop : pid=1741, name=, type=0, tid=1759, pid=1741, pName=null
D/dalvikvm( 1961): GC_CONCURRENT freed 150K, 15% free 4623K/5383K, paused 12ms+2ms, total 176ms
I/WallpaperWidget( 1741): register Observer!!!!
I/ActivityThread( 2102): Pub media: com.android.providers.media.MediaProvider
D/PhoneStatusBar( 1961): disable: < expand icons alerts ticker system_info back home recent clock >
D/ClockWidget( 1741): isServiceEnable = false cityId = null
D/ClockWidget( 1741): Weather Demon is not running, Set visibility to GONE
D/CircleShortcutWidget( 1741): onResume()
D/LockPatternKeyguardView( 1741): max failed attempt for device disable :0
W/LockPatternKeyguardView( 1741): no unlock screen when trying to enable fallback
D/LockPatternUtils( 1741): isPcwEnable = null
D/MountService( 1741): isUsbMassStorageConnected :: ret = false
D/StorageNotification( 1961): Startup with UMS connection false (media state mounted)
D/baidu_location_service( 2081): baidu location service start1 ...2081
D/MultiSimUtils( 1741): getInsertedSimNum() : simSlot = 0, simState = 
D/MultiSimUtils( 1741): getInsertedSimNum() : simSlot = 1, simState = 
D/MultiSimUtils( 1741): getInsertedSimNum() : simSlot = 0, simState = 
D/MultiSimUtils( 1741): getInsertedSimNum() : simSlot = 1, simState = 
D/LockPatternUtils( 1741): isPcwEnable = null
D/baidu_location_client( 2081): baidu location connected ...
D/MultiSimUtils( 1741): getInsertedSimNum() : simSlot = 0, simState = 
D/MultiSimUtils( 1741): getInsertedSimNum() : simSlot = 1, simState = 
D/MultiSimUtils( 1741): getInsertedSimNum() : simSlot = 0, simState = 
D/MultiSimUtils( 1741): getInsertedSimNum() : simSlot = 1, simState = 
I/StorageNotification( 1961): UMS connection changed to false (media state mounted)
V/KeyguardViewManager( 1741): KGVM: Set visibility on com.android.internal.policy.impl.KeyguardViewManager$KeyguardViewHost@4210cc28 to 6291464
D/KeyguardViewMediator( 1741): adjustUserActivityLocked mShowing: true mHidden: false
D/KeyguardViewMediator( 1741): pokeWakelock(10000)
D/BatteryStatsImpl( 1741): ++++++xy WakeLock start : pid=1741, name=, type=1, tid=1809, pid=1741, pName=null
D/LockPatternUtils( 1741): isPcwEnable = null
D/MultiSimUtils( 1741): getInsertedSimNum() : simSlot = 0, simState = 
D/MultiSimUtils( 1741): getInsertedSimNum() : simSlot = 1, simState = 
D/MultiSimUtils( 1741): getInsertedSimNum() : simSlot = 0, simState = 
D/MultiSimUtils( 1741): getInsertedSimNum() : simSlot = 1, simState = 
D/LockPatternUtils( 1741): isPcwEnable = null
D/MultiSimUtils( 1741): getInsertedSimNum() : simSlot = 0, simState = 
D/MultiSimUtils( 1741): getInsertedSimNum() : simSlot = 1, simState = 
D/MultiSimUtils( 1741): getInsertedSimNum() : simSlot = 0, simState = 
D/MultiSimUtils( 1741): getInsertedSimNum() : simSlot = 1, simState = 
D/PowerManagerService( 1741): enableUserActivity false
D/PowerManagerService( 1741): acquireWakeLock flags=0x1000001a tag=keyguard uid=1000 pid=1741
D/PowerManagerService( 1741): setPowerState : mBootCompleted : false, newState |= ALL_BRIGHT
D/dalvikvm( 2081): No JNI_OnLoad found in /system/lib/liblocSDK_2_5OEM.so 0x41cab420, skipping init
D/STATUSBAR-StatusBarManagerService( 1741): manageDisableList what=0x1200000 pkg=android
D/STATUSBAR-StatusBarManagerService( 1741): manageDisableList what=0x1200000 pkg=android
E/KeyguardViewMediator( 1741): 2. Lockscreen lock
E/KeyguardViewMediator( 1741): Phone is not boot completed. so can't broadcast
D/hawaii.hwcomposer( 1385): FBDevice::post called 21 times
D/BatteryStatsImpl( 1741): ++++++xy WakeLock stop : pid=1741, name=, type=0, tid=1809, pid=1741, pName=null
I/Choreographer( 1741): Skipped 160 frames!  The application may be doing too much work on its main thread.
D/hawaii.hwcomposer( 1385): FBDevice::vsync called 60 times
D/ClockWidget( 1741): isDualClock : false
D/dalvikvm( 2044): GC_CONCURRENT freed 136K, 18% free 3337K/4039K, paused 12ms+70ms, total 290ms
D/ClockWidget( 1741): refreshTime()
D/KeyguardViewMediator( 1741): setHidden false mShowing: true mHidden: false
D/KeyguardViewMediator( 1741): setHidden false mShowing: true mHidden: false
D/dalvikvm( 1741): WAIT_FOR_CONCURRENT_GC blocked 0ms
D/SystemUIService( 1961): loading: class com.android.systemui.power.PowerUI
D/SystemUIService( 1961): running: com.android.systemui.power.PowerUI@41d9d8c0
D/dalvikvm( 2081): GC_CONCURRENT freed 285K, 25% free 2708K/3591K, paused 2ms+1ms, total 32ms
D/ClockWidget( 1741): TTS Message =  10 57, 1  4  
D/ClockWidget( 1741): isServiceEnable = false cityId = null
D/ClockWidget( 1741): Weather Demon is not running, Set visibility to GONE
E/NetworkLocation( 2081): BaiduNetworkLocationProvider:BaiduNetworkLocationProvider : NetworkLocation Exception: network exception
I/SurfaceFlinger( 1385): id=5(3) createSurf 0x41a797b4 (480x800),1 flag=0
D/KeyguardViewMediator( 1741): setHidden false mShowing: true mHidden: false
D/LockPatternKeyguardView( 1741): HW Qwerty enabled : false
I/LockPatternKeyguardView( 1741): configurationDiff = 512
V/LockPatternKeyguardView( 1741): recreating lockscreen because config changed
I/SurfaceFlinger( 1385): id=6(4) createSurf 0x41aad30c (1x1),1 flag=0
D/KeyguardViewMediator( 1741): setHidden false mShowing: true mHidden: false
D/LockPatternUtils( 1741): isPcwEnable = null
D/MultiSimUtils( 1741): getInsertedSimNum() : simSlot = 0, simState = 
D/MultiSimUtils( 1741): getInsertedSimNum() : simSlot = 1, simState = 
D/MultiSimUtils( 1741): getInsertedSimNum() : simSlot = 0, simState = 
D/MultiSimUtils( 1741): getInsertedSimNum() : simSlot = 1, simState = 
D/LockPatternUtils( 1741): isPcwEnable = null
D/MultiSimUtils( 1741): getInsertedSimNum() : simSlot = 0, simState = 
D/MultiSimUtils( 1741): getInsertedSimNum() : simSlot = 1, simState = 
D/MultiSimUtils( 1741): getInsertedSimNum() : simSlot = 0, simState = 
D/MultiSimUtils( 1741): getInsertedSimNum() : simSlot = 1, simState = 
V/LockPatternKeyguardView( 1741): Set visibility on com.android.internal.policy.impl.LockPatternKeyguardView$4@420cc378 to 8388608
D/STATUSBAR-StatusBarManagerService( 1741): manageDisableList what=0x1200000 pkg=android
D/STATUSBAR-StatusBarManagerService( 1741): manageDisableList what=0x1200000 pkg=android
D/KeyguardViewMediator( 1741): setHidden false mShowing: true mHidden: false
E/hawaii.gralloc( 1385): GRALLOC ALLOC flags 933
D/dalvikvm( 1741): GC_EXPLICIT freed 282K, 6% free 14506K/15367K, paused 5ms+42ms, total 327ms
D/BatteryStatsImpl( 1741): ++++++xy WakeLock start : pid=2028, name=, type=0, tid=2085, pid=1741, pName=null
D/SystemUIService( 1961): loading: class com.android.systemui.media.RingtonePlayer
D/SystemUIService( 1961): running: com.android.systemui.media.RingtonePlayer@41dc34c0
D/BatteryStatsImpl( 1741): ++++++xy WakeLock stop : pid=2028, name=, type=0, tid=1752, pid=1741, pName=null
I/ActivityThread( 2102): Pub downloads: com.android.providers.downloads.DownloadProvider
I/ActivityThread( 2044): Pub com.baidu.home2.cloudstorage.provider: com.baidu.yi.sdk.cloudstorage.provider.CloudStorageProvider
V/LockPatternKeyguardView( 1741): *** dispatchDraw() time: 139896
I/ActivityThread( 2044): Pub com.baidu.home2: com.baidu.launcher.db.LauncherProvider
I/ActivityThread( 2044): Pub com.baidu.home2.ui.widget.baidu.weather: com.baidu.launcher.ui.widget.baidu.weather.provider.ForecastProvider
D/KeyguardViewMediator( 1741): setHidden false mShowing: true mHidden: false
E/HAWAII_EGL( 1385): abuffer = (480 800) (933)
I/ActivityThread( 2102): Pub drm: com.android.providers.drm.DrmProvider
D/InputReader( 1741): Input event: value=1
D/InputManager-JNI( 1741): [interceptKeyBeforeQueueing] call interceptKeybeforeQueueing(PWM)- wmActions=0
I/DownloadManager( 2102): in removeSpuriousFiles
D/KeyguardViewMediator( 1741): setHidden false mShowing: true mHidden: false
D/KeyguardViewMediator( 1741): setHidden false mShowing: true mHidden: false
E/hawaii.gralloc( 1385): GRALLOC ALLOC flags 933
D/KeyguardViewMediator( 1741): setHidden false mShowing: true mHidden: false
D/STATUSBAR-NotificationService( 1741): cancelAllNotifications()
E/HAWAII_EGL( 1385): abuffer = (480 262) (933)
D/KeyguardViewMediator( 1741): setHidden false mShowing: true mHidden: false
I/LockPatternKeyguardView( 1741): Enter to recreate
D/BatteryStatsImpl( 1741): ++++++xy WakeLock start : pid=1741, name=, type=0, tid=1809, pid=1741, pName=null
D/LockPatternUtils( 1741): isPcwEnable = null
D/MultiSimUtils( 1741): getInsertedSimNum() : simSlot = 0, simState = 
D/MultiSimUtils( 1741): getInsertedSimNum() : simSlot = 1, simState = 
D/MultiSimUtils( 1741): getInsertedSimNum() : simSlot = 0, simState = 
D/MultiSimUtils( 1741): getInsertedSimNum() : simSlot = 1, simState = 
D/MultiSimUtils( 1741): getInsertedSimNum() : simSlot = 0, simState = 
D/MultiSimUtils( 1741): getInsertedSimNum() : simSlot = 1, simState = 
D/MultiSimUtils( 1741): getInsertedSimNum() : simSlot = 0, simState = 
D/MultiSimUtils( 1741): getInsertedSimNum() : simSlot = 1, simState = 
D/CircleShortcutWidget( 1741): onPause()
D/CircleShortcutWidget( 1741): cleanUp()
W/PackageManager( 1741): Failed setComponentEnabledSetting: component class com.baidu.launcher2.thememanager.ui.BaiduThemeActivity does not exist in com.baidu.home2
I/Choreographer( 1961): Skipped 125 frames!  The application may be doing too much work on its main thread.
D/dalvikvm( 1961): GC_CONCURRENT freed 105K, 12% free 5167K/5831K, paused 13ms+29ms, total 273ms
I/linguang( 2044): mPackageManager=android.app.ApplicationPackageManager@41c9e930
D/InputReader( 1741): Input event: value=0
D/InputManager-JNI( 1741): [interceptKeyBeforeQueueing] call interceptKeybeforeQueueing(PWM)- wmActions=0
I/SimLockInfoResult( 2028): num:0, lockType:0, lock_key:0, numRetry:0
I/SimLockInfoResult( 2028): NOT_NEED numRetry: 0
I/SurfaceFlinger( 1385): id=7(1) createSurf 0x41aa6d3c (480x1),1 flag=0
D/KeyguardViewMediator( 1741): setHidden false mShowing: true mHidden: false
D/KeyguardViewMediator( 1741): setHidden false mShowing: true mHidden: false
D/KeyguardViewMediator( 1741): setHidden false mShowing: true mHidden: false
D/KeyguardViewMediator( 1741): setHidden false mShowing: true mHidden: false
E/Baidu Home2( 2044): AppsDataManager: cursor is NULL or can NOT move to first
D/hawaii.hwcomposer( 1385): FBDevice::vsync called 60 times
D/KeyguardViewMediator( 1741): setHidden false mShowing: true mHidden: false
D/CircleMissedEventWidget( 1741): portrait mode
D/CircleMissedEventWidget( 1741): explore by touch mode off
D/InputReader( 1741): Input event: value=1
D/InputManager-JNI( 1741): [interceptKeyBeforeQueueing] call interceptKeybeforeQueueing(PWM)- wmActions=0
D/dalvikvm( 2044): GC_CONCURRENT freed 242K, 20% free 3515K/4359K, paused 17ms+1ms, total 81ms
I/Baidu Home2( 2044): Launcher: onCreate
W/LockPatternKeyguardView( 1741): Couldn't find transport control widget
D/ClockWidget( 1741): isDualClock : false
D/ClockWidget( 1741): refreshTime()
D/ClockWidget( 1741): TTS Message =  10 57, 1  4  
D/ClockWidget( 1741): isServiceEnable = false cityId = null
D/ClockWidget( 1741): Weather Demon is not running, Set visibility to GONE
E/MTPRx   ( 2133): In MtpReceiverandroid.hardware.usb.action.USB_STATE
E/MTPRx   ( 2133): check value of boot_completed is
E/MTPRx   ( 2133): check booting is not completed_sys.boot_completed, so just return
D/LockPatternUtils( 1741): isPcwEnable = null
D/MultiSimUtils( 1741): getInsertedSimNum() : simSlot = 0, simState = 
D/MultiSimUtils( 1741): getInsertedSimNum() : simSlot = 1, simState = 
D/MultiSimUtils( 1741): getInsertedSimNum() : simSlot = 0, simState = 
D/MultiSimUtils( 1741): getInsertedSimNum() : simSlot = 1, simState = 
D/MultiSimUtils( 1741): getCurrentVoiceCall = 0
D/MultiSimUtils( 1741): getCurrentVoiceCall = 0
D/MultiSimUtils( 1741): isChangedVoiceCall oldstate = 0, new = 0
D/MultiSimUtils( 1741): getCurrentVoiceCall = 0
D/dalvikvm( 2009): No JNI_OnLoad found in /system/lib/libprocmoi_v1_4.so 0x41ca70b0, skipping init
D/ClockWidget( 1741): isServiceEnable = false cityId = null
D/ClockWidget( 1741): Weather Demon is not running, Set visibility to GONE
D/CircleShortcutWidget( 1741): onResume()
D/BatteryStatsImpl( 1741): ++++++xy WakeLock stop : pid=1741, name=, type=0, tid=1809, pid=1741, pName=null
I/Choreographer( 1741): Skipped 54 frames!  The application may be doing too much work on its main thread.
D/KeyguardViewMediator( 1741): setHidden false mShowing: true mHidden: false
D/dalvikvm( 1386): WAIT_FOR_CONCURRENT_GC blocked 0ms
W/System.err( 2009): java.io.FileNotFoundException: /data/data/com.baidu.input/lib/libprocmox_v1_4.so: open failed: ENOENT (No such file or directory)
W/System.err( 2009): 	at libcore.io.IoBridge.open(IoBridge.java:416)
W/System.err( 2009): 	at java.io.FileInputStream.<init>(FileInputStream.java:78)
W/System.err( 2009): 	at com.baidu.android.procmo.ProcessMonitor.iniExeFile(Unknown Source)
W/System.err( 2009): 	at com.baidu.android.procmo.ProcessMonitor.access$200(Unknown Source)
W/System.err( 2009): 	at com.baidu.android.procmo.ProcessMonitor$1.run(Unknown Source)
W/System.err( 2009): 	at java.lang.Thread.run(Thread.java:856)
W/System.err( 2009): Caused by: libcore.io.ErrnoException: open failed: ENOENT (No such file or directory)
W/System.err( 2009): 	at libcore.io.Posix.open(Native Method)
W/System.err( 2009): 	at libcore.io.BlockGuardOs.open(BlockGuardOs.java:110)
D/ProgressBar( 1961): setProgressDrawable mProgressDrawable = null, d = android.graphics.drawable.LayerDrawable@41dc0c00needUpdate = false
D/ProgressBar( 1961): setProgress = 0
D/ProgressBar( 1961): setProgress = 0, fromUser = false
D/ProgressBar( 1961): mProgress = 0mIndeterminate = false, mMin = 0, mMax = 100
W/System.err( 2009): 	at libcore.io.IoBridge.open(IoBridge.java:400)
W/System.err( 2009): 	... 5 more
D/dalvikvm( 1386): GC_EXPLICIT freed 36K, 24% free 2594K/3395K, paused 1ms+2ms, total 90ms
D/LockPatternUtils( 1741): isPcwEnable = null
D/MultiSimUtils( 1741): getInsertedSimNum() : simSlot = 0, simState = 
D/MultiSimUtils( 1741): getInsertedSimNum() : simSlot = 1, simState = 
D/MultiSimUtils( 1741): getInsertedSimNum() : simSlot = 0, simState = 
D/MultiSimUtils( 1741): getInsertedSimNum() : simSlot = 1, simState = 
D/hawaii.hwcomposer( 1385): FBDevice::post called 30 times
D/LockPatternUtils( 1741): isPcwEnable = null
D/MultiSimUtils( 1741): getInsertedSimNum() : simSlot = 0, simState = 
D/MultiSimUtils( 1741): getInsertedSimNum() : simSlot = 1, simState = 
D/MultiSimUtils( 1741): getInsertedSimNum() : simSlot = 0, simState = 
D/MultiSimUtils( 1741): getInsertedSimNum() : simSlot = 1, simState = 
V/LockPatternKeyguardView( 1741): Set visibility on com.android.internal.policy.impl.LockPatternKeyguardView$4@420cc378 to 8388608
D/STATUSBAR-StatusBarManagerService( 1741): manageDisableList what=0x1200000 pkg=android
D/STATUSBAR-StatusBarManagerService( 1741): manageDisableList what=0x1200000 pkg=android
D/InputReader( 1741): Input event: value=0
D/InputManager-JNI( 1741): [interceptKeyBeforeQueueing] call interceptKeybeforeQueueing(PWM)- wmActions=0
D/dalvikvm( 1386): WAIT_FOR_CONCURRENT_GC blocked 0ms
D/KeyguardViewMediator( 1741): setHidden false mShowing: true mHidden: false
D/LockPatternUtils( 1741): isPcwEnable = null
D/MultiSimUtils( 1741): getInsertedSimNum() : simSlot = 0, simState = 
D/MultiSimUtils( 1741): getInsertedSimNum() : simSlot = 1, simState = 
D/MultiSimUtils( 1741): getInsertedSimNum() : simSlot = 0, simState = 
D/MultiSimUtils( 1741): getInsertedSimNum() : simSlot = 1, simState = 
D/LockPatternUtils( 1741): isPcwEnable = null
D/MultiSimUtils( 1741): getInsertedSimNum() : simSlot = 0, simState = 
D/MultiSimUtils( 1741): getInsertedSimNum() : simSlot = 1, simState = 
D/MultiSimUtils( 1741): getInsertedSimNum() : simSlot = 0, simState = 
D/MultiSimUtils( 1741): getInsertedSimNum() : simSlot = 1, simState = 
V/LockPatternKeyguardView( 1741): Set visibility on com.android.internal.policy.impl.LockPatternKeyguardView$4@420cc378 to 8388608
D/STATUSBAR-StatusBarManagerService( 1741): manageDisableList what=0x1200000 pkg=android
D/STATUSBAR-StatusBarManagerService( 1741): manageDisableList what=0x1200000 pkg=android
D/StatusBar-TrafficView( 1961): has icc card = false
E/hawaii.gralloc( 1385): GRALLOC ALLOC flags 933
I/ActivityThread( 2152): Pub com.baidu.account.provider.AccountInfoProvider: com.baidu.account.passport.provider.AccountInfoProvider
V/LockPatternKeyguardView( 1741): *** dispatchDraw() time: 141051
D/dalvikvm( 1386): GC_EXPLICIT freed <1K, 24% free 2594K/3395K, paused 2ms+22ms, total 192ms
D/dalvikvm( 1386): WAIT_FOR_CONCURRENT_GC blocked 0ms
I/ActivityThread( 2152): Pub com.baidu.account.provider.VoipProvider: com.baidu.account.pcenter.provider.VoipProvider
I/ActivityThread( 2152): Pub com.baidu.account.provider.NoticeMsgProvider: com.baidu.account.pcenter.provider.NoticeMsgProvider
W/SAPI    ( 2152): Try to reinitialize SapiAccountManager which had already been initialized before
E/HAWAII_EGL( 1385): abuffer = (480 800) (933)
D/KeyguardViewMediator( 1741): setHidden false mShowing: true mHidden: false
I/SurfaceFlinger( 1385): id=6 Removed idx=2 Map Size=4
I/SurfaceFlinger( 1385): id=6 Removed idx=-2 Map Size=4
D/KeyguardViewMediator( 1741): setHidden false mShowing: true mHidden: false
D/KeyguardViewMediator( 1741): setHidden false mShowing: true mHidden: false
D/dalvikvm( 2028): GC_CONCURRENT freed 197K, 21% free 3107K/3911K, paused 12ms+148ms, total 172ms
E/hawaii.gralloc( 1385): GRALLOC ALLOC flags 933
D/EdmStorageHelper( 1741): getCount(SimTable) - 0
D/dalvikvm( 1386): GC_EXPLICIT freed <1K, 24% free 2594K/3395K, paused 2ms+88ms, total 252ms
D/ProgressBar( 1961): setProgressDrawable mProgressDrawable = null, d = android.graphics.drawable.LayerDrawable@41fdf008needUpdate = false
D/ProgressBar( 1961): setProgress = 0
D/ProgressBar( 1961): setProgress = 0, fromUser = false
D/ProgressBar( 1961): mProgress = 0mIndeterminate = false, mMin = 0, mMax = 100
D/dalvikvm( 2152): GC_CONCURRENT freed 309K, 24% free 2794K/3655K, paused 36ms+1ms, total 182ms
D/dalvikvm( 2152): WAIT_FOR_CONCURRENT_GC blocked 135ms
D/dalvikvm( 2152): WAIT_FOR_CONCURRENT_GC blocked 129ms
V/LockPatternKeyguardView( 1741): *** dispatchDraw() time: 141374
E/HAWAII_EGL( 1385): abuffer = (480 800) (933)
D/da