E/OMXCodec( 1388): [OMX.google.vorbis.decoder] err = -1011
V/AudioCache( 1388): write(0x4204bc80, 4096)
V/AudioCache( 1388): memcpy(0x425b2000, 0x4204bc80, 4096)
V/AudioCache( 1388): write(0x4204bc80, 4096)
V/AudioCache( 1388): memcpy(0x425b3000, 0x4204bc80, 4096)
V/AudioCache( 1388): write(0x4204bc80, 4096)
V/AudioCache( 1388): memcpy(0x425b4000, 0x4204bc80, 4096)
V/AudioCache( 1388): write(0x4204bc80, 3348)
V/AudioCache( 1388): memcpy(0x425b5000, 0x4204bc80, 3348)
V/AwesomePlayer( 1388): MEDIA_PLAYBACK_COMPLETE
V/AwesomePlayer( 1388): notifyListner_l() msg (2-MEDIA_PLAYBACK_COMPLETE), ext1 (0), ext2 (0)
V/AudioCache( 1388): notify(0x42245b10, 2, 0, 0)
V/AudioCache( 1388): playback complete - thread will wake up later
V/AudioCache( 1388): wait - success
V/StagefrightPlayer( 1388): reset
I/AwesomePlayer( 1388): reset
I/AwesomePlayer( 1388): cancel player events
V/AwesomePlayer( 1388): mAudioTrackVector clear
E/OMXCodec( 1388): [OMX.google.vorbis.decoder] mAsyncCompletion.signal complete!
I/OMXCodec( 1388): [OMX.google.vorbis.decoder] stop() sendCommand(0x1, OMX_CommandStateSet, OMX_StateIdle)
E/OMXCodec( 1388): [OMX.google.vorbis.decoder] mAsyncCompletion.signal complete!
E/OMXCodec( 1388): [OMX.google.vorbis.decoder] mAsyncCompletion.signal complete!
I/OMXCodec( 1388): [OMX.google.vorbis.decoder] stopped in state 1
E/OMXCodec( 1388): [OMX.google.vorbis.decoder] mAsyncCompletion.signal complete!
V/StagefrightPlayer( 1388): ~StagefrightPlayer
V/StagefrightPlayer( 1388): reset
I/AwesomePlayer( 1388): reset
I/AwesomePlayer( 1388): cancel player events
V/AwesomePlayer( 1388): mAudioTrackVector clear
I/AwesomePlayer( 1388): reset
I/AwesomePlayer( 1388): cancel player events
V/AwesomePlayer( 1388): mAudioTrackVector clear
V/AwesomePlayer( 1388): ~AwesomePlayer()
V/SoundPoolThread( 1741): Got message m=2, mData=2
V/MediaPlayer( 1741): decode(103, 0, 12866)
V/MediaPlayerService( 1388): decode(22, 0, 12866)
V/MediaPlayerService( 1388): player type = 3
V/MediaPlayerService( 1388):  create StagefrightPlayer
V/AwesomePlayer( 1388): setDefault
V/AwesomePlayer( 1388): constructor
I/AwesomePlayer( 1388): AwesomePlayer: AWESOME SEEK LATENESS 500000 ms
I/AwesomePlayer( 1388): AwesomePlayer: AWESOME SEEK OPTION <SEEK_VIDEO_ONLY>
I/AwesomePlayer( 1388): AwesomePlayer: AWESOME LATENESS 200 ms
V/AwesomePlayer( 1388): setDefault
I/AwesomePlayer( 1388): reset
I/AwesomePlayer( 1388): cancel player events
V/AwesomePlayer( 1388): mAudioTrackVector clear
V/StagefrightPlayer( 1388): StagefrightPlayer
V/AwesomePlayer( 1388): setListener
V/StagefrightPlayer( 1388): initCheck
V/StagefrightPlayer( 1388): setDataSource(22, 0, 12866)
V/AwesomePlayer( 1388): setDataSource (25, 0, 12866)
I/AwesomePlayer( 1388): cancel player events
V/AwesomePlayer( 1388): mAudioTrackVector clear
V/AwesomePlayer( 1388): track of type 'audio/vorbis' does not publish bitrate
V/AwesomePlayer( 1388): mBitrate = -1 bits/sec
W/AwesomePlayer( 1388): couldn't get userdata - Weather
W/AwesomePlayer( 1388): couldn't get userdata - Authorization 
W/AwesomePlayer( 1388): couldn't get userdata - SnapShot 
W/AwesomePlayer( 1388): couldn't get userdata - SMRD
V/AwesomePlayer( 1388): current audio track index (0) is added to vector
V/AwesomePlayer( 1388): setDataSource_l: Audio(1), Video(0)
I/AwesomePlayer( 1388): AwesomePlayer::setDataSource_l():: This is not a DRM content
V/MediaPlayerService( 1388): prepare
V/AwesomePlayer( 1388): prepareAsync
V/MediaPlayerService( 1388): wait for prepare
V/AwesomePlayer( 1388): onPrepareAsyncEvent
V/AwesomePlayer( 1388): initAudioDecoder()
E/OMXCodec( 1388): [OMX.google.vorbis.decoder] mAsyncCompletion.signal complete!
E/OMXCodec( 1388): [OMX.google.vorbis.decoder] mAsyncCompletion.signal complete!
E/OMXCodec( 1388): [OMX.google.vorbis.decoder] mAsyncCompletion.signal complete!
V/AwesomePlayer( 1388): notifyListner_l() msg (5-MEDIA_SET_VIDEO_SIZE), ext1 (0), ext2 (0)
V/AudioCache( 1388): notify(0x4204ba60, 5, 0, 0)
V/AudioCache( 1388): ignored
V/AwesomePlayer( 1388): notifyListner_l() msg (1-MEDIA_PREPARED), ext1 (0), ext2 (0)
V/AudioCache( 1388): notify(0x4204ba60, 1, 0, 0)
V/AudioCache( 1388): prepared
V/AudioCache( 1388): wait - success
V/MediaPlayerService( 1388): start
V/StagefrightPlayer( 1388): start
V/AwesomePlayer( 1388): play
V/AwesomePlayer( 1388): AwesomePlayer::play_l():: This is not a DRM content
E/OMXCodec( 1388): [OMX.google.vorbis.decoder] mAsyncCompletion.signal complete!
E/OMXCodec( 1388): [OMX.google.vorbis.decoder] mAsyncCompletion.signal complete!
I/AudioPlayer( 1388): Audioplayer kKeyAudioPCMFormat:1, 2, 0
I/AudioPlayer( 1388):  Audioplayer1 (2, 1)
V/AudioCache( 1388): open(48000, 2, 0x0, 1, 4)
V/MediaPlayerService( 1388): wait for playback complete
V/AudioCache( 1388): write(0x42239628, 4096)
V/AudioCache( 1388): memcpy(0x4291b000, 0x42239628, 4096)
V/AudioCache( 1388): write(0x42239628, 4096)
V/AudioCache( 1388): memcpy(0x4291c000, 0x42239628, 4096)
V/AudioCache( 1388): write(0x42239628, 4096)
V/AudioCache( 1388): memcpy(0x4291d000, 0x42239628, 4096)
V/AudioCache( 1388): write(0x42239628, 4096)
V/AudioCache( 1388): memcpy(0x4291e000, 0x42239628, 4096)
V/AudioCache( 1388): write(0x42239628, 4096)
V/AudioCache( 1388): memcpy(0x4291f000, 0x42239628, 4096)
V/AudioCache( 1388): write(0x42239628, 4096)
V/AudioCache( 1388): memcpy(0x42920000, 0x42239628, 4096)
V/AudioCache( 1388): write(0x42239628, 4096)
V/AudioCache( 1388): memcpy(0x42921000, 0x42239628, 4096)
E/OMXCodec( 1388): [OMX.google.vorbis.decoder] err = -1011
V/AudioCache( 1388): write(0x42239628, 4096)
V/AudioCache( 1388): memcpy(0x42922000, 0x42239628, 4096)
V/AudioCache( 1388): write(0x42239628, 4096)
V/AudioCache( 1388): memcpy(0x42923000, 0x42239628, 4096)
V/AudioCache( 1388): write(0x42239628, 4096)
V/AudioCache( 1388): memcpy(0x42924000, 0x42239628, 4096)
V/AudioCache( 1388): write(0x42239628, 4096)
V/AudioCache( 1388): memcpy(0x42925000, 0x42239628, 4096)
V/AwesomePlayer( 1388): MEDIA_PLAYBACK_COMPLETE
V/AwesomePlayer( 1388): notifyListner_l() msg (2-MEDIA_PLAYBACK_COMPLETE), ext1 (0), ext2 (0)
V/AudioCache( 1388): notify(0x4204ba60, 2, 0, 0)
V/AudioCache( 1388): playback complete - thread will wake up later
V/AudioCache( 1388): wait - success
V/StagefrightPlayer( 1388): reset
I/AwesomePlayer( 1388): reset
I/AwesomePlayer( 1388): cancel player events
V/AwesomePlayer( 1388): mAudioTrackVector clear
E/OMXCodec( 1388): [OMX.google.vorbis.decoder] mAsyncCompletion.signal complete!
I/OMXCodec( 1388): [OMX.google.vorbis.decoder] stop() sendCommand(0x2, OMX_CommandStateSet, OMX_StateIdle)
E/OMXCodec( 1388): [OMX.google.vorbis.decoder] mAsyncCompletion.signal complete!
E/OMXCodec( 1388): [OMX.google.vorbis.decoder] mAsyncCompletion.signal complete!
I/OMXCodec( 1388): [OMX.google.vorbis.decoder] stopped in state 1
E/OMXCodec( 1388): [OMX.google.vorbis.decoder] mAsyncCompletion.signal complete!
V/StagefrightPlayer( 1388): ~StagefrightPlayer
V/StagefrightPlayer( 1388): reset
I/AwesomePlayer( 1388): reset
I/AwesomePlayer( 1388): cancel player events
V/AwesomePlayer( 1388): mAudioTrackVector clear
I/AwesomePlayer( 1388): reset
I/AwesomePlayer( 1388): cancel player events
V/AwesomePlayer( 1388): mAudioTrackVector clear
V/AwesomePlayer( 1388): ~AwesomePlayer()
D/dalvikvm( 1741): GC_CONCURRENT freed 226K, 23% free 5188K/6663K, paused 15ms+3ms, total 52ms
D/dalvikvm( 1741): WAIT_FOR_CONCURRENT_GC blocked 27ms
D/DynamicPermissionService( 1741): write to perm file done
D/DynamicPermissionService( 1741): Write pre-installed packages done
D/DynamicPermissionService( 1741): Add DynamicPermissionService to SystemServer
I/Ifttt   ( 1741): Ifttt Service
D/SmartPowerService( 1741): SmartPowerService create!!!
I/SystemServer( 1741): Bluetooth Service
V/BluetoothService.cpp( 1741): initializeNativeDataNative
V/BluetoothService.cpp( 1741): isEnabledNative
V/bluedroid( 1741): bt_is_enabled
I/BluetoothProfileState( 1741): Message:Entering Stable State
I/BluetoothProfileState( 1741): Message:Entering Stable State
I/BluetoothProfileState( 1741): Message:Entering Stable State
D/BluetoothService( 1741): btPANEnable:::true
E/BluetoothService( 1741): mSapAvailable was set to FALSE
V/BluetoothEventLoop.cpp( 1741): initializeNativeDataNative
V/BluetoothA2dpService.cpp( 1741): initNative
D/jniAvrcpService( 1741): Registering avrcp class
I/SystemServer( 1741): AvrcpStubService -->
I/SystemServer( 1741): Input Method Service
D/BluetoothAdapterStateMachine( 1741): Enter PowerOff: -2
W/InputMethodManagerService( 1741): Couldn't create dir.: /data/system/inputmethod
I/InputReader( 1741): Reconfiguring input devices.  changes=0x00000004
I/InputReader( 1741): Device reconfigured: id=2, name='ist30xx_ts_input', surface size is now 480x800, mode is 1
E/InputMethodManagerService( 1741): checkCscDefaultIme : mCscDefaultImePackageName is wrong
I/SystemServer( 1741): Accessibility Manager
I/SystemServer( 1741): CustomeFrequencyManagerService
D/CustomFrequencyManagerService( 1741): checkSysfsNode:: Sysfs node for SYSBUS_PATH doesn't exist.
D/CustomFrequencyManagerService( 1741): checkSysfsNode:: Sysfs node for GPU_PATH doesn't exist.
D/CustomFrequencyManagerService( 1741): checkSysfsNode:: Sysfs node for LCD_FRAME_RATE_PATH doesn't exist.
D/CustomFrequencyManagerService( 1741): checkSysfsNode:: Sysfs node for CPU_CORE_PATH doesn't exist.
D/CustomFrequencyManagerService( 1741): checkSysfsNode:: Sysfs node for DDR_OPP_PATH doesn't exist.
D/CustomFrequencyManagerService( 1741): checkSysfsNode:: Sysfs node for APE_OPP_PATH doesn't exist.
D/CustomFrequencyManagerService( 1741): initSupportedSysBusFrequency:: 400200, 267200, 267160, 160160, 133133
I/WindowManager( 1741): displayReady mCenterBarRect = Rect(0, 407 - 480, 431) displayHeight = 762 statusBarHeight = 38 mDefaultCenterBarWidth = 24 mAppDisplayWidth = 480mAppDisplayHeight = 800
W/ActivityManager( 1741): Unable to write /sys/module/lowmemorykiller/parameters/adj_killed_level
I/ActivityManager( 1741): Config changed: {Rect(0, 407 - 480, 431) 1 0 1.0 0mcc0mnc zh_CN sw320dp w320dp h508dp nrml long port ?uimode ?night finger -keyb/v/h -nav/h s.2 themeChanged=0}
D/WindowManager( 1741): mInputFocus is not null.
D/ProgressBar( 1741): setProgress = 0
D/ProgressBar( 1741): setProgress = 0, fromUser = false
D/ProgressBar( 1741): mProgress = 0mIndeterminate = false, mMin = 0, mMax = 10000
I/dalvikvm( 1741): DexOpt: mismatch dep signature for '/data/dalvik-cache/system@framework@framework2.jar@classes.dex'
D/dalvikvm( 1741): GC_CONCURRENT freed 703K, 23% free 5132K/6663K, paused 2ms+34ms, total 123ms
D/dalvikvm( 1741): WAIT_FOR_CONCURRENT_GC blocked 62ms
D/dalvikvm( 1741): GC_FOR_ALLOC freed 10K, 23% free 5183K/6663K, paused 43ms, total 43ms
I/dalvikvm-heap( 1741): Grow heap (frag case) to 6.216MB for 635812-byte allocation
D/dalvikvm( 1833): DexOpt: load 11ms, verify+opt 88ms, 360980 bytes
D/dalvikvm( 1741): GC_FOR_ALLOC freed 0K, 21% free 5804K/7303K, paused 56ms, total 56ms
I/dalvikvm( 1741): DexOpt: mismatch dep signature for '/data/dalvik-cache/system@framework@framework2.jar@classes.dex'
D/WindowManager( 1741): PhoneWindowManager: focusChangedLw
D/WindowManager( 1741): updateReadingMode
D/hawaii.hwcomposer( 1385): FBDevice::post called 19 times
D/hawaii.hwcomposer( 1385): FBDevice::vsync called 60 times
D/dalvikvm( 1741): GC_CONCURRENT freed 97K, 18% free 6002K/7303K, paused 21ms+27ms, total 141ms
I/SurfaceFlinger( 1385): id=2(1) createSurf 0x41aaf21c (1x1),1 flag=0
I/SurfaceFlinger( 1385): id=3(1) createSurf (16x16),-1 flag=20000
E/hawaii.gralloc( 1385): GRALLOC ALLOC flags 933
D/ION     ( 1741): config: version(0x10000) secure(0xf000) 256M(0x22d) fast(0x608) hwwr(0x608)
D/        ( 1741): Waiting for mm thread to come up
D/        ( 1741): mm_device_thread starting
I/SurfaceFlinger( 1385): Boot is finished (22165 ms)
E/hawaii.gralloc( 1385): GRALLOC ALLOC flags 933
I/WindowManager( 1741): ******************** ENABLING SCREEN!
E/HAWAII_EGL( 1385): abuffer = (480 251) (933)
E/HAWAII_EGL( 1385): abuffer = (480 251) (933)
E/hawaii.gralloc( 1385): GRALLOC ALLOC flags 933
E/HAWAII_EGL( 1385): abuffer = (480 251) (933)
D/dalvikvm( 1834): DexOpt: load 20ms, verify+opt 150ms, 280116 bytes
I/dalvikvm( 1741): DexOpt: mismatch dep signature for '/data/dalvik-cache/system@framework@framework2.jar@classes.dex'
D/HAWAII_EGL( 1585): eglMakeCurrent(NULL) Thread: 1602
D/HAWAII_EGL( 1585): eglDestroyContext() context: 0x416c43f8, VC context: 1, Thread 1602
D/HAWAII_EGL( 1585): eglDestroySurface() surface: 0x416bd898, android window 0x416b8168, Thread: 1602
I/SurfaceFlinger( 1385): id=1 Removed idx=2 Map Size=1
I/SurfaceFlinger( 1385): id=1 Removed idx=-2 Map Size=1
E/        ( 1585): List has valid Head in destructor
E/        ( 1585): List has valid Tail in destructor
E/        ( 1585): HwMemBitMask::~HwMemBitMask ************** FORCE FREEING!!!!!
E/        ( 1585): HwMemBitMask::~HwMemBitMask ************** FORCE FREEING!!!!!
E/        ( 1585): HwMemBitMask::~HwMemBitMask ************** FORCE FREEING!!!!!
E/        ( 1585): HwMemBitMask::~HwMemBitMask ************** FORCE FREEING!!!!!
E/WindowManager( 1741): checkFinishingBootAnimation : mMaxWaitingTime= 1000
D/dalvikvm( 1836): DexOpt: 'Landroid/content/pm/IPackageInstallObserver;' has an earlier definition; blocking out
D/dalvikvm( 1836): DexOpt: 'Landroid/content/pm/IPackageInstallObserver$Stub;' has an earlier definition; blocking out
D/dalvikvm( 1836): DexOpt: 'Landroid/content/pm/IPackageDeleteObserver;' has an earlier definition; blocking out
D/dalvikvm( 1836): DexOpt: 'Landroid/content/pm/IPackageDeleteObserver$Stub;' has an earlier definition; blocking out
E/WindowManager( 1741): checkFinishingBootAnimation : mMaxWaitingTime= 800
D/dalvikvm( 1836): DexOpt: not verifying/optimizing 'Landroid/content/pm/IPackageInstallObserver;': multiple definitions
D/dalvikvm( 1836): DexOpt: not verifying/optimizing 'Landroid/content/pm/IPackageInstallObserver$Stub;': multiple definitions
D/dalvikvm( 1836): DexOpt: not verifying/optimizing 'Landroid/content/pm/IPackageDeleteObserver;': multiple definitions
D/dalvikvm( 1836): DexOpt: not verifying/optimizing 'Landroid/content/pm/IPackageDeleteObserver$Stub;': multiple definitions
E/WindowManager( 1741): checkFinishingBootAnimation : mMaxWaitingTime= 600
E/WindowManager( 1741): checkFinishingBootAnimation : mMaxWaitingTime= 400
D/hawaii.hwcomposer( 1385): FBDevice::vsync called 59 times
D/hawaii.hwcomposer( 1385): FBDevice::post called 55 times
E/WindowManager( 1741): checkFinishingBootAnimation : mMaxWaitingTime= 200
V/WindowManager( 1741): rotationForOrientationLw(orient=5, last=0); user=0 USER_ROTATION_LOCKED mLidState=-1 mCoverState=-1 mDockMode=0 mHdmiPlugged=false mAccelerometerDefault=false sensorRotation=-1
V/WindowManager( 1741): rotationForOrientationLw(orient=5, last=0); user=0 USER_ROTATION_LOCKED mLidState=-1 mCoverState=-1 mDockMode=0 mHdmiPlugged=false mAccelerometerDefault=false sensorRotation=-1
D/dalvikvm( 1836): DexOpt: load 135ms, verify+opt 874ms, 1516372 bytes
I/dalvikvm( 1741): DexOpt: mismatch dep signature for '/data/dalvik-cache/system@framework@framework2.jar@classes.dex'
D/hawaii.hwcomposer( 1385): FBDevice::post called 59 times
D/hawaii.hwcomposer( 1385): FBDevice::vsync called 60 times
D/dalvikvm( 1837): DexOpt: load 147ms, verify+opt 953ms, 1561140 bytes
I/dalvikvm( 1741): DexOpt: mismatch dep signature for '/data/dalvik-cache/system@framework@framework2.jar@classes.dex'
D/hawaii.hwcomposer( 1385): FBDevice::post called 60 times
D/hawaii.hwcomposer( 1385): FBDevice::vsync called 60 times
D/hawaii.hwcomposer( 1385): FBDevice::post called 59 times
D/hawaii.hwcomposer( 1385): FBDevice::vsync called 59 times
D/dalvikvm( 1838): DexOpt: 'Landroid/app/IProcessObserver;' has an earlier definition; blocking out
D/dalvikvm( 1838): DexOpt: 'Landroid/app/IProcessObserver$Stub$Proxy;' has an earlier definition; blocking out
D/dalvikvm( 1838): DexOpt: 'Landroid/app/IProcessObserver$Stub;' has an earlier definition; blocking out
D/dalvikvm( 1838): DexOpt: 'Landroid/content/pm/IPackageDataObserver;' has an earlier definition; blocking out
D/dalvikvm( 1838): DexOpt: 'Landroid/content/pm/IPackageDataObserver$Stub$Proxy;' has an earlier definition; blocking out
D/dalvikvm( 1838): DexOpt: 'Landroid/content/pm/IPackageDataObserver$Stub;' has an earlier definition; blocking out
D/dalvikvm( 1838): DexOpt: 'Landroid/content/pm/IPackageDeleteObserver;' has an earlier definition; blocking out
D/dalvikvm( 1838): DexOpt: 'Landroid/content/pm/IPackageDeleteObserver$Stub;' has an earlier definition; blocking out
D/dalvikvm( 1838): DexOpt: 'Landroid/content/pm/IPackageInstallObserver;' has an earlier definition; blocking out
D/dalvikvm( 1838): DexOpt: 'Landroid/content/pm/IPackageInstallObserver$Stub;' has an earlier definition; blocking out
D/dalvikvm( 1838): DexOpt: 'Landroid/content/pm/IPackageStatsObserver;' has an earlier definition; blocking out
D/dalvikvm( 1838): DexOpt: 'Landroid/content/pm/IPackageStatsObserver$Stub$Proxy;' has an earlier definition; blocking out
D/dalvikvm( 1838): DexOpt: 'Landroid/content/pm/IPackageStatsObserver$Stub;' has an earlier definition; blocking out
D/dalvikvm( 1838): DexOpt: 'Landroid/webkit/JavascriptInterface;' has an earlier definition; blocking out
D/dalvikvm( 1838): DexOpt: not verifying/optimizing 'Landroid/app/IProcessObserver;': multiple definitions
D/dalvikvm( 1838): DexOpt: not verifying/optimizing 'Landroid/app/IProcessObserver$Stub$Proxy;': multiple definitions
D/dalvikvm( 1838): DexOpt: not verifying/optimizing 'Landroid/app/IProcessObserver$Stub;': multiple definitions
D/dalvikvm( 1838): DexOpt: not verifying/optimizing 'Landroid/content/pm/IPackageDataObserver;': multiple definitions
D/dalvikvm( 1838): DexOpt: not verifying/optimizing 'Landroid/content/pm/IPackageDataObserver$Stub$Proxy;': multiple definitions
D/dalvikvm( 1838): DexOpt: not verifying/optimizing 'Landroid/content/pm/IPackageDataObserver$Stub;': multiple definitions
D/dalvikvm( 1838): DexOpt: not verifying/optimizing 'Landroid/content/pm/IPackageDeleteObserver;': multiple definitions
D/dalvikvm( 1838): DexOpt: not verifying/optimizing 'Landroid/content/pm/IPackageDeleteObserver$Stub;': multiple definitions
D/dalvikvm( 1838): DexOpt: not verifying/optimizing 'Landroid/content/pm/IPackageInstallObserver;': multiple definitions
D/dalvikvm( 1838): DexOpt: not verifying/optimizing 'Landroid/content/pm/IPackageInstallObserver$Stub;': multiple definitions
D/dalvikvm( 1838): DexOpt: not verifying/optimizing 'Landroid/content/pm/IPackageStatsObserver;': multiple definitions
D/dalvikvm( 1838): DexOpt: not verifying/optimizing 'Landroid/content/pm/IPackageStatsObserver$Stub$Proxy;': multiple definitions
D/dalvikvm( 1838): DexOpt: not verifying/optimizing 'Landroid/content/pm/IPackageStatsObserver$Stub;': multiple definitions
D/hawaii.hwcomposer( 1385): FBDevice::post called 60 times
D/hawaii.hwcomposer( 1385): FBDevice::vsync called 60 times
D/dalvikvm( 1838): DexOpt: not verifying/optimizing 'Landroid/webkit/JavascriptInterface;': multiple definitions
I/dalvikvm( 1838): DexOpt: not resolving ambiguous class 'Landroid/content/pm/IPackageDeleteObserver$Stub;'
I/dalvikvm( 1838): DexOpt: not resolving ambiguous class 'Landroid/content/pm/IPackageInstallObserver$Stub;'
I/dalvikvm( 1838): DexOpt: not resolving ambiguous class 'Landroid/content/pm/IPackageInstallObserver;'
W/dalvikvm( 1838): DexOpt: resolve class illegal access: Lcom/baidu/android/pushservice/PushConstants; -> Lcom/baidu/android/silentupdate/a;
I/dalvikvm( 1838): DexOpt: not resolving ambiguous class 'Landroid/app/IProcessObserver$Stub;'
I/dalvikvm( 1838): DexOpt: not resolving ambiguous class 'Landroid/app/IProcessObserver;'
I/dalvikvm( 1838): DexOpt: not resolving ambiguous class 'Landroid/content/pm/IPackageInstallObserver$Stub;'
D/hawaii.hwcomposer( 1385): FBDevice::vsync called 59 times
D/hawaii.hwcomposer( 1385): FBDevice::post called 60 times
D/hawaii.hwcomposer( 1385): FBDevice::post called 58 times
D/hawaii.hwcomposer( 1385): FBDevice::vsync called 60 times
D/AndroidRuntime( 1840): 
D/AndroidRuntime( 1840): >>>>>> AndroidRuntime START com.android.internal.os.RuntimeInit <<<<<<
D/AndroidRuntime( 1840): CheckJNI is OFF
D/AndroidRuntime( 1840): setted country_code = China
D/AndroidRuntime( 1840): setted countryiso_code = CN
D/AndroidRuntime( 1840): setted sales_code = CHU
D/AndroidRuntime( 1840): readGMSProperty: start
D/AndroidRuntime( 1840): readGMSProperty: already setted!!
D/AndroidRuntime( 1840): readGMSProperty: end
D/AndroidRuntime( 1840): addProductProperty: start
D/dalvikvm( 1840): Trying to load lib libjavacore.so 0x0
D/dalvikvm( 1840): Added shared lib libjavacore.so 0x0
D/dalvikvm( 1840): Trying to load lib libnativehelper.so 0x0
D/dalvikvm( 1840): Added shared lib libnativehelper.so 0x0
D/hawaii.hwcomposer( 1385): FBDevice::post called 60 times
D/hawaii.hwcomposer( 1385): FBDevice::vsync called 60 times
D/dalvikvm( 1840): Note: class Landroid/app/ActivityManagerNative; has 157 unimplemented (abstract) methods
D/AndroidRuntime( 1840): Calling main entry com.android.commands.am.Am
D/AndroidRuntime( 1840): Shutting down VM
D/dalvikvm( 1840): GC_CONCURRENT freed 155K, 75% free 648K/2560K, paused 1ms+2ms, total 7ms
D/hawaii.hwcomposer( 1385): FBDevice::vsync called 59 times
D/hawaii.hwcomposer( 1385): FBDevice::post called 60 times
I/dalvikvm( 1838): DexOpt: not resolving ambiguous class 'Landroid/content/pm/IPackageInstallObserver$Stub;'
I/dalvikvm( 1838): DexOpt: not resolving ambiguous class 'Landroid/content/pm/IPackageInstallObserver$Stub;'
I/dalvikvm( 1838): DexOpt: not resolving ambiguous class 'Landroid/content/pm/IPackageInstallObserver;'
I/dalvikvm( 1838): DexOpt: not resolving ambiguous class 'Landroid/content/pm/IPackageStatsObserver;'
I/dalvikvm( 1838): DexOpt: not resolving ambiguous class 'Landroid/content/pm/IPackageStatsObserver$Stub;'
I/dalvikvm( 1838): DexOpt: not resolving ambiguous class 'Landroid/content/pm/IPackageStatsObserver$Stub;'
I/dalvikvm( 1838): DexOpt: not resolving ambiguous class 'Landroid/content/pm/IPackageDataObserver$Stub;'
V/AlarmManager( 1741): waitForAlarm result :8
D/hawaii.hwcomposer( 1385): FBDevice::post called 59 times
D/BatteryStatsImpl( 1741): ++++++xy WakeLock start : pid=1741, name=, type=0, tid=1807, pid=1741, pName=null
D/hawaii.hwcomposer( 1385): FBDevice::vsync called 60 times
D/hawaii.hwcomposer( 1385): FBDevice::post called 60 times
D/hawaii.hwcomposer( 1385): FBDevice::vsync called 60 times
D/BatteryService( 1741): update start
D/BatteryService( 1741): level:100 scale:100 status:5 health:2 present:true voltage: 4321 temperature: 241 technology: Li-ion AC powered:false USB powered:true icon:17303345 invalid charger:0 online:0 charge type:0 current avg:0
D/BatteryService( 1741): update start
D/BatteryService( 1741): level:100 scale:100 status:5 health:2 present:true voltage: 4328 temperature: 241 technology: Li-ion AC powered:false USB powered:true icon:17303345 invalid charger:0 online:0 charge type:0 current avg:0
D/dalvikvm( 1838): DexOpt: load 636ms, verify+opt 6606ms, 5284332 bytes
I/dalvikvm( 1741): DexOpt: mismatch dep signature for '/data/dalvik-cache/system@framework@framework2.jar@classes.dex'
D/hawaii.hwcomposer( 1385): FBDevice::post called 59 times
D/hawaii.hwcomposer( 1385): FBDevice::vsync called 59 times
D/hawaii.hwcomposer( 1385): FBDevice::post called 60 times
D/hawaii.hwcomposer( 1385): FBDevice::vsync called 60 times
D/dalvikvm( 1853): DexOpt: load 215ms, verify+opt 1745ms, 2201308 bytes
D/hawaii.hwcomposer( 1385): FBDevice::vsync called 59 times
D/hawaii.hwcomposer( 1385): FBDevice::post called 60 times
I/dalvikvm( 1741): DexOpt: mismatch dep signature for '/data/dalvik-cache/system@framework@framework2.jar@classes.dex'
D/hawaii.hwcomposer( 1385): FBDevice::post called 59 times
D/hawaii.hwcomposer( 1385): FBDevice::vsync called 60 times
D/dalvikvm( 1854): DexOpt: 'Landroid/app/IProcessObserver;' has an earlier definition; blocking out
D/dalvikvm( 1854): DexOpt: 'Landroid/content/pm/IPackageDeleteObserver;' has an earlier definition; blocking out
D/dalvikvm( 1854): DexOpt: 'Landroid/content/pm/IPackageInstallObserver;' has an earlier definition; blocking out
D/dalvikvm( 1854): DexOpt: 'Landroid/webkit/CacheManager$CacheResult;' has an earlier definition; blocking out
D/dalvikvm( 1854): DexOpt: 'Landroid/webkit/CacheManager;' has an earlier definition; blocking out
D/dalvikvm( 1854): DexOpt: 'Landroid/webkit/ClientCertRequestHandler;' has an earlier definition; blocking out
D/dalvikvm( 1854): DexOpt: 'Landroid/webkit/CookieManager;' has an earlier definition; blocking out
D/dalvikvm( 1854): DexOpt: 'Landroid/webkit/JavascriptInterface;' has an earlier definition; blocking out
D/dalvikvm( 1854): DexOpt: 'Landroid/webkit/JsResult;' has an earlier definition; blocking out
D/dalvikvm( 1854): DexOpt: 'Landroid/webkit/WebBackForwardListClient;' has an earlier definition; blocking out
D/dalvikvm( 1854): DexOpt: 'Landroid/webkit/WebHistoryItem;' has an earlier definition; blocking out
D/dalvikvm( 1854): DexOpt: 'Landroid/webkit/WebView$FindListener;' has an earlier definition; blocking out
D/dalvikvm( 1854): DexOpt: 'Landroid/webkit/WebView$HitTestResult;' has an earlier definition; blocking out
D/dalvikvm( 1854): DexOpt: 'Landroid/webkit/WebView$PictureListener;' has an earlier definition; blocking out
D/dalvikvm( 1854): DexOpt: 'Landroid/webkit/WebView$WebViewTransport;' has an earlier definition; blocking out
D/dalvikvm( 1854): DexOpt: 'Landroid/webkit/WebView;' has an earlier definition; blocking out
D/dalvikvm( 1854): DexOpt: 'Landroid/webkit/WebViewClassic$TitleBarDelegate;' has an earlier definition; blocking out
D/dalvikvm( 1854): DexOpt: 'Landroid/webkit/WebViewClassic;' has an earlier definition; blocking out
D/dalvikvm( 1854): DexOpt: 'Landroid/app/IProcessObserver$Stub$Proxy;' has an earlier definition; blocking out
D/dalvikvm( 1854): DexOpt: 'Landroid/app/IProcessObserver$Stub;' has an earlier definition; blocking out
D/dalvikvm( 1854): DexOpt: 'Landroid/content/pm/IPackageDeleteObserver$Stub;' has an earlier definition; blocking out
D/dalvikvm( 1854): DexOpt: 'Landroid/content/pm/IPackageInstallObserver$Stub;' has an earlier definition; blocking out
D/dalvikvm( 1854): DexOpt: 'Landroid/webkit/JsPromptResult;' has an earlier definition; blocking out
D/hawaii.hwcomposer( 1385): FBDevice::post called 60 times
D/hawaii.hwcomposer( 1385): FBDevice::vsync called 60 times
D/dalvikvm( 1854): DexOpt: not verifying/optimizing 'Landroid/app/IProcessObserver;': multiple definitions
D/dalvikvm( 1854): DexOpt: not verifying/optimizing 'Landroid/content/pm/IPackageDeleteObserver;': multiple definitions
D/dalvikvm( 1854): DexOpt: not verifying/optimizing 'Landroid/content/pm/IPackageInstallObserver;': multiple definitions
D/dalvikvm( 1854): DexOpt: not verifying/optimizing 'Landroid/webkit/CacheManager$CacheResult;': multiple definitions
D/dalvikvm( 1854): DexOpt: not verifying/optimizing 'Landroid/webkit/CacheManager;': multiple definitions
D/dalvikvm( 1854): DexOpt: not verifying/optimizing 'Landroid/webkit/ClientCertRequestHandler;': multiple definitions
D/dalvikvm( 1854): DexOpt: not verifying/optimizing 'Landroid/webkit/CookieManager;': multiple definitions
D/dalvikvm( 1854): DexOpt: not verifying/optimizing 'Landroid/webkit/JavascriptInterface;': multiple definitions
D/dalvikvm( 1854): DexOpt: not verifying/optimizing 'Landroid/webkit/JsResult;': multiple definitions
D/dalvikvm( 1854): DexOpt: not verifying/optimizing 'Landroid/webkit/WebBackForwardListClient;': multiple definitions
D/dalvikvm( 1854): DexOpt: not verifying/optimizing 'Landroid/webkit/WebHistoryItem;': multiple definitions
D/dalvikvm( 1854): DexOpt: not verifying/optimizing 'Landroid/webkit/WebView$FindListener;': multiple definitions
D/dalvikvm( 1854): DexOpt: not verifying/optimizing 'Landroid/webkit/WebView$HitTestResult;': multiple definitions
D/dalvikvm( 1854): DexOpt: not verifying/optimizing 'Landroid/webkit/WebView$PictureListener;': multiple definitions
D/dalvikvm( 1854): DexOpt: not verifying/optimizing 'Landroid/webkit/WebView$WebViewTransport;': multiple definitions
D/dalvikvm( 1854): DexOpt: not verifying/optimizing 'Landroid/webkit/WebView;': multiple definitions
D/dalvikvm( 1854): DexOpt: not verifying/optimizing 'Landroid/webkit/WebViewClassic$TitleBarDelegate;': multiple definitions
D/dalvikvm( 1854): DexOpt: not verifying/optimizing 'Landroid/webkit/WebViewClassic;': multiple definitions
I/dalvikvm( 1854): DexOpt: not resolving ambiguous class 'Landroid/content/pm/IPackageInstallObserver;'
W/dalvikvm( 1854): DexOpt: resolve class illegal access: Lcom/baidu/android/pushservice/PushConstants; -> Lcom/baidu/android/silentupdate/a;
I/dalvikvm( 1854): DexOpt: not resolving ambiguous class 'Landroid/app/IProcessObserver;'
D/hawaii.hwcomposer( 1385): FBDevice::vsync called 59 times
D/hawaii.hwcomposer( 1385): FBDevice::post called 58 times
D/hawaii.hwcomposer( 1385): FBDevice::post called 59 times
D/hawaii.hwcomposer( 1385): FBDevice::vsync called 60 times
I/dalvikvm( 1854): DexOpt: not resolving ambiguous class 'Landroid/webkit/CookieManager;'
I/dalvikvm( 1854): DexOpt: not resolving ambiguous class 'Landroid/webkit/CookieManager;'
I/dalvikvm( 1854): DexOpt: not resolving ambiguous class 'Landroid/webkit/WebView;'
I/dalvikvm( 1854): DexOpt: not resolving ambiguous class 'Landroid/webkit/WebView;'
D/hawaii.hwcomposer( 1385): FBDevice::post called 60 times
D/hawaii.hwcomposer( 1385): FBDevice::vsync called 60 times
I/dalvikvm( 1854): DexOpt: not resolving ambiguous class 'Landroid/webkit/JsResult;'
I/dalvikvm( 1854): DexOpt: not resolving ambiguous class 'Landroid/webkit/CookieManager;'
I/dalvikvm( 1854): DexOpt: not resolving ambiguous class 'Landroid/webkit/CacheManager;'
I/dalvikvm( 1854): DexOpt: not resolving ambiguous class 'Landroid/webkit/WebView$WebViewTransport;'
D/dalvikvm( 1854): DexOpt: not verifying/optimizing 'Landroid/app/IProcessObserver$Stub$Proxy;': multiple definitions
D/dalvikvm( 1854): DexOpt: not verifying/optimizing 'Landroid/app/IProcessObserver$Stub;': multiple definitions
D/dalvikvm( 1854): DexOpt: not verifying/optimizing 'Landroid/content/pm/IPackageDeleteObserver$Stub;': multiple definitions
D/dalvikvm( 1854): DexOpt: not verifying/optimizing 'Landroid/content/pm/IPackageInstallObserver$Stub;': multiple definitions
D/dalvikvm( 1854): DexOpt: not verifying/optimizing 'Landroid/webkit/JsPromptResult;': multiple definitions
D/hawaii.hwcomposer( 1385): FBDevice::post called 59 times
D/hawaii.hwcomposer( 1385): FBDevice::vsync called 59 times
D/hawaii.hwcomposer( 1385): FBDevice::post called 60 times
D/hawaii.hwcomposer( 1385): FBDevice::vsync called 60 times
I/dalvikvm( 1854): DexOpt: not resolving ambiguous class 'Landroid/webkit/WebView;'
I/dalvikvm( 1854): DexOpt: not resolving ambiguous class 'Landroid/webkit/CacheManager$CacheResult;'
I/dalvikvm( 1854): DexOpt: not resolving ambiguous class 'Landroid/webkit/ClientCertRequestHandler;'
I/dalvikvm( 1854): DexOpt: not resolving ambiguous class 'Landroid/webkit/CookieManager;'
I/dalvikvm( 1854): DexOpt: not resolving ambiguous class 'Landroid/webkit/JsResult;'
I/dalvikvm( 1854): DexOpt: not resolving ambiguous class 'Landroid/webkit/WebBackForwardListClient;'
I/dalvikvm( 1854): DexOpt: not resolving ambiguous class 'Landroid/webkit/WebHistoryItem;'
I/dalvikvm( 1854): DexOpt: not resolving ambiguous class 'Landroid/webkit/WebView$HitTestResult;'
I/dalvikvm( 1854): DexOpt: not resolving ambiguous class 'Landroid/webkit/WebView;'
I/dalvikvm( 1854): DexOpt: not resolving ambiguous class 'Landroid/webkit/WebView;'
I/dalvikvm( 1854): DexOpt: not resolving ambiguous class 'Landroid/content/pm/IPackageDeleteObserver$Stub;'
I/dalvikvm( 1854): DexOpt: not resolving ambiguous class 'Landroid/content/pm/IPackageInstallObserver$Stub;'
I/dalvikvm( 1854): DexOpt: not resolving ambiguous class 'Landroid/app/IProcessObserver$Stub;'
I/dalvikvm( 1854): DexOpt: not resolving ambiguous class 'Landroid/webkit/CookieManager;'
I/dalvikvm( 1854): DexOpt: not resolving ambiguous class 'Landroid/webkit/JsPromptResult;'
D/hawaii.hwcomposer( 1385): FBDevice::post called 60 times
D/hawaii.hwcomposer( 1385): FBDevice::vsync called 60 times
D/dalvikvm( 1854): DexOpt: load 1086ms, verify+opt 5872ms, 6289420 bytes
I/dalvikvm( 1741): DexOpt: mismatch dep signature for '/data/dalvik-cache/system@framework@framework2.jar@classes.dex'
D/hawaii.hwcomposer( 1385): FBDevice::post called 59 times
D/hawaii.hwcomposer( 1385): FBDevice::vsync called 59 times
D/hawaii.hwcomposer( 1385): FBDevice::post called 60 times
D/hawaii.hwcomposer( 1385): FBDevice::vsync called 60 times
D/hawaii.hwcomposer( 1385): FBDevice::vsync called 59 times
D/hawaii.hwcomposer( 1385): FBDevice::post called 60 times
D/hawaii.hwcomposer( 1385): FBDevice::post called 59 times
D/hawaii.hwcomposer( 1385): FBDevice::vsync called 60 times
D/dalvikvm( 1855): DexOpt: load 370ms, verify+opt 2644ms, 3386340 bytes
I/dalvikvm( 1741): DexOpt: mismatch dep signature for '/data/dalvik-cache/system@framework@framework2.jar@classes.dex'
D/dalvikvm( 1856): Note: class Landroid/app/ActivityManagerNative; has 157 unimplemented (abstract) methods
D/dalvikvm( 1856): DexOpt: load 91ms, verify+opt 274ms, 866716 bytes
I/dalvikvm( 1741): DexOpt: mismatch dep signature for '/data/dalvik-cache/system@framework@framework2.jar@classes.dex'
D/hawaii.hwcomposer( 1385): FBDevice::post called 60 times
D/hawaii.hwcomposer( 1385): FBDevice::vsync called 60 times
D/dalvikvm( 1857): DexOpt: load 110ms, verify+opt 305ms, 905804 bytes
I/dalvikvm( 1741): DexOpt: mismatch dep signature for '/data/dalvik-cache/system@framework@framework2.jar@classes.dex'
D/hawaii.hwcomposer( 1385): FBDevice::vsync called 59 times
D/hawaii.hwcomposer( 1385): FBDevice::post called 60 times
D/dalvikvm( 1858): DexOpt: load 75ms, verify+opt 347ms, 868108 bytes
I/dalvikvm( 1741): DexOpt: mismatch dep signature for '/data/dalvik-cache/system@framework@framework2.jar@classes.dex'
D/hawaii.hwcomposer( 1385): FBDevice::post called 59 times
D/hawaii.hwcomposer( 1385): FBDevice::vsync called 60 times
D/hawaii.hwcomposer( 1385): FBDevice::post called 60 times
D/hawaii.hwcomposer( 1385): FBDevice::vsync called 60 times
D/dalvikvm( 1859): DexOpt: load 207ms, verify+opt 1543ms, 2377836 bytes
I/dalvikvm( 1741): DexOpt: mismatch dep signature for '/data/dalvik-cache/system@framework@framework2.jar@classes.dex'
D/dalvikvm( 1860): DexOpt: 'Landroid/app/IProcessObserver;' has an earlier definition; blocking out
D/dalvikvm( 1860): DexOpt: 'Landroid/app/IProcessObserver$Stub$Proxy;' has an earlier definition; blocking out
D/dalvikvm( 1860): DexOpt: 'Landroid/app/IProcessObserver$Stub;' has an earlier definition; blocking out
D/dalvikvm( 1860): DexOpt: 'Landroid/content/pm/IPackageDeleteObserver;' has an earlier definition; blocking out
D/dalvikvm( 1860): DexOpt: 'Landroid/content/pm/IPackageDeleteObserver$Stub;' has an earlier definition; blocking out
D/dalvikvm( 1860): DexOpt: 'Landroid/content/pm/IPackageInstallObserver;' has an earlier definition; blocking out
D/dalvikvm( 1860): DexOpt: 'Landroid/content/pm/IPackageInstallObserver$Stub;' has an earlier definition; blocking out
D/hawaii.hwcomposer( 1385): FBDevice::post called 59 times
D/hawaii.hwcomposer( 1385): FBDevice::vsync called 59 times
D/dalvikvm( 1860): DexOpt: not verifying/optimizing 'Landroid/app/IProcessObserver;': multiple definitions
D/dalvikvm( 1860): DexOpt: not verifying/optimizing 'Landroid/app/IProcessObserver$Stub$Proxy;': multiple definitions
D/dalvikvm( 1860): DexOpt: not verifying/optimizing 'Landroid/app/IProcessObserver$Stub;': multiple definitions
D/dalvikvm( 1860): DexOpt: not verifying/optimizing 'Landroid/content/pm/IPackageDeleteObserver;': multiple definitions
D/dalvikvm( 1860): DexOpt: not verifying/optimizing 'Landroid/content/pm/IPackageDeleteObserver$Stub;': multiple definitions
D/dalvikvm( 1860): DexOpt: not verifying/optimizing 'Landroid/content/pm/IPackageInstallObserver;': multiple definitions
D/dalvikvm( 1860): DexOpt: not verifying/optimizing 'Landroid/content/pm/IPackageInstallObserver$Stub;': multiple definitions
I/dalvikvm( 1860): DexOpt: not resolving ambiguous class 'Landroid/content/pm/IPackageInstallObserver$Stub;'
I/dalvikvm( 1860): DexOpt: not resolving ambiguous class 'Landroid/content/pm/IPackageDeleteObserver$Stub;'
I/dalvikvm( 1860): DexOpt: not resolving ambiguous class 'Landroid/content/pm/IPackageInstallObserver;'
I/dalvikvm( 1860): DexOpt: not resolving ambiguous class 'Landroid/app/IProcessObserver$Stub;'
I/dalvikvm( 1860): DexOpt: not resolving ambiguous class 'Landroid/app/IProcessObserver;'
D/hawaii.hwcomposer( 1385): FBDevice::post called 60 times
D/hawaii.hwcomposer( 1385): FBDevice::vsync called 60 times
D/hawaii.hwcomposer( 1385): FBDevice::vsync called 59 times
D/hawaii.hwcomposer( 1385): FBDevice::post called 60 times
D/dalvikvm( 1860): DexOpt: load 396ms, verify+opt 2369ms, 2776052 bytes
I/dalvikvm( 1741): DexOpt: mismatch dep signature for '/data/dalvik-cache/system@framework@framework2.jar@classes.dex'
D/hawaii.hwcomposer( 1385): FBDevice::post called 59 times
D/dalvikvm( 1861): DexOpt: 'Landroid/animation/Animator$AnimatorListener;' has an earlier definition; blocking out
D/dalvikvm( 1861): DexOpt: 'Landroid/animation/TimeInterpolator;' has an earlier definition; blocking out
D/dalvikvm( 1861): DexOpt: 'Landroid/animation/Animator;' has an earlier definition; blocking out
D/dalvikvm( 1861): DexOpt: 'Landroid/view/ActionMode$Callback;' has an earlier definition; blocking out
D/dalvikvm( 1861): DexOpt: 'Landroid/view/ActionMode;' has an earlier definition; blocking out
D/dalvikvm( 1861): DexOpt: 'Landroid/app/TaskStackBuilder;' has an earlier definition; blocking out
D/dalvikvm( 1861): DexOpt: 'Landroid/app/LoaderManager;' has an earlier definition; blocking out
D/dalvikvm( 1861): DexOpt: 'Landroid/app/LoaderManager$LoaderCallbacks;' has an earlier definition; blocking out
D/hawaii.hwcomposer( 1385): FBDevice::vsync called 60 times
D/dalvikvm( 1861): DexOpt: 'Landroid/app/Fragment;' has an earlier definition; blocking out
D/dalvikvm( 1861): DexOpt: 'Landroid/content/pm/IPackageInstallObserver;' has an earlier definition; blocking out
D/dalvikvm( 1861): DexOpt: 'Landroid/content/pm/IPackageInstallObserver$Stub;' has an earlier definition; blocking out
D/dalvikvm( 1861): DexOpt: 'Landroid/content/pm/IPackageDeleteObserver;' has an earlier definition; blocking out
D/dalvikvm( 1861): DexOpt: 'Landroid/content/pm/IPackageDeleteObserver$Stub;' has an earlier definition; blocking out
D/dalvikvm( 1861): DexOpt: 'Landroid/preference/PreferenceFragment;' has an earlier definition; blocking out
D/dalvikvm( 1861): DexOpt: 'Landroid/preference/PreferenceActivity$Header$1;' has an earlier definition; blocking out
D/dalvikvm( 1861): DexOpt: 'Landroid/preference/PreferenceFragment$OnPreferenceStartFragmentCallback;' has an earlier definition; blocking out
D/dalvikvm( 1861): DexOpt: 'Landroid/preference/PreferenceActivity$Header;' has an earlier definition; blocking out
D/dalvikvm( 1861): DexOpt: 'Landroid/preference/PreferenceActivity;' has an earlier definition; blocking out
D/dalvikvm( 1861): DexOpt: not verifying/optimizing 'Landroid/animation/Animator$AnimatorListener;': multiple definitions
D/dalvikvm( 1861): DexOpt: not verifying/optimizing 'Landroid/animation/TimeInterpolator;': multiple definitions
D/dalvikvm( 1861): DexOpt: not verifying/optimizing 'Landroid/animation/Animator;': multiple definitions
D/dalvikvm( 1861): DexOpt: not verifying/optimizing 'Landroid/view/ActionMode$Callback;': multiple definitions
D/dalvikvm( 1861): DexOpt: not verifying/optimizing 'Landroid/view/ActionMode;': multiple definitions
D/dalvikvm( 1861): DexOpt: not verifying/optimizing 'Landroid/app/TaskStackBuilder;': multiple definitions
D/dalvikvm( 1861): DexOpt: not verifying/optimizing 'Landroid/app/LoaderManager;': multiple definitions
D/dalvikvm( 1861): DexOpt: not verifying/optimizing 'Landroid/app/LoaderManager$LoaderCallbacks;': multiple definitions
D/dalvikvm( 1861): DexOpt: not verifying/optimizing 'Landroid/app/Fragment;': multiple definitions
D/dalvikvm( 1861): DexOpt: not verifying/optimizing 'Landroid/content/pm/IPackageInstallObserver;': multiple definitions
D/dalvikvm( 1861): DexOpt: not verifying/optimizing 'Landroid/content/pm/IPackageInstallObserver$Stub;': multiple definitions
D/dalvikvm( 1861): DexOpt: not verifying/optimizing 'Landroid/content/pm/IPackageDeleteObserver;': multiple definitions
D/dalvikvm( 1861): DexOpt: not verifying/optimizing 'Landroid/content/pm/IPackageDeleteObserver$Stub;': multiple definitions
D/dalvikvm( 1861): DexOpt: not verifying/optimizing 'Landroid/preference/PreferenceFragment;': multiple definitions
D/dalvikvm( 1861): DexOpt: not verifying/optimizing 'Landroid/preference/PreferenceActivity$Header$1;': multiple definitions
D/dalvikvm( 1861): DexOpt: not verifying/optimizing 'Landroid/preference/PreferenceFragment$OnPreferenceStartFragmentCallback;': multiple definitions
D/dalvikvm( 1861): DexOpt: not verifying/optimizing 'Landroid/preference/PreferenceActivity$Header;': multiple definitions
D/dalvikvm( 1861): DexOpt: not verifying/optimizing 'Landroid/preference/PreferenceActivity;': multiple definitions
D/hawaii.hwcomposer( 1385): FBDevice::post called 60 times
D/hawaii.hwcomposer( 1385): FBDevice::vsync called 60 times
I/dalvikvm( 1861): DexOpt: not resolving ambiguous class 'Landroid/preference/PreferenceActivity;'
D/dalvikvm( 1861): DexOpt: load 200ms, verify+opt 1361ms, 1917300 bytes
I/dalvikvm( 1741): DexOpt: mismatch dep signature for '/data/dalvik-cache/system@framework@framework2.jar@classes.dex'
D/hawaii.hwcomposer( 1385): FBDevice::vsync called 59 times
D/hawaii.hwcomposer( 1385): FBDevice::post called 59 times
D/dalvikvm( 1862): DexOpt: 'Lorg/apache/commons/codec/DecoderException;' has an earlier definition; blocking out
D/dalvikvm( 1862): DexOpt: not verifying/optimizing 'Lorg/apache/commons/codec/DecoderException;': multiple definitions
I/dalvikvm( 1862): DexOpt: not resolving ambiguous class 'Lorg/apache/commons/codec/DecoderException;'
I/dalvikvm( 1862): DexOpt: not resolving ambiguous class 'Lorg/apache/commons/codec/DecoderException;'
I/dalvikvm( 1862): DexOpt: not resolving ambiguous class 'Lorg/apache/commons/codec/DecoderException;'
I/dalvikvm( 1862): DexOpt: not resolving ambiguous class 'Lorg/apache/commons/codec/DecoderException;'
D/hawaii.hwcomposer( 1385): FBDevice::post called 59 times
D/hawaii.hwcomposer( 1385): FBDevice::vsync called 60 times
D/hawaii.hwcomposer( 1385): FBDevice::post called 60 times
D/hawaii.hwcomposer( 1385): FBDevice::vsync called 60 times
D/dalvikvm( 1862): DexOpt: load 314ms, verify+opt 2488ms, 2748188 bytes
D/hawaii.hwcomposer( 1385): FBDevice::post called 59 times
D/hawaii.hwcomposer( 1385): FBDevice::vsync called 59 times
I/dalvikvm( 1741): DexOpt: mismatch dep signature for '/data/dalvik-cache/system@framework@framework2.jar@classes.dex'
D/dalvikvm( 1863): DexOpt: load 18ms, verify+opt 133ms, 419244 bytes
I/dalvikvm( 1741): DexOpt: mismatch dep signature for '/data/dalvik-cache/system@framework@framework2.jar@classes.dex'
D/dalvikvm( 1864): DexOpt: load 93ms, verify+opt 56ms, 485372 bytes
I/dalvikvm( 1741): DexOpt: mismatch dep signature for '/data/dalvik-cache/system@framework@framework2.jar@classes.dex'
D/dalvikvm( 1865): DexOpt: load 14ms, verify+opt 34ms, 178004 bytes
I/dalvikvm( 1741): DexOpt: mismatch dep signature for '/data/dalvik-cache/system@framework@framework2.jar@classes.dex'
D/hawaii.hwcomposer( 1385): FBDevice::post called 60 times
D/hawaii.hwcomposer( 1385): FBDevice::vsync called 60 times
D/dalvikvm( 1866): DexOpt: 'Landroid/content/pm/IPackageInstallObserver;' has an earlier definition; blocking out
D/dalvikvm( 1866): DexOpt: 'Landroid/content/pm/IPackageInstallObserver$Stub;' has an earlier definition; blocking out
D/dalvikvm( 1866): DexOpt: 'Landroid/content/pm/IPackageDeleteObserver;' has an earlier definition; blocking out
D/dalvikvm( 1866): DexOpt: 'Landroid/content/pm/IPackageInstallObserver$Stub$Proxy;' has an earlier definition; blocking out
D/dalvikvm( 1866): DexOpt: 'Landroid/content/pm/IPackageDeleteObserver$Stub;' has an earlier definition; blocking out
D/dalvikvm( 1866): DexOpt: 'Landroid/content/pm/IPackageDeleteObserver$Stub$Proxy;' has an earlier definition; blocking out
D/dalvikvm( 1866): DexOpt: not verifying/optimizing 'Landroid/content/pm/IPackageInstallObserver;': multiple definitions
D/dalvikvm( 1866): DexOpt: not verifying/optimizing 'Landroid/content/pm/IPackageInstallObserver$Stub;': multiple definitions
D/dalvikvm( 1866): DexOpt: not verifying/optimizing 'Landroid/content/pm/IPackageDeleteObserver;': multiple definitions
D/dalvikvm( 1866): DexOpt: not verifying/optimizing 'Landroid/content/pm/IPackageInstallObserver$Stub$Proxy;': multiple definitions
D/dalvikvm( 1866): DexOpt: not verifying/optimizing 'Landroid/content/pm/IPackageDeleteObserver$Stub;': multiple definitions
D/dalvikvm( 1866): DexOpt: not verifying/optimizing 'Landroid/content/pm/IPackageDeleteObserver$Stub$Proxy;': multiple definitions
I/dalvikvm( 1866): DexOpt: not resolving ambiguous class 'Landroid/content/pm/IPackageDeleteObserver$Stub;'
D/hawaii.hwcomposer( 1385): FBDevice::post called 60 times
D/hawaii.hwcomposer( 1385): FBDevice::vsync called 60 times
D/BatteryService( 1741): update start
D/BatteryService( 1741): level:100 scale:100 status:5 health:2 present:true voltage: 4331 temperature: 242 technology: Li-ion AC powered:false USB powered:true icon:17303345 invalid charger:0 online:0 charge type:0 current avg:0
D/dalvikvm( 1866): DexOpt: load 214ms, verify+opt 1291ms, 1963252 bytes
I/dalvikvm( 1741): DexOpt: mismatch dep signature for '/data/dalvik-cache/system@framework@framework2.jar@classes.dex'
D/hawaii.hwcomposer( 1385): FBDevice::post called 59 times
D/hawaii.hwcomposer( 1385): FBDevice::vsync called 59 times
D/dalvikvm( 1868): Note: class Landroid/app/ActivityManagerNative; has 157 unimplemented (abstract) methods
D/dalvikvm( 1868): DexOpt: load 83ms, verify+opt 233ms, 757988 bytes
I/dalvikvm( 1741): DexOpt: mismatch dep signature for '/data/dalvik-cache/system@framework@framework2.jar@classes.dex'
D/dalvikvm( 1869): DexOpt: load 23ms, verify+opt 260ms, 672252 bytes
I/dalvikvm( 1741): DexOpt: mismatch dep signature for '/data/dalvik-cache/system@framework@framework2.jar@classes.dex'
D/hawaii.hwcomposer( 1385): FBDevice::post called 60 times
D/hawaii.hwcomposer( 1385): FBDevice::vsync called 60 times
D/dalvikvm( 1870): DexOpt: load 99ms, verify+opt 548ms, 1215540 bytes
I/dalvikvm( 1741): DexOpt: mismatch dep signature for '/data/dalvik-cache/system@framework@framework2.jar@classes.dex'
D/hawaii.hwcomposer( 1385): FBDevice::vsync called 59 times
D/hawaii.hwcomposer( 1385): FBDevice::post called 60 times
D/dalvikvm( 1871): DexOpt: load 164ms, verify+opt 592ms, 1300388 bytes
I/dalvikvm( 1741): DexOpt: mismatch dep signature for '/data/dalvik-cache/system@framework@framework2.jar@classes.dex'
D/dalvikvm( 1872): DexOpt: load 20ms, verify+opt 187ms, 560228 bytes
I/dalvikvm( 1741): DexOpt: mismatch dep signature for '/data/dalvik-cache/system@framework@framework2.jar@classes.dex'
D/hawaii.hwcomposer( 1385): FBDevice::post called 59 times
D/hawaii.hwcomposer( 1385): FBDevice::vsync called 60 times
D/dalvikvm( 1873): DexOpt: 'Lorg/kxml2/io/KXmlParser;' has an earlier definition; blocking out
D/dalvikvm( 1873): DexOpt: not verifying/optimizing 'Lorg/kxml2/io/KXmlParser;': multiple definitions
I/dalvikvm( 1873): DexOpt: not resolving ambiguous class 'Lorg/kxml2/io/KXmlParser;'
D/hawaii.hwcomposer( 1385): FBDevice::post called 60 times
D/hawaii.hwcomposer( 1385): FBDevice::vsync called 60 times
I/dalvikvm( 1873): DexOpt: not resolving ambiguous class 'Lorg/kxml2/io/KXmlParser;'
D/dalvikvm( 1873): DexOpt: load 132ms, verify+opt 1423ms, 1743572 bytes
I/dalvikvm( 1741): DexOpt: mismatch dep signature for '/data/dalvik-cache/system@framework@framework2.jar@classes.dex'
D/hawaii.hwcomposer( 1385): FBDevice::vsync called 59 times
D/hawaii.hwcomposer( 1385): FBDevice::post called 60 times
D/hawaii.hwcomposer( 1385): FBDevice::post called 59 times
D/hawaii.hwcomposer( 1385): FBDevice::vsync called 60 times
D/dalvikvm( 1874): DexOpt: load 162ms, verify+opt 1311ms, 2147996 bytes
I/dalvikvm( 1741): DexOpt: mismatch dep signature for '/data/dalvik-cache/system@framework@framework2.jar@classes.dex'
D/hawaii.hwcomposer( 1385): FBDevice::post called 60 times
D/hawaii.hwcomposer( 1385): FBDevice::vsync called 60 times
D/dalvikvm( 1875): DexOpt: 'Landroid/app/IActivityManager;' has an earlier definition; blocking out
D/dalvikvm( 1875): Note: class Landroid/app/ActivityManagerNative; has 157 unimplemented (abstract) methods
D/dalvikvm( 1875): DexOpt: 'Landroid/app/ActivityManagerNative;' has an earlier definition; blocking out
D/dalvikvm( 1875): DexOpt: 'Landroid/os/Build$VERSION;' has an earlier definition; blocking out
D/dalvikvm( 1875): DexOpt: 'Landroid/os/Build$VERSION_CODES;' has an earlier definition; blocking out
D/dalvikvm( 1875): DexOpt: 'Landroid/os/FileUtils;' has an earlier definition; blocking out
D/dalvikvm( 1875): DexOpt: 'Landroid/os/Build;' has an earlier definition; blocking out
D/dalvikvm( 1875): DexOpt: 'Landroid/os/ServiceManager;' has an earlier definition; blocking out
D/dalvikvm( 1875): DexOpt: 'Landroid/os/SystemProperties;' has an earlier definition; blocking out
D/dalvikvm( 1875): DexOpt: 'Landroid/content/pm/IPackageDataObserver;' has an earlier definition; blocking out
D/dalvikvm( 1875): DexOpt: 'Landroid/content/pm/IPackageDataObserver$Stub;' has an earlier definition; blocking out
D/dalvikvm( 1875): DexOpt: 'Landroid/content/pm/IPackageInstallObserver;' has an earlier definition; blocking out
D/dalvikvm( 1875): DexOpt: 'Landroid/content/pm/IPackageInstallObserver$Stub;' has an earlier definition; blocking out
